Component: ARM Compiler 5.06 update 4 (build 422) Tool: armlink [4d35d2]

==============================================================================

Section Cross References

    startup_stm32f10x_md.o(RESET) refers to startup_stm32f10x_md.o(STACK) for __initial_sp
    startup_stm32f10x_md.o(RESET) refers to startup_stm32f10x_md.o(.text) for Reset_Handler
    startup_stm32f10x_md.o(RESET) refers to stm32f10x_it.o(i.NMI_Handler) for NMI_Handler
    startup_stm32f10x_md.o(RESET) refers to context_rvds.o(.text) for HardFault_Handler
    startup_stm32f10x_md.o(RESET) refers to stm32f10x_it.o(i.MemManage_Handler) for MemManage_Handler
    startup_stm32f10x_md.o(RESET) refers to stm32f10x_it.o(i.BusFault_Handler) for BusFault_Handler
    startup_stm32f10x_md.o(RESET) refers to stm32f10x_it.o(i.UsageFault_Handler) for UsageFault_Handler
    startup_stm32f10x_md.o(RESET) refers to stm32f10x_it.o(i.SVC_Handler) for SVC_Handler
    startup_stm32f10x_md.o(RESET) refers to stm32f10x_it.o(i.DebugMon_Handler) for DebugMon_Handler
    startup_stm32f10x_md.o(RESET) refers to board.o(i.SysTick_Handler) for SysTick_Handler
    startup_stm32f10x_md.o(RESET) refers to stm32f10x_it.o(i.RTC_IRQHandler) for RTC_IRQHandler
    startup_stm32f10x_md.o(RESET) refers to drv_uart.o(i.USART1_IRQHandler) for USART1_IRQHandler
    startup_stm32f10x_md.o(RESET) refers to drv_uart.o(i.USART2_IRQHandler) for USART2_IRQHandler
    startup_stm32f10x_md.o(RESET) refers to drv_uart.o(i.USART3_IRQHandler) for USART3_IRQHandler
    startup_stm32f10x_md.o(.text) refers to system_stm32f10x.o(i.SystemInit) for SystemInit
    startup_stm32f10x_md.o(.text) refers to entry.o(.ARM.Collect$$$$00000000) for __main
    stm32f10x_it.o(i.RTC_IRQHandler) refers to stm32f10x_rtc.o(i.RTC_GetITStatus) for RTC_GetITStatus
    stm32f10x_it.o(i.RTC_IRQHandler) refers to stm32f10x_rtc.o(i.RTC_ClearITPendingBit) for RTC_ClearITPendingBit
    system_stm32f10x.o(i.HSI_Config) refers to stm32f10x_rcc.o(i.RCC_DeInit) for RCC_DeInit
    system_stm32f10x.o(i.HSI_Config) refers to stm32f10x_rcc.o(i.RCC_HSICmd) for RCC_HSICmd
    system_stm32f10x.o(i.HSI_Config) refers to stm32f10x_rcc.o(i.RCC_GetFlagStatus) for RCC_GetFlagStatus
    system_stm32f10x.o(i.HSI_Config) refers to stm32f10x_rcc.o(i.RCC_HCLKConfig) for RCC_HCLKConfig
    system_stm32f10x.o(i.HSI_Config) refers to stm32f10x_rcc.o(i.RCC_PCLK2Config) for RCC_PCLK2Config
    system_stm32f10x.o(i.HSI_Config) refers to stm32f10x_rcc.o(i.RCC_PCLK1Config) for RCC_PCLK1Config
    system_stm32f10x.o(i.HSI_Config) refers to stm32f10x_flash.o(i.FLASH_SetLatency) for FLASH_SetLatency
    system_stm32f10x.o(i.HSI_Config) refers to stm32f10x_flash.o(i.FLASH_PrefetchBufferCmd) for FLASH_PrefetchBufferCmd
    system_stm32f10x.o(i.HSI_Config) refers to stm32f10x_rcc.o(i.RCC_PLLConfig) for RCC_PLLConfig
    system_stm32f10x.o(i.HSI_Config) refers to stm32f10x_rcc.o(i.RCC_PLLCmd) for RCC_PLLCmd
    system_stm32f10x.o(i.HSI_Config) refers to stm32f10x_rcc.o(i.RCC_SYSCLKConfig) for RCC_SYSCLKConfig
    system_stm32f10x.o(i.HSI_Config) refers to stm32f10x_rcc.o(i.RCC_GetSYSCLKSource) for RCC_GetSYSCLKSource
    system_stm32f10x.o(i.HSI_Config) refers to stm32f10x_rcc.o(i.RCC_APB2PeriphClockCmd) for RCC_APB2PeriphClockCmd
    system_stm32f10x.o(i.HSI_Config) refers to stm32f10x_gpio.o(i.GPIO_PinRemapConfig) for GPIO_PinRemapConfig
    system_stm32f10x.o(i.HSI_Config) refers to stm32f10x_gpio.o(i.GPIO_Init) for GPIO_Init
    system_stm32f10x.o(i.HSI_Config) refers to stm32f10x_gpio.o(i.GPIO_ResetBits) for GPIO_ResetBits
    system_stm32f10x.o(i.SetSysClock) refers to system_stm32f10x.o(i.SetSysClockTo72) for SetSysClockTo72
    system_stm32f10x.o(i.SystemCoreClockUpdate) refers to system_stm32f10x.o(.data) for SystemCoreClock
    system_stm32f10x.o(i.SystemInit) refers to system_stm32f10x.o(i.HSI_Config) for HSI_Config
    main.o(i.main) refers to printfa.o(i.__0printf) for __2printf
    main.o(i.main) refers to user_app.o(i.APP_Init) for APP_Init
    main.o(i.main) refers to drv_common.o(i.drv_wdog_feed) for drv_wdog_feed
    main.o(i.main) refers to drv_common.o(i.drv_get_sec_counter) for drv_get_sec_counter
    main.o(i.main) refers to drv_common.o(i.delay_os) for delay_os
    user_app.o(i.APP_Init) refers to thread.o(i.rt_thread_create) for rt_thread_create
    user_app.o(i.APP_Init) refers to thread.o(i.rt_thread_startup) for rt_thread_startup
    user_app.o(i.APP_Init) refers to user_app.o(i.app_uart_thread_entry) for app_uart_thread_entry
    user_app.o(i.APP_Init) refers to app_ap01.o(i.app_ap01_thread_entry) for app_ap01_thread_entry
    user_app.o(i.app_uart_send) refers to drv_uart.o(i.UART2_Send) for UART2_Send
    user_app.o(i.app_uart_thread_entry) refers to drv_common.o(i.delay_ms) for delay_ms
    user_app.o(i.app_uart_thread_entry) refers to printfa.o(i.__0printf) for __2printf
    user_app.o(i.app_uart_thread_entry) refers to strstr.o(.text) for strstr
[...]
    _printf_llx                              0x00000000   Number         0  stubs.o ABSOLUTE
    _printf_longlong_dec                     0x00000000   Number         0  stubs.o ABSOLUTE
    _printf_longlong_hex                     0x00000000   Number         0  stubs.o ABSOLUTE
    _printf_longlong_oct                     0x00000000   Number         0  stubs.o ABSOLUTE
    _printf_ls                               0x00000000   Number         0  stubs.o ABSOLUTE
    _printf_mbtowc                           0x00000000   Number         0  stubs.o ABSOLUTE
    _printf_n                                0x00000000   Number         0  stubs.o ABSOLUTE
    _printf_o                                0x00000000   Number         0  stubs.o ABSOLUTE
    _printf_p                                0x00000000   Number         0  stubs.o ABSOLUTE
    _printf_percent                          0x00000000   Number         0  stubs.o ABSOLUTE
    _printf_pre_padding                      0x00000000   Number         0  stubs.o ABSOLUTE
    _printf_return_value                     0x00000000   Number         0  stubs.o ABSOLUTE
    _printf_s                                0x00000000   Number         0  stubs.o ABSOLUTE
    _printf_sizespec                         0x00000000   Number         0  stubs.o ABSOLUTE
    _printf_str                              0x00000000   Number         0  stubs.o ABSOLUTE
    _printf_truncate_signed                  0x00000000   Number         0  stubs.o ABSOLUTE
    _printf_truncate_unsigned                0x00000000   Number         0  stubs.o ABSOLUTE
    _printf_u                                0x00000000   Number         0  stubs.o ABSOLUTE
    _printf_wc                               0x00000000   Number         0  stubs.o ABSOLUTE
    _printf_wctomb                           0x00000000   Number         0  stubs.o ABSOLUTE
    _printf_widthprec                        0x00000000   Number         0  stubs.o ABSOLUTE
    _printf_x                                0x00000000   Number         0  stubs.o ABSOLUTE
    __cpp_initialize__aeabi_                  - Undefined Weak Reference
    __cxa_finalize                            - Undefined Weak Reference
    _clock_init                               - Undefined Weak Reference
    _microlib_exit                            - Undefined Weak Reference
    __Vectors_Size                           0x000000ec   Number         0  startup_stm32f10x_md.o ABSOLUTE
    __Vectors                                0x08000000   Data           4  startup_stm32f10x_md.o(RESET)
    __Vectors_End                            0x080000ec   Data           0  startup_stm32f10x_md.o(RESET)
    __main                                   0x080000ed   Thumb Code     0  entry.o(.ARM.Collect$$$$00000000)
    _main_stk                                0x080000ed   Thumb Code     0  entry2.o(.ARM.Collect$$$$00000001)
    _main_scatterload                        0x080000f1   Thumb Code     0  entry5.o(.ARM.Collect$$$$00000004)
    __main_after_scatterload                 0x080000f5   Thumb Code     0  entry5.o(.ARM.Collect$$$$00000004)
    _main_clock                              0x080000f5   Thumb Code     0  entry7b.o(.ARM.Collect$$$$00000008)
    _main_cpp_init                           0x080000f5   Thumb Code     0  entry8b.o(.ARM.Collect$$$$0000000A)
    _main_init                               0x080000f5   Thumb Code     0  entry9a.o(.ARM.Collect$$$$0000000B)
    __rt_final_cpp                           0x080000fd   Thumb Code     0  entry10a.o(.ARM.Collect$$$$0000000D)
    __rt_final_exit                          0x080000fd   Thumb Code     0  entry11a.o(.ARM.Collect$$$$0000000F)
    Reset_Handler                            0x08000101   Thumb Code     8  startup_stm32f10x_md.o(.text)
    ADC1_2_IRQHandler                        0x0800011b   Thumb Code     0  startup_stm32f10x_md.o(.text)
    CAN1_RX1_IRQHandler                      0x0800011b   Thumb Code     0  startup_stm32f10x_md.o(.text)
    CAN1_SCE_IRQHandler                      0x0800011b   Thumb Code     0  startup_stm32f10x_md.o(.text)
    DMA1_Channel1_IRQHandler                 0x0800011b   Thumb Code     0  startup_stm32f10x_md.o(.text)
    DMA1_Channel2_IRQHandler                 0x0800011b   Thumb Code     0  startup_stm32f10x_md.o(.text)
    DMA1_Channel3_IRQHandler                 0x0800011b   Thumb Code     0  startup_stm32f10x_md.o(.text)
    DMA1_Channel4_IRQHandler                 0x0800011b   Thumb Code     0  startup_stm32f10x_md.o(.text)
    DMA1_Channel5_IRQHandler                 0x0800011b   Thumb Code     0  startup_stm32f10x_md.o(.text)
    DMA1_Channel6_IRQHandler                 0x0800011b   Thumb Code     0  startup_stm32f10x_md.o(.text)
    DMA1_Channel7_IRQHandler                 0x0800011b   Thumb Code     0  startup_stm32f10x_md.o(.text)
    EXTI0_IRQHandler                         0x0800011b   Thumb Code     0  startup_stm32f10x_md.o(.text)
    EXTI15_10_IRQHandler                     0x0800011b   Thumb Code     0  startup_stm32f10x_md.o(.text)
    EXTI1_IRQHandler                         0x0800011b   Thumb Code     0  startup_stm32f10x_md.o(.text)
    EXTI2_IRQHandler                         0x0800011b   Thumb Code     0  startup_stm32f10x_md.o(.text)
    EXTI3_IRQHandler                         0x0800011b   Thumb Code     0  startup_stm32f10x_md.o(.text)
    EXTI4_IRQHandler                         0x0800011b   Thumb Code     0  startup_stm32f10x_md.o(.text)
    EXTI9_5_IRQHandler                       0x0800011b   Thumb Code     0  startup_stm32f10x_md.o(.text)
    FLASH_IRQHandler                         0x0800011b   Thumb Code     0  startup_stm32f10x_md.o(.text)
    I2C1_ER_IRQHandler                       0x0800011b   Thumb Code     0  startup_stm32f10x_md.o(.text)
    I2C1_EV_IRQHandler                       0x0800011b   Thumb Code     0  startup_stm32f10x_md.o(.text)
    I2C2_ER_IRQHandler                       0x0800011b   Thumb Code     0  startup_stm32f10x_md.o(.text)
    I2C2_EV_IRQHandler                       0x0800011b   Thumb Code     0  startup_stm32f10x_md.o(.text)
    PVD_IRQHandler                           0x0800011b   Thumb Code     0  startup_stm32f10x_md.o(.text)
    RCC_IRQHandler                           0x0800011b   Thumb Code     0  startup_stm32f10x_md.o(.text)
    RTCAlarm_IRQHandler                      0x0800011b   Thumb Code     0  startup_stm32f10x_md.o(.text)
    SPI1_IRQHandler                          0x0800011b   Thumb Code     0  startup_stm32f10x_md.o(.text)
    SPI2_IRQHandler                          0x0800011b   Thumb Code     0  startup_stm32f10x_md.o(.text)
    TAMPER_IRQHandler                        0x0800011b   Thumb Code     0  startup_stm32f10x_md.o(.text)
    TIM1_BRK_IRQHandler                      0x0800011b   Thumb Code     0  startup_stm32f10x_md.o(.text)
    TIM1_CC_IRQHandler                       0x0800011b   Thumb Code     0  startup_stm32f10x_md.o(.text)
    TIM1_TRG_COM_IRQHandler                  0x0800011b   Thumb Code     0  startup_stm32f10x_md.o(.text)
    TIM1_UP_IRQHandler                       0x0800011b   Thumb Code     0  startup_stm32f10x_md.o(.text)
    TIM2_IRQHandler                          0x0800011b   Thumb Code     0  startup_stm32f10x_md.o(.text)
    TIM3_IRQHandler                          0x0800011b   Thumb Code     0  startup_stm32f10x_md.o(.text)
    TIM4_IRQHandler                          0x0800011b   Thumb Code     0  startup_stm32f10x_md.o(.text)
    USBWakeUp_IRQHandler                     0x0800011b   Thumb Code     0  startup_stm32f10x_md.o(.text)
    USB_HP_CAN1_TX_IRQHandler                0x0800011b   Thumb Code     0  startup_stm32f10x_md.o(.text)
    USB_LP_CAN1_RX0_IRQHandler               0x0800011b   Thumb Code     0  startup_stm32f10x_md.o(.text)
    WWDG_IRQHandler                          0x0800011b   Thumb Code     0  startup_stm32f10x_md.o(.text)
    rt_hw_interrupt_disable                  0x08000125   Thumb Code     8  context_rvds.o(.text)
    rt_hw_interrupt_enable                   0x0800012d   Thumb Code     6  context_rvds.o(.text)
    rt_hw_context_switch                     0x08000133   Thumb Code    32  context_rvds.o(.text)
    rt_hw_context_switch_interrupt           0x08000133   Thumb Code     0  context_rvds.o(.text)
    PendSV_Handler                           0x08000153   Thumb Code    60  context_rvds.o(.text)
    rt_hw_context_switch_to                  0x0800018f   Thumb Code    58  context_rvds.o(.text)
    rt_hw_interrupt_thread_switch            0x080001c9   Thumb Code     2  context_rvds.o(.text)
    HardFault_Handler                        0x080001cb   Thumb Code    48  context_rvds.o(.text)
    __aeabi_memcpy                           0x08000215   Thumb Code    36  memcpya.o(.text)
    __aeabi_memcpy4                          0x08000215   Thumb Code     0  memcpya.o(.text)
    __aeabi_memcpy8                          0x08000215   Thumb Code     0  memcpya.o(.text)
    __aeabi_memset                           0x08000239   Thumb Code    14  memseta.o(.text)
    __aeabi_memset4                          0x08000239   Thumb Code     0  memseta.o(.text)
    __aeabi_memset8                          0x08000239   Thumb Code     0  memseta.o(.text)
    __aeabi_memclr                           0x08000247   Thumb Code     4  memseta.o(.text)
    __aeabi_memclr4                          0x08000247   Thumb Code     0  memseta.o(.text)
    __aeabi_memclr8                          0x08000247   Thumb Code     0  memseta.o(.text)
    _memset$wrapper                          0x0800024b   Thumb Code    18  memseta.o(.text)
    strstr                                   0x0800025d   Thumb Code    36  strstr.o(.text)
    strlen                                   0x08000281   Thumb Code    14  strlen.o(.text)
    memcmp                                   0x0800028f   Thumb Code    26  memcmp.o(.text)
    strcpy                                   0x080002a9   Thumb Code    18  strcpy.o(.text)
    atoi                                     0x080002bb   Thumb Code    26  atoi.o(.text)
    __aeabi_fadd                             0x080002d5   Thumb Code   164  fadd.o(.text)
    __aeabi_fsub                             0x08000379   Thumb Code     6  fadd.o(.text)
    __aeabi_frsub                            0x0800037f   Thumb Code     6  fadd.o(.text)
    __aeabi_fmul                             0x08000385   Thumb Code   100  fmul.o(.text)
    __aeabi_fdiv                             0x080003e9   Thumb Code   124  fdiv.o(.text)
    __aeabi_dmul                             0x08000465   Thumb Code   228  dmul.o(.text)
    __aeabi_ui2f                             0x08000549   Thumb Code    10  ffltui.o(.text)
    __aeabi_i2d                              0x08000553   Thumb Code    34  dflti.o(.text)
    __aeabi_ui2d                             0x08000575   Thumb Code    26  dfltui.o(.text)
    __aeabi_f2uiz                            0x0800058f   Thumb Code    40  ffixui.o(.text)
    __aeabi_d2uiz                            0x080005b7   Thumb Code    50  dfixui.o(.text)
    __aeabi_f2d                              0x080005e9   Thumb Code    38  f2d.o(.text)
    __aeabi_uidiv                            0x0800060f   Thumb Code     0  uidiv.o(.text)
    __aeabi_uidivmod                         0x0800060f   Thumb Code    44  uidiv.o(.text)
    __aeabi_uldivmod                         0x0800063b   Thumb Code    98  uldiv.o(.text)
    __aeabi_llsr                             0x0800069d   Thumb Code    32  llushr.o(.text)
    _ll_ushift_r                             0x0800069d   Thumb Code     0  llushr.o(.text)
    strtol                                   0x080006bd   Thumb Code   112  strtol.o(.text)
    __I$use$fp                               0x0800072d   Thumb Code     0  iusefp.o(.text)
    _float_round                             0x0800072d   Thumb Code    18  fepilogue.o(.text)
    _float_epilogue                          0x0800073f   Thumb Code    92  fepilogue.o(.text)
    _double_round                            0x0800079b   Thumb Code    30  depilogue.o(.text)
    _double_epilogue                         0x080007b9   Thumb Code   156  depilogue.o(.text)
    __aeabi_dadd                             0x08000855   Thumb Code   322  dadd.o(.text)
    __aeabi_dsub                             0x08000997   Thumb Code     6  dadd.o(.text)
    __aeabi_drsub                            0x0800099d   Thumb Code     6  dadd.o(.text)
    __aeabi_ddiv                             0x080009a3   Thumb Code   222  ddiv.o(.text)
    __aeabi_d2ulz                            0x08000a81   Thumb Code    48  dfixul.o(.text)
    __aeabi_cdrcmple                         0x08000ab1   Thumb Code    48  cdrcmple.o(.text)
    __scatterload                            0x08000ae1   Thumb Code    28  init.o(.text)
    __scatterload_rt2                        0x08000ae1   Thumb Code     0  init.o(.text)
    __aeabi_llsl                             0x08000b05   Thumb Code    30  llshl.o(.text)
    _ll_shift_l                              0x08000b05   Thumb Code     0  llshl.o(.text)
    __aeabi_lasr                             0x08000b23   Thumb Code    36  llsshr.o(.text)
    _ll_sshift_r                             0x08000b23   Thumb Code     0  llsshr.o(.text)
    __rt_ctype_table                         0x08000b49   Thumb Code     4  ctype_o.o(.text)
    _strtoul                                 0x08000b51   Thumb Code   158  _strtoul.o(.text)
    _chval                                   0x08000bef   Thumb Code    28  _chval.o(.text)
    __decompress                             0x08000c0b   Thumb Code     0  __dczerorl2.o(.text)
    __decompress1                            0x08000c0b   Thumb Code    86  __dczerorl2.o(.text)
    main                                     0x08000c61   Thumb Code    14  components.o(i.$Sub$$main)
    APP_Init                                 0x08000c71   Thumb Code    68  user_app.o(i.APP_Init)
    BusFault_Handler                         0x08000ccd   Thumb Code     4  stm32f10x_it.o(i.BusFault_Handler)
    DebugMon_Handler                         0x08000cd1   Thumb Code     2  stm32f10x_it.o(i.DebugMon_Handler)
    DecryptTEA                               0x08000cd5   Thumb Code   102  drv_encrypt.o(i.DecryptTEA)
    EEPROM_Read                              0x08000d41   Thumb Code    66  drv_common.o(i.EEPROM_Read)
    EEPROM_Write                             0x08000d8d   Thumb Code    88  drv_common.o(i.EEPROM_Write)
    EncryptTEA                               0x08000ded   Thumb Code    96  drv_encrypt.o(i.EncryptTEA)
    FLASH_ErasePage                          0x08000e51   Thumb Code    72  stm32f10x_flash.o(i.FLASH_ErasePage)
    FLASH_GetBank1Status                     0x08000e9d   Thumb Code    48  stm32f10x_flash.o(i.FLASH_GetBank1Status)
    FLASH_Lock                               0x08000ed1   Thumb Code    14  stm32f10x_flash.o(i.FLASH_Lock)
    FLASH_PrefetchBufferCmd                  0x08000ee5   Thumb Code    22  stm32f10x_flash.o(i.FLASH_PrefetchBufferCmd)
    FLASH_ProgramWord                        0x08000f01   Thumb Code   102  stm32f10x_flash.o(i.FLASH_ProgramWord)
    FLASH_SetLatency                         0x08000f6d   Thumb Code    18  stm32f10x_flash.o(i.FLASH_SetLatency)
    FLASH_Unlock                             0x08000f85   Thumb Code    12  stm32f10x_flash.o(i.FLASH_Unlock)
    FLASH_WaitForLastOperation               0x08000f9d   Thumb Code    38  stm32f10x_flash.o(i.FLASH_WaitForLastOperation)
    GPIO_Init                                0x08000fc3   Thumb Code   274  stm32f10x_gpio.o(i.GPIO_Init)
    GPIO_PinRemapConfig                      0x080010d5   Thumb Code   138  stm32f10x_gpio.o(i.GPIO_PinRemapConfig)
    GPIO_ReadInputDataBit                    0x08001165   Thumb Code    18  stm32f10x_gpio.o(i.GPIO_ReadInputDataBit)
    GPIO_ResetBits                           0x08001177   Thumb Code     4  stm32f10x_gpio.o(i.GPIO_ResetBits)
    GPIO_SetBits                             0x0800117b   Thumb Code     4  stm32f10x_gpio.o(i.GPIO_SetBits)
    HSI_Config                               0x08001181   Thumb Code   152  system_stm32f10x.o(i.HSI_Config)
    IIC_Ack                                  0x0800121d   Thumb Code    62  drv_iic.o(i.IIC_Ack)
    IIC_GPIOInit                             0x0800125b   Thumb Code    62  drv_iic.o(i.IIC_GPIOInit)
    IIC_NAck                                 0x08001299   Thumb Code    42  drv_iic.o(i.IIC_NAck)
    IIC_ReadByte                             0x080012c3   Thumb Code    96  drv_iic.o(i.IIC_ReadByte)
    IIC_SdaInMode                            0x08001323   Thumb Code    26  drv_iic.o(i.IIC_SdaInMode)
    IIC_SdaOutMode                           0x0800133d   Thumb Code    32  drv_iic.o(i.IIC_SdaOutMode)
    IIC_Start                                0x0800135d   Thumb Code    56  drv_iic.o(i.IIC_Start)
    IIC_Stop                                 0x08001395   Thumb Code    50  drv_iic.o(i.IIC_Stop)
    IIC_WaitAck                              0x080013c7   Thumb Code   112  drv_iic.o(i.IIC_WaitAck)
    IIC_WriteByte                            0x08001437   Thumb Code    76  drv_iic.o(i.IIC_WriteByte)
    IWDG_Enable                              0x08001485   Thumb Code    10  stm32f10x_iwdg.o(i.IWDG_Enable)
    IWDG_ReloadCounter                       0x08001495   Thumb Code    10  stm32f10x_iwdg.o(i.IWDG_ReloadCounter)
    IWDG_SetPrescaler                        0x080014a5   Thumb Code     6  stm32f10x_iwdg.o(i.IWDG_SetPrescaler)
    IWDG_SetReload                           0x080014b1   Thumb Code     6  stm32f10x_iwdg.o(i.IWDG_SetReload)
    IWDG_WriteAccessCmd                      0x080014bd   Thumb Code     6  stm32f10x_iwdg.o(i.IWDG_WriteAccessCmd)
    MQTTDeserialize_ack                      0x080014c9   Thumb Code   108  mqttdeserializepublish.o(i.MQTTDeserialize_ack)
    MQTTDeserialize_connack                  0x08001535   Thumb Code   118  mqttconnectclient.o(i.MQTTDeserialize_connack)
    MQTTDeserialize_publish                  0x080015ab   Thumb Code   168  mqttdeserializepublish.o(i.MQTTDeserialize_publish)
    MQTTDeserialize_suback                   0x08001653   Thumb Code   146  mqttsubscribeclient.o(i.MQTTDeserialize_suback)
    MQTTDeserialize_unsuback                 0x080016e5   Thumb Code    46  mqttunsubscribeclient.o(i.MQTTDeserialize_unsuback)
    MQTTPacket_decode                        0x08001713   Thumb Code    88  mqttpacket.o(i.MQTTPacket_decode)
    MQTTPacket_decodeBuf                     0x0800176d   Thumb Code    20  mqttpacket.o(i.MQTTPacket_decodeBuf)
    MQTTPacket_encode                        0x08001789   Thumb Code    54  mqttpacket.o(i.MQTTPacket_encode)
    MQTTPacket_len                           0x080017c1   Thumb Code    34  mqttpacket.o(i.MQTTPacket_len)
    MQTTPacket_read                          0x080017e9   Thumb Code   102  mqttpacket.o(i.MQTTPacket_read)
    MQTTSerialize_connect                    0x08001851   Thumb Code   342  mqttconnectclient.o(i.MQTTSerialize_connect)
    MQTTSerialize_connectLength              0x080019b9   Thumb Code   118  mqttconnectclient.o(i.MQTTSerialize_connectLength)
    MQTTSerialize_pingreq                    0x08001a2f   Thumb Code    18  mqttconnectclient.o(i.MQTTSerialize_pingreq)
    MQTTSerialize_publish                    0x08001a41   Thumb Code   176  mqttserializepublish.o(i.MQTTSerialize_publish)
    MQTTSerialize_publishLength              0x08001af1   Thumb Code    34  mqttserializepublish.o(i.MQTTSerialize_publishLength)
    MQTTSerialize_subscribe                  0x08001b13   Thumb Code   176  mqttsubscribeclient.o(i.MQTTSerialize_subscribe)
    MQTTSerialize_subscribeLength            0x08001bc3   Thumb Code    46  mqttsubscribeclient.o(i.MQTTSerialize_subscribeLength)
    MQTTSerialize_unsubscribe                0x08001bf1   Thumb Code   166  mqttunsubscribeclient.o(i.MQTTSerialize_unsubscribe)
    MQTTSerialize_unsubscribeLength          0x08001c97   Thumb Code    46  mqttunsubscribeclient.o(i.MQTTSerialize_unsubscribeLength)
    MQTTSerialize_zero                       0x08001cc5   Thumb Code    76  mqttconnectclient.o(i.MQTTSerialize_zero)
    MQTTstrlen                               0x08001d11   Thumb Code    24  mqttpacket.o(i.MQTTstrlen)
    MemManage_Handler                        0x08001d29   Thumb Code     4  stm32f10x_it.o(i.MemManage_Handler)
    NMI_Handler                              0x08001d2d   Thumb Code     2  stm32f10x_it.o(i.NMI_Handler)
    NVIC_Init                                0x08001d31   Thumb Code   102  misc.o(i.NVIC_Init)
    RCC_APB1PeriphClockCmd                   0x08001da5   Thumb Code    26  stm32f10x_rcc.o(i.RCC_APB1PeriphClockCmd)
    RCC_APB2PeriphClockCmd                   0x08001dc5   Thumb Code    26  stm32f10x_rcc.o(i.RCC_APB2PeriphClockCmd)
    RCC_DeInit                               0x08001de5   Thumb Code    64  stm32f10x_rcc.o(i.RCC_DeInit)
    RCC_GetClocksFreq                        0x08001e31   Thumb Code   192  stm32f10x_rcc.o(i.RCC_GetClocksFreq)
    RCC_GetFlagStatus                        0x08001f05   Thumb Code    56  stm32f10x_rcc.o(i.RCC_GetFlagStatus)
    RCC_GetSYSCLKSource                      0x08001f41   Thumb Code    10  stm32f10x_rcc.o(i.RCC_GetSYSCLKSource)
    RCC_HCLKConfig                           0x08001f51   Thumb Code    18  stm32f10x_rcc.o(i.RCC_HCLKConfig)
    RCC_HSICmd                               0x08001f69   Thumb Code     6  stm32f10x_rcc.o(i.RCC_HSICmd)
    RCC_LSICmd                               0x08001f75   Thumb Code     6  stm32f10x_rcc.o(i.RCC_LSICmd)
    RCC_PCLK1Config                          0x08001f81   Thumb Code    18  stm32f10x_rcc.o(i.RCC_PCLK1Config)
    RCC_PCLK2Config                          0x08001f99   Thumb Code    20  stm32f10x_rcc.o(i.RCC_PCLK2Config)
    RCC_PLLCmd                               0x08001fb1   Thumb Code     6  stm32f10x_rcc.o(i.RCC_PLLCmd)
    RCC_PLLConfig                            0x08001fbd   Thumb Code    24  stm32f10x_rcc.o(i.RCC_PLLConfig)
    RCC_SYSCLKConfig                         0x08001fd9   Thumb Code    18  stm32f10x_rcc.o(i.RCC_SYSCLKConfig)
    RTC_ClearITPendingBit                    0x08001ff1   Thumb Code    12  stm32f10x_rtc.o(i.RTC_ClearITPendingBit)
    RTC_GetITStatus                          0x08002001   Thumb Code    32  stm32f10x_rtc.o(i.RTC_GetITStatus)
    RTC_IRQHandler                           0x08002025   Thumb Code    18  stm32f10x_it.o(i.RTC_IRQHandler)
    SVC_Handler                              0x08002037   Thumb Code     2  stm32f10x_it.o(i.SVC_Handler)
    SysTick_Handler                          0x08002039   Thumb Code    52  board.o(i.SysTick_Handler)
    SystemCoreClockUpdate                    0x08002075   Thumb Code   142  system_stm32f10x.o(i.SystemCoreClockUpdate)
    SystemInit                               0x08002119   Thumb Code    16  system_stm32f10x.o(i.SystemInit)
    TIM_ARRPreloadConfig                     0x0800212d   Thumb Code    24  stm32f10x_tim.o(i.TIM_ARRPreloadConfig)
    TIM_Cmd                                  0x08002145   Thumb Code    24  stm32f10x_tim.o(i.TIM_Cmd)
    TIM_CtrlPWMOutputs                       0x0800215d   Thumb Code    30  stm32f10x_tim.o(i.TIM_CtrlPWMOutputs)
    TIM_OC1Init                              0x0800217d   Thumb Code   132  stm32f10x_tim.o(i.TIM_OC1Init)
    TIM_OC1PreloadConfig                     0x08002215   Thumb Code    18  stm32f10x_tim.o(i.TIM_OC1PreloadConfig)
    TIM_OCStructInit                         0x08002227   Thumb Code    20  stm32f10x_tim.o(i.TIM_OCStructInit)
    TIM_SetCompare1                          0x0800223b   Thumb Code     4  stm32f10x_tim.o(i.TIM_SetCompare1)
    TIM_TimeBaseInit                         0x08002241   Thumb Code   122  stm32f10x_tim.o(i.TIM_TimeBaseInit)
    UART1_Init                               0x080022e5   Thumb Code   182  drv_uart.o(i.UART1_Init)
    UART2_Init                               0x080023ad   Thumb Code   178  drv_uart.o(i.UART2_Init)
    UART3_Init                               0x08002471   Thumb Code   182  drv_uart.o(i.UART3_Init)
    UART_Clear                               0x08002539   Thumb Code    24  drv_uart.o(i.UART_Clear)
    UART_Init                                0x08002551   Thumb Code    22  drv_uart.o(i.UART_Init)
    UART_Send                                0x08002579   Thumb Code    96  drv_uart.o(i.UART_Send)
    USART1_IRQHandler                        0x080025e5   Thumb Code   102  drv_uart.o(i.USART1_IRQHandler)
    USART2_IRQHandler                        0x08002655   Thumb Code   112  drv_uart.o(i.USART2_IRQHandler)
    USART3_IRQHandler                        0x080026cd   Thumb Code   102  drv_uart.o(i.USART3_IRQHandler)
    USART_ClearFlag                          0x0800273d   Thumb Code    18  stm32f10x_usart.o(i.USART_ClearFlag)
    USART_ClearITPendingBit                  0x0800274f   Thumb Code    30  stm32f10x_usart.o(i.USART_ClearITPendingBit)
    USART_Cmd                                0x0800276d   Thumb Code    24  stm32f10x_usart.o(i.USART_Cmd)
    USART_GetFlagStatus                      0x08002785   Thumb Code    26  stm32f10x_usart.o(i.USART_GetFlagStatus)
    USART_GetITStatus                        0x0800279f   Thumb Code    84  stm32f10x_usart.o(i.USART_GetITStatus)
    USART_ITConfig                           0x080027f3   Thumb Code    74  stm32f10x_usart.o(i.USART_ITConfig)
    USART_Init                               0x0800283d   Thumb Code   210  stm32f10x_usart.o(i.USART_Init)
    USART_ReceiveData                        0x08002915   Thumb Code    10  stm32f10x_usart.o(i.USART_ReceiveData)
    USART_SendData                           0x0800291f   Thumb Code     8  stm32f10x_usart.o(i.USART_SendData)
    UsageFault_Handler                       0x08002927   Thumb Code     4  stm32f10x_it.o(i.UsageFault_Handler)
    WWDG_Enable                              0x0800292d   Thumb Code    10  stm32f10x_wwdg.o(i.WWDG_Enable)
    WWDG_SetPrescaler                        0x0800293d   Thumb Code    18  stm32f10x_wwdg.o(i.WWDG_SetPrescaler)
    WWDG_SetWindowValue                      0x08002955   Thumb Code    34  stm32f10x_wwdg.o(i.WWDG_SetWindowValue)
    __0printf                                0x080029ad   Thumb Code    22  printfa.o(i.__0printf)
    __1printf                                0x080029ad   Thumb Code     0  printfa.o(i.__0printf)
    __2printf                                0x080029ad   Thumb Code     0  printfa.o(i.__0printf)
    __c89printf                              0x080029ad   Thumb Code     0  printfa.o(i.__0printf)
    printf                                   0x080029ad   Thumb Code     0  printfa.o(i.__0printf)
    __0sprintf                               0x080029cd   Thumb Code    34  printfa.o(i.__0sprintf)
    __1sprintf                               0x080029cd   Thumb Code     0  printfa.o(i.__0sprintf)
    __2sprintf                               0x080029cd   Thumb Code     0  printfa.o(i.__0sprintf)
    __c89sprintf                             0x080029cd   Thumb Code     0  printfa.o(i.__0sprintf)
    sprintf                                  0x080029cd   Thumb Code     0  printfa.o(i.__0sprintf)
    __aeabi_errno_addr                       0x080029f5   Thumb Code     4  errno.o(i.__aeabi_errno_addr)
    __rt_errno_addr                          0x080029f5   Thumb Code     0  errno.o(i.__aeabi_errno_addr)
    __rt_ffs                                 0x080029fd   Thumb Code    70  kservice.o(i.__rt_ffs)
    __scatterload_copy                       0x08002a49   Thumb Code    14  handlers.o(i.__scatterload_copy)
    __scatterload_null                       0x08002a57   Thumb Code     2  handlers.o(i.__scatterload_null)
    __scatterload_zeroinit                   0x08002a59   Thumb Code    14  handlers.o(i.__scatterload_zeroinit)
    app_ap01_init                            0x0800342f   Thumb Code    16  app_ap01.o(i.app_ap01_init)
    app_ap01_recv_parse                      0x08003441   Thumb Code    84  app_ap01.o(i.app_ap01_recv_parse)
    app_ap01_send_status                     0x08003499   Thumb Code   158  app_ap01.o(i.app_ap01_send_status)
    app_ap01_thread_entry                    0x08003545   Thumb Code    64  app_ap01.o(i.app_ap01_thread_entry)
    app_esp8266_recv                         0x080035ad   Thumb Code    28  app_mqtt.o(i.app_esp8266_recv)
    app_motor_init                           0x080035c9   Thumb Code   172  app_ap01.o(i.app_motor_init)
    app_motor_set_speed                      0x08003691   Thumb Code    70  app_ap01.o(i.app_motor_set_speed)
    app_mqtt_init                            0x080036f1   Thumb Code   186  app_mqtt.o(i.app_mqtt_init)
    app_mqtt_main                            0x08003819   Thumb Code    12  app_mqtt.o(i.app_mqtt_main)
    app_mqtt_pub_data                        0x08003825   Thumb Code    52  app_mqtt.o(i.app_mqtt_pub_data)
    app_mqtt_put_data                        0x08003875   Thumb Code    70  app_mqtt.o(i.app_mqtt_put_data)
    app_mqtt_recv0                           0x080038ed   Thumb Code    32  app_mqtt.o(i.app_mqtt_recv0)
    app_mqtt_recv_parse                      0x0800390d   Thumb Code    46  app_mqtt.o(i.app_mqtt_recv_parse)
    app_mqtt_send0                           0x08003971   Thumb Code    20  app_mqtt.o(i.app_mqtt_send0)
    app_pm25_recv_check                      0x08003985   Thumb Code   140  app_ap01.o(i.app_pm25_recv_check)
    app_sht30_init                           0x08003a35   Thumb Code    38  app_ap01.o(i.app_sht30_init)
    app_uart_thread_entry                    0x08003a65   Thumb Code   158  user_app.o(i.app_uart_thread_entry)
    bufchar                                  0x08003b51   Thumb Code    36  mqttpacket.o(i.bufchar)
    delay_ms                                 0x08003b79   Thumb Code    26  drv_common.o(i.delay_ms)
    delay_os                                 0x08003b99   Thumb Code    24  drv_common.o(i.delay_os)
    delay_us                                 0x08003bb1   Thumb Code    26  drv_common.o(i.delay_us)
    drv_check_sum                            0x08003bd1   Thumb Code    30  drv_common.o(i.drv_check_sum)
    drv_common_init                          0x08003bf1   Thumb Code    88  drv_common.o(i.drv_common_init)
    drv_crc16                                0x08003c89   Thumb Code    48  drv_common.o(i.drv_crc16)
    drv_esp8266_client_connect               0x08003cc1   Thumb Code    38  drv_esp8266.o(i.drv_esp8266_client_connect)
    drv_esp8266_close                        0x08003d09   Thumb Code    88  drv_esp8266.o(i.drv_esp8266_close)
    drv_esp8266_connect_process              0x08003d71   Thumb Code   208  drv_esp8266.o(i.drv_esp8266_connect_process)
    drv_esp8266_fun_register                 0x08003ee5   Thumb Code     6  drv_esp8266.o(i.drv_esp8266_fun_register)
    drv_esp8266_init                         0x08003ef1   Thumb Code    84  drv_esp8266.o(i.drv_esp8266_init)
    drv_esp8266_main                         0x08003f49   Thumb Code    12  drv_esp8266.o(i.drv_esp8266_main)
    drv_esp8266_recv_process                 0x08003f55   Thumb Code   430  drv_esp8266.o(i.drv_esp8266_recv_process)
    drv_esp8266_reg_process                  0x08004169   Thumb Code   338  drv_esp8266.o(i.drv_esp8266_reg_process)
    drv_esp8266_send_at                      0x08004375   Thumb Code    42  drv_esp8266.o(i.drv_esp8266_send_at)
    drv_esp8266_send_data                    0x080043ad   Thumb Code    90  drv_esp8266.o(i.drv_esp8266_send_data)
    drv_esp8266_set_client                   0x08004421   Thumb Code    70  drv_esp8266.o(i.drv_esp8266_set_client)
    drv_esp8266_uart_send                    0x0800446d   Thumb Code    34  drv_esp8266.o(i.drv_esp8266_uart_send)
    drv_get_sec_counter                      0x08004495   Thumb Code     6  drv_common.o(i.drv_get_sec_counter)
    drv_mqtt_close                           0x080044a1   Thumb Code    44  drv_mqtt.o(i.drv_mqtt_close)
    drv_mqtt_connect                         0x080044cd   Thumb Code   408  drv_mqtt.o(i.drv_mqtt_connect)
    drv_mqtt_fun_parse_register              0x080046b9   Thumb Code     8  drv_mqtt.o(i.drv_mqtt_fun_parse_register)
    drv_mqtt_fun_transmit_register           0x080046c5   Thumb Code    24  drv_mqtt.o(i.drv_mqtt_fun_transmit_register)
    drv_mqtt_init                            0x080046e1   Thumb Code    86  drv_mqtt.o(i.drv_mqtt_init)
    drv_mqtt_main                            0x08004741   Thumb Code    12  drv_mqtt.o(i.drv_mqtt_main)
    drv_mqtt_publish                         0x0800474d   Thumb Code   126  drv_mqtt.o(i.drv_mqtt_publish)
    drv_mqtt_recv_check                      0x080047d5   Thumb Code   424  drv_mqtt.o(i.drv_mqtt_recv_check)
    drv_mqtt_set_topic_info                  0x08004a49   Thumb Code    86  drv_mqtt.o(i.drv_mqtt_set_topic_info)
    drv_mqtt_set_topic_state                 0x08004aa5   Thumb Code    42  drv_mqtt.o(i.drv_mqtt_set_topic_state)
    drv_mqtt_take_rb                         0x08004ad5   Thumb Code    26  drv_mqtt.o(i.drv_mqtt_take_rb)
    drv_rtc_init                             0x08004af5   Thumb Code     2  drv_common.o(i.drv_rtc_init)
    drv_server_add_passwd                    0x08004af9   Thumb Code    26  drv_server.o(i.drv_server_add_passwd)
    drv_server_cmd_parse                     0x08004b19   Thumb Code    38  drv_server.o(i.drv_server_cmd_parse)
    drv_server_cmd_parse_register            0x08004b45   Thumb Code     6  drv_server.o(i.drv_server_cmd_parse_register)
    drv_server_get_app_id                    0x08004b51   Thumb Code     6  drv_server.o(i.drv_server_get_app_id)
    drv_server_get_gw_sn                     0x08004b5d   Thumb Code     6  drv_server.o(i.drv_server_get_gw_sn)
    drv_server_init                          0x08004b69   Thumb Code     8  drv_server.o(i.drv_server_init)
    drv_server_read                          0x08004b71   Thumb Code    50  drv_server.o(i.drv_server_read)
    drv_server_recv_parse                    0x08004bc5   Thumb Code   570  drv_server.o(i.drv_server_recv_parse)
    drv_server_send_level                    0x08004ee9   Thumb Code    28  drv_server.o(i.drv_server_send_level)
    drv_server_send_msg                      0x08004f09   Thumb Code   448  drv_server.o(i.drv_server_send_msg)
    drv_server_send_register                 0x08005115   Thumb Code     6  drv_server.o(i.drv_server_send_register)
    drv_server_set_app_id                    0x08005121   Thumb Code    22  drv_server.o(i.drv_server_set_app_id)
    drv_server_write                         0x0800514d   Thumb Code    24  drv_server.o(i.drv_server_write)
    drv_sht30_init                           0x08005169   Thumb Code    16  drv_sht30.o(i.drv_sht30_init)
    drv_sht30_read_th                        0x08005179   Thumb Code   284  drv_sht30.o(i.drv_sht30_read_th)
    drv_slave_cmd_parse                      0x080052c1   Thumb Code    38  drv_server.o(i.drv_slave_cmd_parse)
    drv_system_reset                         0x080052ed   Thumb Code    44  drv_common.o(i.drv_system_reset)
    drv_wdog_feed                            0x0800532d   Thumb Code    16  drv_common.o(i.drv_wdog_feed)
    drv_wdog_init                            0x08005341   Thumb Code    52  drv_common.o(i.drv_wdog_init)
    fputc                                    0x08005375   Thumb Code    32  drv_uart.o(i.fputc)
    free                                     0x08005399   Thumb Code    76  malloc.o(i.free)
    $Super$$main                             0x080053e9   Thumb Code    56  main.o(i.main)
    main_thread_entry                        0x08005491   Thumb Code    14  components.o(i.main_thread_entry)
    malloc                                   0x080054a1   Thumb Code    92  malloc.o(i.malloc)
    memstr                                   0x0800550d   Thumb Code    72  drv_common.o(i.memstr)
    readChar                                 0x080055cd   Thumb Code    14  mqttpacket.o(i.readChar)
    readInt                                  0x080055db   Thumb Code    26  mqttpacket.o(i.readInt)
    readMQTTLenString                        0x080055f5   Thumb Code    58  mqttpacket.o(i.readMQTTLenString)
    rt_application_init                      0x08005631   Thumb Code    34  components.o(i.rt_application_init)
    rt_components_board_init                 0x08005661   Thumb Code    20  components.o(i.rt_components_board_init)
    rt_components_init                       0x0800567d   Thumb Code    20  components.o(i.rt_components_init)
    rt_enter_critical                        0x08005699   Thumb Code    28  scheduler.o(i.rt_enter_critical)
    rt_exit_critical                         0x080056b9   Thumb Code    54  scheduler.o(i.rt_exit_critical)
    rt_free                                  0x080056f5   Thumb Code    98  mem.o(i.rt_free)
    rt_heap_begin_get                        0x0800576d   Thumb Code     4  board.o(i.rt_heap_begin_get)
    rt_heap_end_get                          0x08005775   Thumb Code     4  board.o(i.rt_heap_end_get)
    rt_hw_board_init                         0x0800577d   Thumb Code    54  board.o(i.rt_hw_board_init)
    rt_hw_hard_fault_exception               0x080057b9   Thumb Code    32  cpuport.o(i.rt_hw_hard_fault_exception)
    rt_hw_stack_init                         0x080057dd   Thumb Code    70  cpuport.o(i.rt_hw_stack_init)
    rt_interrupt_enter                       0x08005829   Thumb Code    26  irq.o(i.rt_interrupt_enter)
    rt_interrupt_leave                       0x08005849   Thumb Code    26  irq.o(i.rt_interrupt_leave)
    rt_malloc                                0x08005989   Thumb Code   336  mem.o(i.rt_malloc)
    rt_memset                                0x08005af5   Thumb Code    72  kservice.o(i.rt_memset)
    rt_object_allocate                       0x08005b3d   Thumb Code    74  object.o(i.rt_object_allocate)
    rt_object_delete                         0x08005b87   Thumb Code    32  object.o(i.rt_object_delete)
    rt_object_detach                         0x08005ba7   Thumb Code    26  object.o(i.rt_object_detach)
    rt_object_get_information                0x08005bc1   Thumb Code    36  object.o(i.rt_object_get_information)
    rt_object_init                           0x08005be9   Thumb Code    60  object.o(i.rt_object_init)
    rt_object_is_systemobject                0x08005c25   Thumb Code    18  object.o(i.rt_object_is_systemobject)
    rt_ringbuffer_create                     0x08005c37   Thumb Code    50  ringbuffer.o(i.rt_ringbuffer_create)
    rt_ringbuffer_data_len                   0x08005c69   Thumb Code    76  ringbuffer.o(i.rt_ringbuffer_data_len)
    rt_ringbuffer_get                        0x08005cb5   Thumb Code   164  ringbuffer.o(i.rt_ringbuffer_get)
    rt_ringbuffer_init                       0x08005d59   Thumb Code    44  ringbuffer.o(i.rt_ringbuffer_init)
    rt_ringbuffer_put                        0x08005d85   Thumb Code   168  ringbuffer.o(i.rt_ringbuffer_put)
    rt_schedule                              0x08005e59   Thumb Code   118  scheduler.o(i.rt_schedule)
    rt_schedule_insert_thread                0x08005ee9   Thumb Code    72  scheduler.o(i.rt_schedule_insert_thread)
    rt_schedule_remove_thread                0x08005f39   Thumb Code    76  scheduler.o(i.rt_schedule_remove_thread)
    rt_sem_init                              0x08005f8d   Thumb Code    38  ipc.o(i.rt_sem_init)
    rt_sem_release                           0x08005fb3   Thumb Code    58  ipc.o(i.rt_sem_release)
    rt_sem_take                              0x08005fed   Thumb Code   116  ipc.o(i.rt_sem_take)
    rt_show_version                          0x08006061   Thumb Code     2  kservice.o(i.rt_show_version)
    rt_strncpy                               0x08006063   Thumb Code    52  kservice.o(i.rt_strncpy)
    rt_system_heap_init                      0x08006099   Thumb Code   146  mem.o(i.rt_system_heap_init)
    rt_system_scheduler_init                 0x08006149   Thumb Code    52  scheduler.o(i.rt_system_scheduler_init)
    rt_system_scheduler_start                0x08006195   Thumb Code    36  scheduler.o(i.rt_system_scheduler_start)
    rt_system_timer_init                     0x080061c5   Thumb Code    24  timer.o(i.rt_system_timer_init)
    rt_system_timer_thread_init              0x080061e1   Thumb Code     2  timer.o(i.rt_system_timer_thread_init)
    rt_thread_create                         0x080061e3   Thumb Code    80  thread.o(i.rt_thread_create)
    rt_thread_delay                          0x08006233   Thumb Code    12  thread.o(i.rt_thread_delay)
    rt_thread_exit                           0x08006241   Thumb Code    76  thread.o(i.rt_thread_exit)
    rt_thread_idle_excute                    0x0800629d   Thumb Code   128  idle.o(i.rt_thread_idle_excute)
    rt_thread_idle_init                      0x08006321   Thumb Code    38  idle.o(i.rt_thread_idle_init)
    rt_thread_init                           0x0800635d   Thumb Code    52  thread.o(i.rt_thread_init)
    rt_thread_resume                         0x08006391   Thumb Code    60  thread.o(i.rt_thread_resume)
    rt_thread_self                           0x080063cd   Thumb Code     6  thread.o(i.rt_thread_self)
    rt_thread_sleep                          0x080063d9   Thumb Code    62  thread.o(i.rt_thread_sleep)
    rt_thread_startup                        0x0800641d   Thumb Code    44  thread.o(i.rt_thread_startup)
    rt_thread_suspend                        0x08006449   Thumb Code    68  thread.o(i.rt_thread_suspend)
    rt_thread_timeout                        0x0800648d   Thumb Code    32  thread.o(i.rt_thread_timeout)
    rt_thread_yield                          0x080064ad   Thumb Code    92  thread.o(i.rt_thread_yield)
    rt_tick_get                              0x08006511   Thumb Code     6  clock.o(i.rt_tick_get)
    rt_tick_increase                         0x0800651d   Thumb Code    42  clock.o(i.rt_tick_increase)
    rt_timer_check                           0x0800654d   Thumb Code   118  timer.o(i.rt_timer_check)
    rt_timer_control                         0x080065c9   Thumb Code    56  timer.o(i.rt_timer_control)
    rt_timer_detach                          0x08006601   Thumb Code    32  timer.o(i.rt_timer_detach)
    rt_timer_init                            0x08006621   Thumb Code    46  timer.o(i.rt_timer_init)
    rt_timer_start                           0x08006651   Thumb Code   238  timer.o(i.rt_timer_start)
    rt_timer_stop                            0x08006749   Thumb Code    48  timer.o(i.rt_timer_stop)
    rtthread_startup                         0x08006789   Thumb Code    42  components.o(i.rtthread_startup)
    tea_decrypt_buff                         0x080067b5   Thumb Code    78  drv_encrypt.o(i.tea_decrypt_buff)
    tea_encrypt_buff                         0x0800681d   Thumb Code    78  drv_encrypt.o(i.tea_encrypt_buff)
    writeCString                             0x08006885   Thumb Code    40  mqttpacket.o(i.writeCString)
    writeChar                                0x080068ad   Thumb Code    12  mqttpacket.o(i.writeChar)
    writeInt                                 0x080068b9   Thumb Code    48  mqttpacket.o(i.writeInt)
    writeMQTTString                          0x080068e9   Thumb Code    62  mqttpacket.o(i.writeMQTTString)
    __lowest_bit_bitmap                      0x08006bd0   Data         256  kservice.o(.constdata)
    __ctype_table                            0x08006cf2   Data         129  ctype_o.o(.constdata)
    __rt_init_rti_start                      0x08006e20   Data           4  components.o(.rti_fn.0)
    __rt_init_rti_board_start                0x08006e24   Data           4  components.o(.rti_fn.0.end)
    __rt_init_rti_board_end                  0x08006e28   Data           4  components.o(.rti_fn.1.end)
    __rt_init_rti_end                        0x08006e2c   Data           4  components.o(.rti_fn.6.end)
    Region$$Table$$Base                      0x08006e30   Number         0  anon$$obj.o(Region$$Table)
    Region$$Table$$Limit                     0x08006e50   Number         0  anon$$obj.o(Region$$Table)
    SystemCoreClock                          0x20000000   Data           4  system_stm32f10x.o(.data)
    AHBPrescTable                            0x20000004   Data          16  system_stm32f10x.o(.data)
    g_u32SecCounter                          0x20000024   Data           4  drv_common.o(.data)
    tickets_us                               0x20000028   Data           4  drv_common.o(.data)
    tickets_ms                               0x2000002c   Data           4  drv_common.o(.data)
    bWatchDog                                0x20000030   Data           1  drv_common.o(.data)
    rt_interrupt_from_thread                 0x20000060   Data           4  cpuport.o(.data)
    rt_interrupt_to_thread                   0x20000064   Data           4  cpuport.o(.data)
    rt_thread_switch_interrupt_flag          0x20000068   Data           4  cpuport.o(.data)
    rt_interrupt_nest                        0x20000074   Data           1  irq.o(.data)
    rt_current_thread                        0x200000f4   Data           4  scheduler.o(.data)
    rt_current_priority                      0x200000f8   Data           1  scheduler.o(.data)
    rt_thread_ready_priority_group           0x200000fc   Data           4  scheduler.o(.data)
    rt_thread_defunct                        0x20000100   Data           8  scheduler.o(.data)
    __stdout                                 0x2000012c   Data           4  stdout.o(.data)
    __microlib_freelist                      0x20000130   Data           4  mvars.o(.data)
    __microlib_freelist_initialised          0x20000134   Data           4  mvars.o(.data)
    g_sAp01Work                              0x20000150   Data          32  app_ap01.o(.bss)
    g_sUART1                                 0x20000570   Data          20  drv_uart.o(.bss)
    g_sUART2                                 0x20000584   Data          20  drv_uart.o(.bss)
    g_sUART3                                 0x20000598   Data          20  drv_uart.o(.bss)
    g_u8UART1_Buff                           0x200005ac   Data         512  drv_uart.o(.bss)
    g_u8UART2_Buff                           0x200007ac   Data         512  drv_uart.o(.bss)
    g_u8UART3_Buff                           0x200009ac   Data        1024  drv_uart.o(.bss)
    g_sEsp8266Work                           0x20001dac   Data         336  drv_esp8266.o(.bss)
    g_sMqttWork                              0x20002028   Data         532  drv_mqtt.o(.bss)
    g_sServerWork                            0x200023b8   Data          92  drv_server.o(.bss)
    g_sServerSave                            0x20002414   Data          12  drv_server.o(.bss)
    rt_thread_priority_table                 0x20002ae8   Data         256  scheduler.o(.bss)
    __heap_base                              0x20002be8   Data           0  startup_stm32f10x_md.o(HEAP)
    __heap_limit                             0x200033e8   Data           0  startup_stm32f10x_md.o(HEAP)
    __initial_sp                             0x200037e8   Data           0  startup_stm32f10x_md.o(STACK)



==============================================================================

Memory Map of the image

  Image Entry point : 0x080000ed

  Load Region LR_IROM1 (Base: 0x08000000, Size: 0x00006f8c, Max: 0x00009000, ABSOLUTE, COMPRESSED[0x00006ec4])

    Execution Region ER_IROM1 (Base: 0x08000000, Size: 0x00006e50, Max: 0x00009000, ABSOLUTE)

    Base Addr    Size         Type   Attr      Idx    E Section Name        Object

    0x08000000   0x000000ec   Data   RO           19    RESET               startup_stm32f10x_md.o
    0x080000ec   0x00000000   Code   RO         4359  * .ARM.Collect$$$$00000000  mc_w.l(entry.o)
    0x080000ec   0x00000004   Code   RO         4689    .ARM.Collect$$$$00000001  mc_w.l(entry2.o)
    0x080000f0   0x00000004   Code   RO         4692    .ARM.Collect$$$$00000004  mc_w.l(entry5.o)
    0x080000f4   0x00000000   Code   RO         4694    .ARM.Collect$$$$00000008  mc_w.l(entry7b.o)
    0x080000f4   0x00000000   Code   RO         4696    .ARM.Collect$$$$0000000A  mc_w.l(entry8b.o)
    0x080000f4   0x00000008   Code   RO         4697    .ARM.Collect$$$$0000000B  mc_w.l(entry9a.o)
    0x080000fc   0x00000000   Code   RO         4699    .ARM.Collect$$$$0000000D  mc_w.l(entry10a.o)
    0x080000fc   0x00000000   Code   RO         4701    .ARM.Collect$$$$0000000F  mc_w.l(entry11a.o)
    0x080000fc   0x00000004   Code   RO         4690    .ARM.Collect$$$$00002712  mc_w.l(entry2.o)
    0x08000100   0x00000024   Code   RO           20    .text               startup_stm32f10x_md.o
    0x08000124   0x000000f0   Code   RO         2257    .text               context_rvds.o
    0x08000214   0x00000024   Code   RO         4362    .text               mc_w.l(memcpya.o)
    0x08000238   0x00000024   Code   RO         4364    .text               mc_w.l(memseta.o)
    0x0800025c   0x00000024   Code   RO         4366    .text               mc_w.l(strstr.o)
    0x08000280   0x0000000e   Code   RO         4368    .text               mc_w.l(strlen.o)
    0x0800028e   0x0000001a   Code   RO         4370    .text               mc_w.l(memcmp.o)
    0x080002a8   0x00000012   Code   RO         4372    .text               mc_w.l(strcpy.o)
    0x080002ba   0x0000001a   Code   RO         4667    .text               mc_w.l(atoi.o)
    0x080002d4   0x000000b0   Code   RO         4669    .text               mf_w.l(fadd.o)
    0x08000384   0x00000064   Code   RO         4671    .text               mf_w.l(fmul.o)
    0x080003e8   0x0000007c   Code   RO         4673    .text               mf_w.l(fdiv.o)
    0x08000464   0x000000e4   Code   RO         4675    .text               mf_w.l(dmul.o)
    0x08000548   0x0000000a   Code   RO         4677    .text               mf_w.l(ffltui.o)
    0x08000552   0x00000022   Code   RO         4679    .text               mf_w.l(dflti.o)
    0x08000574   0x0000001a   Code   RO         4681    .text               mf_w.l(dfltui.o)
    0x0800058e   0x00000028   Code   RO         4683    .text               mf_w.l(ffixui.o)
    0x080005b6   0x00000032   Code   RO         4685    .text               mf_w.l(dfixui.o)
    0x080005e8   0x00000026   Code   RO         4687    .text               mf_w.l(f2d.o)
    0x0800060e   0x0000002c   Code   RO         4704    .text               mc_w.l(uidiv.o)
    0x0800063a   0x00000062   Code   RO         4706    .text               mc_w.l(uldiv.o)
    0x0800069c   0x00000020   Code   RO         4708    .text               mc_w.l(llushr.o)
    0x080006bc   0x00000070   Code   RO         4719    .text               mc_w.l(strtol.o)
    0x0800072c   0x00000000   Code   RO         4721    .text               mc_w.l(iusefp.o)
    0x0800072c   0x0000006e   Code   RO         4722    .text               mf_w.l(fepilogue.o)
    0x0800079a   0x000000ba   Code   RO         4724    .text               mf_w.l(depilogue.o)
    0x08000854   0x0000014e   Code   RO         4726    .text               mf_w.l(dadd.o)
    0x080009a2   0x000000de   Code   RO         4728    .text               mf_w.l(ddiv.o)
    0x08000a80   0x00000030   Code   RO         4730    .text               mf_w.l(dfixul.o)
    0x08000ab0   0x00000030   Code   RO         4732    .text               mf_w.l(cdrcmple.o)
    0x08000ae0   0x00000024   Code   RO         4734    .text               mc_w.l(init.o)
    0x08000b04   0x0000001e   Code   RO         4736    .text               mc_w.l(llshl.o)
    0x08000b22   0x00000024   Code   RO         4738    .text               mc_w.l(llsshr.o)
    0x08000b46   0x00000002   PAD
    0x08000b48   0x00000008   Code   RO         4740    .text               mc_w.l(ctype_o.o)
    0x08000b50   0x0000009e   Code   RO         4768    .text               mc_w.l(_strtoul.o)
    0x08000bee   0x0000001c   Code   RO         4770    .text               mc_w.l(_chval.o)
    0x08000c0a   0x00000056   Code   RO         4780    .text               mc_w.l(__dczerorl2.o)
    0x08000c60   0x0000000e   Code   RO         1293    i.$Sub$$main        components.o
    0x08000c6e   0x00000002   PAD
    0x08000c70   0x0000005c   Code   RO          307    i.APP_Init          user_app.o
    0x08000ccc   0x00000004   Code   RO           24    i.BusFault_Handler  stm32f10x_it.o
    0x08000cd0   0x00000002   Code   RO           25    i.DebugMon_Handler  stm32f10x_it.o
    0x08000cd2   0x00000002   PAD
    0x08000cd4   0x0000006c   Code   RO         1173    i.DecryptTEA        drv_encrypt.o
    0x08000d40   0x0000004c   Code   RO          493    i.EEPROM_Read       drv_common.o
    0x08000d8c   0x00000060   Code   RO          494    i.EEPROM_Write      drv_common.o
    0x08000dec   0x00000064   Code   RO         1174    i.EncryptTEA        drv_encrypt.o
    0x08000e50   0x0000004c   Code   RO         2962    i.FLASH_ErasePage   f103c8t6.lib(stm32f10x_flash.o)
    0x08000e9c   0x00000034   Code   RO         2963    i.FLASH_GetBank1Status  f103c8t6.lib(stm32f10x_flash.o)
    0x08000ed0   0x00000014   Code   RO         2972    i.FLASH_Lock        f103c8t6.lib(stm32f10x_flash.o)
    0x08000ee4   0x0000001c   Code   RO         2974    i.FLASH_PrefetchBufferCmd  f103c8t6.lib(stm32f10x_flash.o)
    0x08000f00   0x0000006c   Code   RO         2977    i.FLASH_ProgramWord  f103c8t6.lib(stm32f10x_flash.o)
    0x08000f6c   0x00000018   Code   RO         2979    i.FLASH_SetLatency  f103c8t6.lib(stm32f10x_flash.o)
    0x08000f84   0x00000018   Code   RO         2980    i.FLASH_Unlock      f103c8t6.lib(stm32f10x_flash.o)
    0x08000f9c   0x00000026   Code   RO         2984    i.FLASH_WaitForLastOperation  f103c8t6.lib(stm32f10x_flash.o)
    0x08000fc2   0x00000112   Code   RO         3137    i.GPIO_Init         f103c8t6.lib(stm32f10x_gpio.o)
    0x080010d4   0x00000090   Code   RO         3139    i.GPIO_PinRemapConfig  f103c8t6.lib(stm32f10x_gpio.o)
    0x08001164   0x00000012   Code   RO         3141    i.GPIO_ReadInputDataBit  f103c8t6.lib(stm32f10x_gpio.o)
    0x08001176   0x00000004   Code   RO         3144    i.GPIO_ResetBits    f103c8t6.lib(stm32f10x_gpio.o)
    0x0800117a   0x00000004   Code   RO         3145    i.GPIO_SetBits      f103c8t6.lib(stm32f10x_gpio.o)
    0x0800117e   0x00000002   PAD
    0x08001180   0x0000009c   Code   RO          164    i.HSI_Config        system_stm32f10x.o
    0x0800121c   0x0000003e   Code   RO          893    i.IIC_Ack           drv_iic.o
    0x0800125a   0x0000003e   Code   RO          894    i.IIC_GPIOInit      drv_iic.o
    0x08001298   0x0000002a   Code   RO          895    i.IIC_NAck          drv_iic.o
    0x080012c2   0x00000060   Code   RO          896    i.IIC_ReadByte      drv_iic.o
    0x08001322   0x0000001a   Code   RO          897    i.IIC_SdaInMode     drv_iic.o
    0x0800133c   0x00000020   Code   RO          898    i.IIC_SdaOutMode    drv_iic.o
    0x0800135c   0x00000038   Code   RO          900    i.IIC_Start         drv_iic.o
    0x08001394   0x00000032   Code   RO          901    i.IIC_Stop          drv_iic.o
    0x080013c6   0x00000070   Code   RO          902    i.IIC_WaitAck       drv_iic.o
    0x08001436   0x0000004c   Code   RO          903    i.IIC_WriteByte     drv_iic.o
    0x08001482   0x00000002   PAD
    0x08001484   0x00000010   Code   RO         3245    i.IWDG_Enable       f103c8t6.lib(stm32f10x_iwdg.o)
    0x08001494   0x00000010   Code   RO         3247    i.IWDG_ReloadCounter  f103c8t6.lib(stm32f10x_iwdg.o)
    0x080014a4   0x0000000c   Code   RO         3248    i.IWDG_SetPrescaler  f103c8t6.lib(stm32f10x_iwdg.o)
    0x080014b0   0x0000000c   Code   RO         3249    i.IWDG_SetReload    f103c8t6.lib(stm32f10x_iwdg.o)
    0x080014bc   0x0000000c   Code   RO         3250    i.IWDG_WriteAccessCmd  f103c8t6.lib(stm32f10x_iwdg.o)
    0x080014c8   0x0000006c   Code   RO         2408    i.MQTTDeserialize_ack  mqttdeserializepublish.o
    0x08001534   0x00000076   Code   RO         2342    i.MQTTDeserialize_connack  mqttconnectclient.o
    0x080015aa   0x000000a8   Code   RO         2409    i.MQTTDeserialize_publish  mqttdeserializepublish.o
    0x08001652   0x00000092   Code   RO         2641    i.MQTTDeserialize_suback  mqttsubscribeclient.o
    0x080016e4   0x0000002e   Code   RO         2683    i.MQTTDeserialize_unsuback  mqttunsubscribeclient.o
    0x08001712   0x00000058   Code   RO         2484    i.MQTTPacket_decode  mqttpacket.o
    0x0800176a   0x00000002   PAD
    0x0800176c   0x0000001c   Code   RO         2485    i.MQTTPacket_decodeBuf  mqttpacket.o
    0x08001788   0x00000036   Code   RO         2487    i.MQTTPacket_encode  mqttpacket.o
    0x080017be   0x00000002   PAD
    0x080017c0   0x00000028   Code   RO         2489    i.MQTTPacket_len    mqttpacket.o
    0x080017e8   0x00000066   Code   RO         2490    i.MQTTPacket_read   mqttpacket.o
    0x0800184e   0x00000002   PAD
    0x08001850   0x00000168   Code   RO         2343    i.MQTTSerialize_connect  mqttconnectclient.o
    0x080019b8   0x00000076   Code   RO         2344    i.MQTTSerialize_connectLength  mqttconnectclient.o
    0x08001a2e   0x00000012   Code   RO         2346    i.MQTTSerialize_pingreq  mqttconnectclient.o
    0x08001a40   0x000000b0   Code   RO         2602    i.MQTTSerialize_publish  mqttserializepublish.o
    0x08001af0   0x00000022   Code   RO         2603    i.MQTTSerialize_publishLength  mqttserializepublish.o
    0x08001b12   0x000000b0   Code   RO         2642    i.MQTTSerialize_subscribe  mqttsubscribeclient.o
    0x08001bc2   0x0000002e   Code   RO         2643    i.MQTTSerialize_subscribeLength  mqttsubscribeclient.o
    0x08001bf0   0x000000a6   Code   RO         2684    i.MQTTSerialize_unsubscribe  mqttunsubscribeclient.o
    0x08001c96   0x0000002e   Code   RO         2685    i.MQTTSerialize_unsubscribeLength  mqttunsubscribeclient.o
    0x08001cc4   0x0000004c   Code   RO         2347    i.MQTTSerialize_zero  mqttconnectclient.o
    0x08001d10   0x00000018   Code   RO         2492    i.MQTTstrlen        mqttpacket.o
    0x08001d28   0x00000004   Code   RO           26    i.MemManage_Handler  stm32f10x_it.o
    0x08001d2c   0x00000002   Code   RO           27    i.NMI_Handler       stm32f10x_it.o
    0x08001d2e   0x00000002   PAD
    0x08001d30   0x00000074   Code   RO         2835    i.NVIC_Init         f103c8t6.lib(misc.o)
    0x08001da4   0x00000020   Code   RO         3289    i.RCC_APB1PeriphClockCmd  f103c8t6.lib(stm32f10x_rcc.o)
    0x08001dc4   0x00000020   Code   RO         3291    i.RCC_APB2PeriphClockCmd  f103c8t6.lib(stm32f10x_rcc.o)
    0x08001de4   0x0000004c   Code   RO         3298    i.RCC_DeInit        f103c8t6.lib(stm32f10x_rcc.o)
    0x08001e30   0x000000d4   Code   RO         3299    i.RCC_GetClocksFreq  f103c8t6.lib(stm32f10x_rcc.o)
    0x08001f04   0x0000003c   Code   RO         3300    i.RCC_GetFlagStatus  f103c8t6.lib(stm32f10x_rcc.o)
    0x08001f40   0x00000010   Code   RO         3302    i.RCC_GetSYSCLKSource  f103c8t6.lib(stm32f10x_rcc.o)
    0x08001f50   0x00000018   Code   RO         3303    i.RCC_HCLKConfig    f103c8t6.lib(stm32f10x_rcc.o)
    0x08001f68   0x0000000c   Code   RO         3305    i.RCC_HSICmd        f103c8t6.lib(stm32f10x_rcc.o)
    0x08001f74   0x0000000c   Code   RO         3308    i.RCC_LSICmd        f103c8t6.lib(stm32f10x_rcc.o)
    0x08001f80   0x00000018   Code   RO         3310    i.RCC_PCLK1Config   f103c8t6.lib(stm32f10x_rcc.o)
    0x08001f98   0x00000018   Code   RO         3311    i.RCC_PCLK2Config   f103c8t6.lib(stm32f10x_rcc.o)
    0x08001fb0   0x0000000c   Code   RO         3312    i.RCC_PLLCmd        f103c8t6.lib(stm32f10x_rcc.o)
    0x08001fbc   0x0000001c   Code   RO         3313    i.RCC_PLLConfig     f103c8t6.lib(stm32f10x_rcc.o)
    0x08001fd8   0x00000018   Code   RO         3316    i.RCC_SYSCLKConfig  f103c8t6.lib(stm32f10x_rcc.o)
    0x08001ff0   0x00000010   Code   RO         3488    i.RTC_ClearITPendingBit  f103c8t6.lib(stm32f10x_rtc.o)
    0x08002000   0x00000024   Code   RO         3494    i.RTC_GetITStatus   f103c8t6.lib(stm32f10x_rtc.o)
    0x08002024   0x00000012   Code   RO           28    i.RTC_IRQHandler    stm32f10x_it.o
    0x08002036   0x00000002   Code   RO           29    i.SVC_Handler       stm32f10x_it.o
    0x08002038   0x0000003c   Code   RO          720    i.SysTick_Handler   board.o
    0x08002074   0x000000a4   Code   RO          167    i.SystemCoreClockUpdate  system_stm32f10x.o
    0x08002118   0x00000014   Code   RO          168    i.SystemInit        system_stm32f10x.o
    0x0800212c   0x00000018   Code   RO         3581    i.TIM_ARRPreloadConfig  f103c8t6.lib(stm32f10x_tim.o)
    0x08002144   0x00000018   Code   RO         3593    i.TIM_Cmd           f103c8t6.lib(stm32f10x_tim.o)
    0x0800215c   0x0000001e   Code   RO         3595    i.TIM_CtrlPWMOutputs  f103c8t6.lib(stm32f10x_tim.o)
    0x0800217a   0x00000002   PAD
    0x0800217c   0x00000098   Code   RO         3622    i.TIM_OC1Init       f103c8t6.lib(stm32f10x_tim.o)
    0x08002214   0x00000012   Code   RO         3625    i.TIM_OC1PreloadConfig  f103c8t6.lib(stm32f10x_tim.o)
    0x08002226   0x00000014   Code   RO         3640    i.TIM_OCStructInit  f103c8t6.lib(stm32f10x_tim.o)
    0x0800223a   0x00000004   Code   RO         3654    i.TIM_SetCompare1   f103c8t6.lib(stm32f10x_tim.o)
    0x0800223e   0x00000002   PAD
    0x08002240   0x000000a4   Code   RO         3664    i.TIM_TimeBaseInit  f103c8t6.lib(stm32f10x_tim.o)
    0x080022e4   0x000000c8   Code   RO          630    i.UART1_Init        drv_uart.o
    0x080023ac   0x000000c4   Code   RO          632    i.UART2_Init        drv_uart.o
    0x08002470   0x000000c8   Code   RO          634    i.UART3_Init        drv_uart.o
    0x08002538   0x00000018   Code   RO          636    i.UART_Clear        drv_uart.o
    0x08002550   0x00000028   Code   RO          637    i.UART_Init         drv_uart.o
    0x08002578   0x0000006c   Code   RO          638    i.UART_Send         drv_uart.o
    0x080025e4   0x00000070   Code   RO          639    i.USART1_IRQHandler  drv_uart.o
    0x08002654   0x00000078   Code   RO          640    i.USART2_IRQHandler  drv_uart.o
    0x080026cc   0x00000070   Code   RO          641    i.USART3_IRQHandler  drv_uart.o
    0x0800273c   0x00000012   Code   RO         4125    i.USART_ClearFlag   f103c8t6.lib(stm32f10x_usart.o)
    0x0800274e   0x0000001e   Code   RO         4126    i.USART_ClearITPendingBit  f103c8t6.lib(stm32f10x_usart.o)
    0x0800276c   0x00000018   Code   RO         4129    i.USART_Cmd         f103c8t6.lib(stm32f10x_usart.o)
    0x08002784   0x0000001a   Code   RO         4132    i.USART_GetFlagStatus  f103c8t6.lib(stm32f10x_usart.o)
    0x0800279e   0x00000054   Code   RO         4133    i.USART_GetITStatus  f103c8t6.lib(stm32f10x_usart.o)
    0x080027f2   0x0000004a   Code   RO         4135    i.USART_ITConfig    f103c8t6.lib(stm32f10x_usart.o)
    0x0800283c   0x000000d8   Code   RO         4136    i.USART_Init        f103c8t6.lib(stm32f10x_usart.o)
    0x08002914   0x0000000a   Code   RO         4143    i.USART_ReceiveData  f103c8t6.lib(stm32f10x_usart.o)
    0x0800291e   0x00000008   Code   RO         4146    i.USART_SendData    f103c8t6.lib(stm32f10x_usart.o)
    0x08002926   0x00000004   Code   RO           31    i.UsageFault_Handler  stm32f10x_it.o
    0x0800292a   0x00000002   PAD
    0x0800292c   0x00000010   Code   RO         4307    i.WWDG_Enable       f103c8t6.lib(stm32f10x_wwdg.o)
    0x0800293c   0x00000018   Code   RO         4311    i.WWDG_SetPrescaler  f103c8t6.lib(stm32f10x_wwdg.o)
    0x08002954   0x00000028   Code   RO         4312    i.WWDG_SetWindowValue  f103c8t6.lib(stm32f10x_wwdg.o)
    0x0800297c   0x00000030   Code   RO          721    i._SysTick_Config   board.o
    0x080029ac   0x00000020   Code   RO         4611    i.__0printf         mc_w.l(printfa.o)
    0x080029cc   0x00000028   Code   RO         4613    i.__0sprintf        mc_w.l(printfa.o)
    0x080029f4   0x00000008   Code   RO         4712    i.__aeabi_errno_addr  mc_w.l(errno.o)
    0x080029fc   0x0000004c   Code   RO         1664    i.__rt_ffs          kservice.o
    0x08002a48   0x0000000e   Code   RO         4774    i.__scatterload_copy  mc_w.l(handlers.o)
    0x08002a56   0x00000002   Code   RO         4775    i.__scatterload_null  mc_w.l(handlers.o)
    0x08002a58   0x0000000e   Code   RO         4776    i.__scatterload_zeroinit  mc_w.l(handlers.o)
    0x08002a66   0x00000002   PAD
    0x08002a68   0x00000184   Code   RO         4618    i._fp_digits        mc_w.l(printfa.o)
    0x08002bec   0x00000014   Code   RO         1367    i._has_defunct_thread  idle.o
    0x08002c00   0x000006dc   Code   RO         4619    i._printf_core      mc_w.l(printfa.o)
    0x080032dc   0x00000024   Code   RO         4620    i._printf_post_padding  mc_w.l(printfa.o)
    0x08003300   0x0000002e   Code   RO         4621    i._printf_pre_padding  mc_w.l(printfa.o)
    0x0800332e   0x00000002   PAD
    0x08003330   0x00000084   Code   RO         2035    i._rt_thread_init   thread.o
    0x080033b4   0x00000042   Code   RO         2150    i._rt_timer_init    timer.o
    0x080033f6   0x0000002e   Code   RO         2151    i._rt_timer_remove  timer.o
    0x08003424   0x0000000a   Code   RO         4623    i._sputc            mc_w.l(printfa.o)
    0x0800342e   0x00000010   Code   RO          435    i.app_ap01_init     app_ap01.o
    0x0800343e   0x00000002   PAD
    0x08003440   0x00000058   Code   RO          436    i.app_ap01_recv_parse  app_ap01.o
    0x08003498   0x000000ac   Code   RO          437    i.app_ap01_send_status  app_ap01.o
    0x08003544   0x00000068   Code   RO          438    i.app_ap01_thread_entry  app_ap01.o
    0x080035ac   0x0000001c   Code   RO          377    i.app_esp8266_recv  app_mqtt.o
    0x080035c8   0x000000c8   Code   RO          439    i.app_motor_init    app_ap01.o
    0x08003690   0x00000060   Code   RO          440    i.app_motor_set_speed  app_ap01.o
    0x080036f0   0x00000128   Code   RO          378    i.app_mqtt_init     app_mqtt.o
    0x08003818   0x0000000c   Code   RO          379    i.app_mqtt_main     app_mqtt.o
    0x08003824   0x00000050   Code   RO          380    i.app_mqtt_pub_data  app_mqtt.o
    0x08003874   0x00000078   Code   RO          381    i.app_mqtt_put_data  app_mqtt.o
    0x080038ec   0x00000020   Code   RO          382    i.app_mqtt_recv0    app_mqtt.o
    0x0800390c   0x00000064   Code   RO          383    i.app_mqtt_recv_parse  app_mqtt.o
    0x08003970   0x00000014   Code   RO          384    i.app_mqtt_send0    app_mqtt.o
    0x08003984   0x000000b0   Code   RO          441    i.app_pm25_recv_check  app_ap01.o
    0x08003a34   0x00000030   Code   RO          442    i.app_sht30_init    app_ap01.o
    0x08003a64   0x000000ec   Code   RO          309    i.app_uart_thread_entry  user_app.o
    0x08003b50   0x00000028   Code   RO         2493    i.bufchar           mqttpacket.o
    0x08003b78   0x00000020   Code   RO          495    i.delay_ms          drv_common.o
    0x08003b98   0x00000018   Code   RO          496    i.delay_os          drv_common.o
    0x08003bb0   0x00000020   Code   RO          497    i.delay_us          drv_common.o
    0x08003bd0   0x0000001e   Code   RO          498    i.drv_check_sum     drv_common.o
    0x08003bee   0x00000002   PAD
    0x08003bf0   0x00000098   Code   RO          499    i.drv_common_init   drv_common.o
    0x08003c88   0x00000038   Code   RO          500    i.drv_crc16         drv_common.o
    0x08003cc0   0x00000048   Code   RO          775    i.drv_esp8266_client_connect  drv_esp8266.o
    0x08003d08   0x00000068   Code   RO          776    i.drv_esp8266_close  drv_esp8266.o
    0x08003d70   0x00000174   Code   RO          777    i.drv_esp8266_connect_process  drv_esp8266.o
    0x08003ee4   0x0000000c   Code   RO          778    i.drv_esp8266_fun_register  drv_esp8266.o
    0x08003ef0   0x00000058   Code   RO          779    i.drv_esp8266_init  drv_esp8266.o
    0x08003f48   0x0000000c   Code   RO          780    i.drv_esp8266_main  drv_esp8266.o
    0x08003f54   0x00000214   Code   RO          781    i.drv_esp8266_recv_process  drv_esp8266.o
    0x08004168   0x0000020c   Code   RO          782    i.drv_esp8266_reg_process  drv_esp8266.o
    0x08004374   0x00000038   Code   RO          783    i.drv_esp8266_send_at  drv_esp8266.o
    0x080043ac   0x00000074   Code   RO          784    i.drv_esp8266_send_data  drv_esp8266.o
    0x08004420   0x0000004c   Code   RO          786    i.drv_esp8266_set_client  drv_esp8266.o
    0x0800446c   0x00000028   Code   RO          788    i.drv_esp8266_uart_send  drv_esp8266.o
    0x08004494   0x0000000c   Code   RO          504    i.drv_get_sec_counter  drv_common.o
    0x080044a0   0x0000002c   Code   RO          965    i.drv_mqtt_close    drv_mqtt.o
    0x080044cc   0x000001ec   Code   RO          966    i.drv_mqtt_connect  drv_mqtt.o
    0x080046b8   0x0000000c   Code   RO          967    i.drv_mqtt_fun_parse_register  drv_mqtt.o
    0x080046c4   0x0000001c   Code   RO          968    i.drv_mqtt_fun_transmit_register  drv_mqtt.o
    0x080046e0   0x00000060   Code   RO          969    i.drv_mqtt_init     drv_mqtt.o
    0x08004740   0x0000000c   Code   RO          970    i.drv_mqtt_main     drv_mqtt.o
    0x0800474c   0x00000088   Code   RO          971    i.drv_mqtt_publish  drv_mqtt.o
    0x080047d4   0x00000274   Code   RO          972    i.drv_mqtt_recv_check  drv_mqtt.o
    0x08004a48   0x0000005c   Code   RO          973    i.drv_mqtt_set_topic_info  drv_mqtt.o
    0x08004aa4   0x00000030   Code   RO          974    i.drv_mqtt_set_topic_state  drv_mqtt.o
    0x08004ad4   0x00000020   Code   RO          975    i.drv_mqtt_take_rb  drv_mqtt.o
    0x08004af4   0x00000002   Code   RO          505    i.drv_rtc_init      drv_common.o
    0x08004af6   0x00000002   PAD
    0x08004af8   0x00000020   Code   RO         1042    i.drv_server_add_passwd  drv_server.o
    0x08004b18   0x0000002c   Code   RO         1043    i.drv_server_cmd_parse  drv_server.o
    0x08004b44   0x0000000c   Code   RO         1044    i.drv_server_cmd_parse_register  drv_server.o
    0x08004b50   0x0000000c   Code   RO         1045    i.drv_server_get_app_id  drv_server.o
    0x08004b5c   0x0000000c   Code   RO         1046    i.drv_server_get_gw_sn  drv_server.o
    0x08004b68   0x00000008   Code   RO         1047    i.drv_server_init   drv_server.o
    0x08004b70   0x00000054   Code   RO         1048    i.drv_server_read   drv_server.o
    0x08004bc4   0x00000324   Code   RO         1049    i.drv_server_recv_parse  drv_server.o
    0x08004ee8   0x00000020   Code   RO         1050    i.drv_server_send_level  drv_server.o
    0x08004f08   0x0000020c   Code   RO         1051    i.drv_server_send_msg  drv_server.o
    0x08005114   0x0000000c   Code   RO         1052    i.drv_server_send_register  drv_server.o
    0x08005120   0x0000002c   Code   RO         1054    i.drv_server_set_app_id  drv_server.o
    0x0800514c   0x0000001c   Code   RO         1056    i.drv_server_write  drv_server.o
    0x08005168   0x00000010   Code   RO          869    i.drv_sht30_init    drv_sht30.o
    0x08005178   0x00000148   Code   RO          870    i.drv_sht30_read_th  drv_sht30.o
    0x080052c0   0x0000002c   Code   RO         1057    i.drv_slave_cmd_parse  drv_server.o
    0x080052ec   0x00000040   Code   RO          508    i.drv_system_reset  drv_common.o
    0x0800532c   0x00000014   Code   RO          509    i.drv_wdog_feed     drv_common.o
    0x08005340   0x00000034   Code   RO          510    i.drv_wdog_init     drv_common.o
    0x08005374   0x00000024   Code   RO          642    i.fputc             drv_uart.o
    0x08005398   0x00000050   Code   RO         4639    i.free              mc_w.l(malloc.o)
    0x080053e8   0x000000a8   Code   RO          204    i.main              main.o
    0x08005490   0x0000000e   Code   RO         1294    i.main_thread_entry  components.o
    0x0800549e   0x00000002   PAD
    0x080054a0   0x0000006c   Code   RO         4640    i.malloc            mc_w.l(malloc.o)
    0x0800550c   0x00000048   Code   RO          512    i.memstr            drv_common.o
    0x08005554   0x00000078   Code   RO         1822    i.plug_holes        mem.o
    0x080055cc   0x0000000e   Code   RO         2495    i.readChar          mqttpacket.o
    0x080055da   0x0000001a   Code   RO         2496    i.readInt           mqttpacket.o
    0x080055f4   0x0000003a   Code   RO         2497    i.readMQTTLenString  mqttpacket.o
    0x0800562e   0x00000002   PAD
    0x08005630   0x00000030   Code   RO         1295    i.rt_application_init  components.o
    0x08005660   0x0000001c   Code   RO         1296    i.rt_components_board_init  components.o
    0x0800567c   0x0000001c   Code   RO         1297    i.rt_components_init  components.o
    0x08005698   0x00000020   Code   RO         1954    i.rt_enter_critical  scheduler.o
    0x080056b8   0x0000003c   Code   RO         1955    i.rt_exit_critical  scheduler.o
    0x080056f4   0x00000078   Code   RO         1824    i.rt_free           mem.o
    0x0800576c   0x00000008   Code   RO          722    i.rt_heap_begin_get  board.o
    0x08005774   0x00000008   Code   RO          723    i.rt_heap_end_get   board.o
    0x0800577c   0x0000003c   Code   RO          724    i.rt_hw_board_init  board.o
    0x080057b8   0x00000024   Code   RO         1224    i.rt_hw_hard_fault_exception  cpuport.o
    0x080057dc   0x0000004c   Code   RO         1225    i.rt_hw_stack_init  cpuport.o
    0x08005828   0x00000020   Code   RO         1637    i.rt_interrupt_enter  irq.o
    0x08005848   0x00000020   Code   RO         1639    i.rt_interrupt_leave  irq.o
    0x08005868   0x00000014   Code   RO         1407    i.rt_ipc_list_resume  ipc.o
    0x0800587c   0x0000006c   Code   RO         1409    i.rt_ipc_list_suspend  ipc.o
    0x080058e8   0x00000010   Code   RO         1410    i.rt_ipc_object_init  ipc.o
    0x080058f8   0x00000006   Code   RO         1411    i.rt_list_init      ipc.o
    0x080058fe   0x00000006   Code   RO         1956    i.rt_list_init      scheduler.o
    0x08005904   0x00000006   Code   RO         2152    i.rt_list_init      timer.o
    0x0800590a   0x0000000e   Code   RO         1884    i.rt_list_insert_after  object.o
    0x08005918   0x0000000e   Code   RO         2036    i.rt_list_insert_after  thread.o
    0x08005926   0x0000000e   Code   RO         2153    i.rt_list_insert_after  timer.o
    0x08005934   0x0000000e   Code   RO         1412    i.rt_list_insert_before  ipc.o
    0x08005942   0x00000010   Code   RO         1413    i.rt_list_isempty   ipc.o
    0x08005952   0x00000010   Code   RO         2154    i.rt_list_isempty   timer.o
    0x08005962   0x00000012   Code   RO         1885    i.rt_list_remove    object.o
    0x08005974   0x00000012   Code   RO         2037    i.rt_list_remove    thread.o
    0x08005986   0x00000002   PAD
    0x08005988   0x0000016c   Code   RO         1825    i.rt_malloc         mem.o
    0x08005af4   0x00000048   Code   RO         1673    i.rt_memset         kservice.o
    0x08005b3c   0x0000004a   Code   RO         1886    i.rt_object_allocate  object.o
    0x08005b86   0x00000020   Code   RO         1887    i.rt_object_delete  object.o
    0x08005ba6   0x0000001a   Code   RO         1888    i.rt_object_detach  object.o
    0x08005bc0   0x00000028   Code   RO         1890    i.rt_object_get_information  object.o
    0x08005be8   0x0000003c   Code   RO         1891    i.rt_object_init    object.o
    0x08005c24   0x00000012   Code   RO         1892    i.rt_object_is_systemobject  object.o
    0x08005c36   0x00000032   Code   RO         2261    i.rt_ringbuffer_create  ringbuffer.o
    0x08005c68   0x0000004c   Code   RO         2262    i.rt_ringbuffer_data_len  ringbuffer.o
    0x08005cb4   0x000000a4   Code   RO         2264    i.rt_ringbuffer_get  ringbuffer.o
    0x08005d58   0x0000002c   Code   RO         2266    i.rt_ringbuffer_init  ringbuffer.o
    0x08005d84   0x000000a8   Code   RO         2267    i.rt_ringbuffer_put  ringbuffer.o
    0x08005e2c   0x0000002a   Code   RO         2272    i.rt_ringbuffer_status  ringbuffer.o
    0x08005e56   0x00000002   PAD
    0x08005e58   0x00000090   Code   RO         1957    i.rt_schedule       scheduler.o
    0x08005ee8   0x00000050   Code   RO         1958    i.rt_schedule_insert_thread  scheduler.o
    0x08005f38   0x00000054   Code   RO         1959    i.rt_schedule_remove_thread  scheduler.o
    0x08005f8c   0x00000026   Code   RO         1441    i.rt_sem_init       ipc.o
    0x08005fb2   0x0000003a   Code   RO         1442    i.rt_sem_release    ipc.o
    0x08005fec   0x00000074   Code   RO         1443    i.rt_sem_take       ipc.o
    0x08006060   0x00000002   Code   RO         1675    i.rt_show_version   kservice.o
    0x08006062   0x00000034   Code   RO         1683    i.rt_strncpy        kservice.o
    0x08006096   0x00000002   PAD
    0x08006098   0x000000b0   Code   RO         1828    i.rt_system_heap_init  mem.o
    0x08006148   0x0000004c   Code   RO         1960    i.rt_system_scheduler_init  scheduler.o
    0x08006194   0x00000030   Code   RO         1961    i.rt_system_scheduler_start  scheduler.o
    0x080061c4   0x0000001c   Code   RO         2155    i.rt_system_timer_init  timer.o
    0x080061e0   0x00000002   Code   RO         2156    i.rt_system_timer_thread_init  timer.o
    0x080061e2   0x00000050   Code   RO         2039    i.rt_thread_create  thread.o
    0x08006232   0x0000000c   Code   RO         2040    i.rt_thread_delay   thread.o
    0x0800623e   0x00000002   PAD
    0x08006240   0x00000054   Code   RO         2043    i.rt_thread_exit    thread.o
    0x08006294   0x00000008   Code   RO         1368    i.rt_thread_idle_entry  idle.o
    0x0800629c   0x00000084   Code   RO         1369    i.rt_thread_idle_excute  idle.o
    0x08006320   0x0000003c   Code   RO         1371    i.rt_thread_idle_init  idle.o
    0x0800635c   0x00000034   Code   RO         2045    i.rt_thread_init    thread.o
    0x08006390   0x0000003c   Code   RO         2046    i.rt_thread_resume  thread.o
    0x080063cc   0x0000000c   Code   RO         2047    i.rt_thread_self    thread.o
    0x080063d8   0x00000044   Code   RO         2048    i.rt_thread_sleep   thread.o
    0x0800641c   0x0000002c   Code   RO         2049    i.rt_thread_startup  thread.o
    0x08006448   0x00000044   Code   RO         2050    i.rt_thread_suspend  thread.o
    0x0800648c   0x00000020   Code   RO         2051    i.rt_thread_timeout  thread.o
    0x080064ac   0x00000064   Code   RO         2052    i.rt_thread_yield   thread.o
    0x08006510   0x0000000c   Code   RO         1257    i.rt_tick_get       clock.o
    0x0800651c   0x00000030   Code   RO         1258    i.rt_tick_increase  clock.o
    0x0800654c   0x0000007c   Code   RO         2157    i.rt_timer_check    timer.o
    0x080065c8   0x00000038   Code   RO         2158    i.rt_timer_control  timer.o
    0x08006600   0x00000020   Code   RO         2161    i.rt_timer_detach   timer.o
    0x08006620   0x0000002e   Code   RO         2162    i.rt_timer_init     timer.o
    0x0800664e   0x00000002   PAD
    0x08006650   0x000000f8   Code   RO         2165    i.rt_timer_start    timer.o
    0x08006748   0x00000030   Code   RO         2166    i.rt_timer_stop     timer.o
    0x08006778   0x00000004   Code   RO         1298    i.rti_board_end     components.o
    0x0800677c   0x00000004   Code   RO         1299    i.rti_board_start   components.o
    0x08006780   0x00000004   Code   RO         1300    i.rti_end           components.o
    0x08006784   0x00000004   Code   RO         1301    i.rti_start         components.o
    0x08006788   0x0000002a   Code   RO         1302    i.rtthread_startup  components.o
    0x080067b2   0x00000002   PAD
    0x080067b4   0x00000068   Code   RO         1177    i.tea_decrypt_buff  drv_encrypt.o
    0x0800681c   0x00000068   Code   RO         1178    i.tea_encrypt_buff  drv_encrypt.o
    0x08006884   0x00000028   Code   RO         2498    i.writeCString      mqttpacket.o
    0x080068ac   0x0000000c   Code   RO         2499    i.writeChar         mqttpacket.o
    0x080068b8   0x00000030   Code   RO         2500    i.writeInt          mqttpacket.o
    0x080068e8   0x0000003e   Code   RO         2501    i.writeMQTTString   mqttpacket.o
    0x08006926   0x00000002   PAD
    0x08006928   0x00000050   Data   RO          386    .constdata          app_mqtt.o
    0x08006978   0x00000200   Data   RO          515    .constdata          drv_common.o
    0x08006b78   0x00000058   Data   RO          977    .constdata          drv_mqtt.o
    0x08006bd0   0x00000122   Data   RO         1689    .constdata          kservice.o
    0x08006cf2   0x00000081   Data   RO         4741    .constdata          mc_w.l(ctype_o.o)
    0x08006d73   0x00000001   PAD
    0x08006d74   0x00000004   Data   RO         4742    .constdata          mc_w.l(ctype_o.o)
    0x08006d78   0x00000014   Data   RO          387    .conststring        app_mqtt.o
    0x08006d8c   0x00000094   Data   RO         1060    .conststring        drv_server.o
    0x08006e20   0x00000004   Data   RO         1303    .rti_fn.0           components.o
    0x08006e24   0x00000004   Data   RO         1304    .rti_fn.0.end       components.o
    0x08006e28   0x00000004   Data   RO         1305    .rti_fn.1.end       components.o
    0x08006e2c   0x00000004   Data   RO         1306    .rti_fn.6.end       components.o
    0x08006e30   0x00000020   Data   RO         4772    Region$$Table       anon$$obj.o


    Execution Region RW_IRAM1 (Base: 0x20000000, Size: 0x000037e8, Max: 0x00005000, ABSOLUTE, COMPRESSED[0x00000074])

    Base Addr    Size         Type   Attr      Idx    E Section Name        Object

    0x20000000   0x00000014   Data   RW          169    .data               system_stm32f10x.o
    0x20000014   0x00000004   Data   RW          310    .data               user_app.o
    0x20000018   0x00000008   Data   RW          388    .data               app_mqtt.o
    0x20000020   0x00000004   Data   RW          444    .data               app_ap01.o
    0x20000024   0x0000000d   Data   RW          516    .data               drv_common.o
    0x20000031   0x00000003   PAD
    0x20000034   0x00000004   Data   RW          726    .data               board.o
    0x20000038   0x00000008   Data   RW          790    .data               drv_esp8266.o
    0x20000040   0x00000005   Data   RW          978    .data               drv_mqtt.o
    0x20000045   0x00000003   PAD
    0x20000048   0x00000018   Data   RW         1061    .data               drv_server.o
    0x20000060   0x00000010   Data   RW         1226    .data               cpuport.o
    0x20000070   0x00000004   Data   RW         1260    .data               clock.o
    0x20000074   0x00000001   Data   RW         1640    .data               irq.o
    0x20000075   0x00000003   PAD
    0x20000078   0x00000018   Data   RW         1830    .data               mem.o
    0x20000090   0x00000060   Data   RW         1894    .data               object.o
    0x200000f0   0x00000018   Data   RW         1963    .data               scheduler.o
    0x20000108   0x0000000c   Data   RW         2167    .data               timer.o
    0x20000114   0x00000004   Data   RW         2502    .data               mqttpacket.o
    0x20000118   0x00000014   Data   RW         3319    .data               f103c8t6.lib(stm32f10x_rcc.o)
    0x2000012c   0x00000004   Data   RW         4703    .data               mc_w.l(stdout.o)
    0x20000130   0x00000004   Data   RW         4710    .data               mc_w.l(mvars.o)
    0x20000134   0x00000004   Data   RW         4711    .data               mc_w.l(mvars.o)
    0x20000138   0x00000004   Data   RW         4715    .data               mc_w.l(errno.o)
    0x2000013c   0x00000014   Zero   RW          385    .bss                app_mqtt.o
    0x20000150   0x00000020   Zero   RW          443    .bss                app_ap01.o
    0x20000170   0x00000400   Zero   RW          514    .bss                drv_common.o
    0x20000570   0x0000083c   Zero   RW          643    .bss                drv_uart.o
    0x20000dac   0x00001000   Zero   RW          725    .bss                board.o
    0x20001dac   0x0000027c   Zero   RW          789    .bss                drv_esp8266.o
    0x20002028   0x00000390   Zero   RW          976    .bss                drv_mqtt.o
    0x200023b8   0x00000598   Zero   RW         1059    .bss                drv_server.o
    0x20002950   0x00000178   Zero   RW         1372    .bss                idle.o
    0x20002ac8   0x00000020   Zero   RW         1829    .bss                mem.o
    0x20002ae8   0x00000100   Zero   RW         1962    .bss                scheduler.o
    0x20002be8   0x00000800   Zero   RW           18    HEAP                startup_stm32f10x_md.o
    0x200033e8   0x00000400   Zero   RW           17    STACK               startup_stm32f10x_md.o


==============================================================================

Image component sizes


      Code (inc. data)   RO Data    RW Data    ZI Data      Debug   Object Name

       900        158          0          4         32       5881   app_ap01.o
       688        242        100          8         20       5931   app_mqtt.o
       184         26          0          4       4096       3625   board.o
        60         12          0          4          0       1281   clock.o
       190         30         16          0          0       6136   components.o
       240         26          0          0          0        816   context_rvds.o
         0          0          0          0          0       4572   core_cm3.o
       112         10          0         16          0       3278   cpuport.o
       720        132        512         13       1024       9487   drv_common.o
       416         62          0          0          0       3624   drv_encrypt.o
      2004        570          0          8        636       9877   drv_esp8266.o
       614          0          0          0          0       6385   drv_iic.o
      1620        348         88          5        912      10150   drv_mqtt.o
      1692        416        148         24       1432      11182   drv_server.o
       344         44          0          0          0       1793   drv_sht30.o
      1148        116          0          0       2108       7554   drv_uart.o
       220         30          0          0        376       5230   idle.o
       392          0          0          0          0       8073   ipc.o
        64         12          0          1          0       1706   irq.o
       202          6        290          0          0       5624   kservice.o
       168        112          0          0          0       8116   main.o
       780         92          0         24         32       4052   mem.o
       690         18          0          0          0       4645   mqttconnectclient.o
       276          0          0          0          0       2696   mqttdeserializepublish.o
       636         18          0          4          0      10182   mqttpacket.o
       210          0          0          0          0       1866   mqttserializepublish.o
       368          0          0          0          0       3399   mqttsubscribeclient.o
       258          0          0          0          0       3137   mqttunsubscribeclient.o
       282          4          0         96          0       8016   object.o
       544          0          0          0          0       4469   ringbuffer.o
       530         88          0         24        256       8238   scheduler.o
        36          8        236          0       3072        844   startup_stm32f10x_md.o
        36          0          0          0          0     250976   stm32f10x_it.o
       340         30          0         20          0       2606   system_stm32f10x.o
       776         36          0          0          0      11703   thread.o
       732         20          0         12          0      11076   timer.o
       328        102          0          4          0      10623   user_app.o

    ----------------------------------------------------------------------
     18840       2768       1422        280      13996     458849   Object Totals
         0          0         32          0          0          0   (incl. Generated)
        40          0          0          9          0          0   (incl. Padding)

    ----------------------------------------------------------------------

      Code (inc. data)   RO Data    RW Data    ZI Data      Debug   Library Member Name

       116         14          0          0          0     257484   misc.o
       370         44          0          0          0       5879   stm32f10x_flash.o
       444          6          0          0          0       4442   stm32f10x_gpio.o
        68         30          0          0          0       2450   stm32f10x_iwdg.o
       588         98          0         20          0      10244   stm32f10x_rcc.o
        52          8          0          0          0       1074   stm32f10x_rtc.o
       436         62          0          0          0       5203   stm32f10x_tim.o
       490          6          0          0          0       7265   stm32f10x_usart.o
        80         18          0          0          0       2280   stm32f10x_wwdg.o
        86          0          0          0          0          0   __dczerorl2.o
        28          0          0          0          0         68   _chval.o
       158          0          0          0          0         92   _strtoul.o
        26          0          0          0          0         80   atoi.o
         8          4        133          0          0         68   ctype_o.o
         0          0          0          0          0          0   entry.o
         0          0          0          0          0          0   entry10a.o
         0          0          0          0          0          0   entry11a.o
         8          4          0          0          0          0   entry2.o
         4          0          0          0          0          0   entry5.o
         0          0          0          0          0          0   entry7b.o
         0          0          0          0          0          0   entry8b.o
         8          4          0          0          0          0   entry9a.o
         8          4          0          4          0         68   errno.o
        30          0          0          0          0          0   handlers.o
        36          8          0          0          0         68   init.o
         0          0          0          0          0          0   iusefp.o
        30          0          0          0          0         68   llshl.o
        36          0          0          0          0         68   llsshr.o
        32          0          0          0          0         68   llushr.o
       188         20          0          0          0        160   malloc.o
        26          0          0          0          0         80   memcmp.o
        36          0          0          0          0         68   memcpya.o
        36          0          0          0          0        108   memseta.o
         0          0          0          8          0          0   mvars.o
      2308         96          0          0          0        604   printfa.o
         0          0          0          4          0          0   stdout.o
        18          0          0          0          0         68   strcpy.o
        14          0          0          0          0         68   strlen.o
        36          0          0          0          0         80   strstr.o
       112          0          0          0          0         88   strtol.o
        44          0          0          0          0         80   uidiv.o
        98          0          0          0          0         92   uldiv.o
        48          0          0          0          0         68   cdrcmple.o
       334          0          0          0          0        148   dadd.o
       222          0          0          0          0        100   ddiv.o
       186          0          0          0          0        176   depilogue.o
        50          0          0          0          0         76   dfixui.o
        48          0          0          0          0         68   dfixul.o
        34          0          0          0          0         76   dflti.o
        26          0          0          0          0         76   dfltui.o
       228          0          0          0          0         96   dmul.o
        38          0          0          0          0         68   f2d.o
       176          0          0          0          0        140   fadd.o
       124          0          0          0          0         88   fdiv.o
       110          0          0          0          0        168   fepilogue.o
        40          0          0          0          0         68   ffixui.o
        10          0          0          0          0         68   ffltui.o
       100          0          0          0          0         76   fmul.o

    ----------------------------------------------------------------------
      7844        426        134         36          0     300025   Library Totals
        12          0          1          0          0          0   (incl. Padding)

    ----------------------------------------------------------------------

      Code (inc. data)   RO Data    RW Data    ZI Data      Debug   Library Name

      2644        286          0         20          0     296321   f103c8t6.lib
      3414        140        133         16          0       2144   mc_w.l
      1774          0          0          0          0       1560   mf_w.l

    ----------------------------------------------------------------------
      7844        426        134         36          0     300025   Library Totals

    ----------------------------------------------------------------------

==============================================================================


      Code (inc. data)   RO Data    RW Data    ZI Data      Debug   

     26684       3194       1556        316      13996     742622   Grand Totals
     26684       3194       1556        116      13996     742622   ELF Image Totals (compressed)
     26684       3194       1556        116          0          0   ROM Totals

==============================================================================

    Total RO  Size (Code + RO Data)                28240 (  27.58kB)
    Total RW  Size (RW Data + ZI Data)             14312 (  13.98kB)
    Total ROM Size (Code + RO Data + RW Data)      28356 (  27.69kB)

==============================================================================

