Component: ARM Compiler 5.06 update 4 (build 422) Tool: armlink [4d35d2]

==============================================================================

Section Cross References

    startup_stm32f10x_md.o(RESET) refers to startup_stm32f10x_md.o(STACK) for __initial_sp
    startup_stm32f10x_md.o(RESET) refers to startup_stm32f10x_md.o(.text) for Reset_Handler
    startup_stm32f10x_md.o(RESET) refers to stm32f10x_it.o(i.NMI_Handler) for NMI_Handler
    startup_stm32f10x_md.o(RESET) refers to context_rvds.o(.text) for HardFault_Handler
    startup_stm32f10x_md.o(RESET) refers to stm32f10x_it.o(i.MemManage_Handler) for MemManage_Handler
    startup_stm32f10x_md.o(RESET) refers to stm32f10x_it.o(i.BusFault_Handler) for BusFault_Handler
    startup_stm32f10x_md.o(RESET) refers to stm32f10x_it.o(i.UsageFault_Handler) for UsageFault_Handler
    startup_stm32f10x_md.o(RESET) refers to stm32f10x_it.o(i.SVC_Handler) for SVC_Handler
    startup_stm32f10x_md.o(RESET) refers to stm32f10x_it.o(i.DebugMon_Handler) for DebugMon_Handler
    startup_stm32f10x_md.o(RESET) refers to board.o(i.SysTick_Handler) for SysTick_Handler
    startup_stm32f10x_md.o(RESET) refers to stm32f10x_it.o(i.RTC_IRQHandler) for RTC_IRQHandler
    startup_stm32f10x_md.o(RESET) refers to drv_uart.o(i.USART1_IRQHandler) for USART1_IRQHandler
    startup_stm32f10x_md.o(RESET) refers to drv_uart.o(i.USART2_IRQHandler) for USART2_IRQHandler
    startup_stm32f10x_md.o(RESET) refers to drv_uart.o(i.USART3_IRQHandler) for USART3_IRQHandler
    startup_stm32f10x_md.o(.text) refers to system_stm32f10x.o(i.SystemInit) for SystemInit
    startup_stm32f10x_md.o(.text) refers to entry.o(.ARM.Collect$$$$00000000) for __main
    stm32f10x_it.o(i.RTC_IRQHandler) refers to stm32f10x_rtc.o(i.RTC_GetITStatus) for RTC_GetITStatus
    stm32f10x_it.o(i.RTC_IRQHandler) refers to stm32f10x_rtc.o(i.RTC_ClearITPendingBit) for RTC_ClearITPendingBit
    system_stm32f10x.o(i.HSI_Config) refers to stm32f10x_rcc.o(i.RCC_DeInit) for RCC_DeInit
    system_stm32f10x.o(i.HSI_Config) refers to stm32f10x_rcc.o(i.RCC_HSICmd) for RCC_HSICmd
    system_stm32f10x.o(i.HSI_Config) refers to stm32f10x_rcc.o(i.RCC_GetFlagStatus) for RCC_GetFlagStatus
    system_stm32f10x.o(i.HSI_Config) refers to stm32f10x_rcc.o(i.RCC_HCLKConfig) for RCC_HCLKConfig
    system_stm32f10x.o(i.HSI_Config) refers to stm32f10x_rcc.o(i.RCC_PCLK2Config) for RCC_PCLK2Config
    system_stm32f10x.o(i.HSI_Config) refers to stm32f10x_rcc.o(i.RCC_PCLK1Config) for RCC_PCLK1Config
    system_stm32f10x.o(i.HSI_Config) refers to stm32f10x_flash.o(i.FLASH_SetLatency) for FLASH_SetLatency
    system_stm32f10x.o(i.HSI_Config) refers to stm32f10x_flash.o(i.FLASH_PrefetchBufferCmd) for FLASH_PrefetchBufferCmd
    system_stm32f10x.o(i.HSI_Config) refers to stm32f10x_rcc.o(i.RCC_PLLConfig) for RCC_PLLConfig
    system_stm32f10x.o(i.HSI_Config) refers to stm32f10x_rcc.o(i.RCC_PLLCmd) for RCC_PLLCmd
    system_stm32f10x.o(i.HSI_Config) refers to stm32f10x_rcc.o(i.RCC_SYSCLKConfig) for RCC_SYSCLKConfig
    system_stm32f10x.o(i.HSI_Config) refers to stm32f10x_rcc.o(i.RCC_GetSYSCLKSource) for RCC_GetSYSCLKSource
    system_stm32f10x.o(i.HSI_Config) refers to stm32f10x_rcc.o(i.RCC_APB2PeriphClockCmd) for RCC_APB2PeriphClockCmd
    system_stm32f10x.o(i.HSI_Config) refers to stm32f10x_gpio.o(i.GPIO_PinRemapConfig) for GPIO_PinRemapConfig
    system_stm32f10x.o(i.HSI_Config) refers to stm32f10x_gpio.o(i.GPIO_Init) for GPIO_Init
    system_stm32f10x.o(i.HSI_Config) refers to stm32f10x_gpio.o(i.GPIO_ResetBits) for GPIO_ResetBits
    system_stm32f10x.o(i.SetSysClock) refers to system_stm32f10x.o(i.SetSysClockTo72) for SetSysClockTo72
    system_stm32f10x.o(i.SystemCoreClockUpdate) refers to system_stm32f10x.o(.data) for SystemCoreClock
    system_stm32f10x.o(i.SystemInit) refers to system_stm32f10x.o(i.HSI_Config) for HSI_Config
    main.o(i.main) refers to printfa.o(i.__0printf) for __2printf
    main.o(i.main) refers to user_app.o(i.APP_Init) for APP_Init
    main.o(i.main) refers to drv_common.o(i.drv_wdog_feed) for drv_wdog_feed
    main.o(i.main) refers to drv_common.o(i.drv_get_sec_counter) for drv_get_sec_counter
    main.o(i.main) refers to drv_common.o(i.delay_os) for delay_os
    user_app.o(i.APP_Init) refers to thread.o(i.rt_thread_create) for rt_thread_create
    user_app.o(i.APP_Init) refers to thread.o(i.rt_thread_startup) for rt_thread_startup
    user_app.o(i.APP_Init) refers to user_app.o(i.app_uart_thread_entry) for app_uart_thread_entry
    user_app.o(i.APP_Init) refers to app_th01.o(i.app_th01_thread_entry) for app_th01_thread_entry
    user_app.o(i.app_uart_send) refers to drv_uart.o(i.UART2_Send) for UART2_Send
    user_app.o(i.app_uart_thread_entry) refers to drv_common.o(i.delay_ms) for delay_ms
    user_app.o(i.app_uart_thread_entry) refers to printfa.o(i.__0printf) for __2printf
    user_app.o(i.app_uart_thread_entry) refers to strstr.o(.text) for strstr
[...]
    .bss                                     0x20002aec   Section      256  scheduler.o(.bss)
    HEAP                                     0x20002bf0   Section     2048  startup_stm32f10x_md.o(HEAP)
    STACK                                    0x200033f0   Section     1024  startup_stm32f10x_md.o(STACK)

    Global Symbols

    Symbol Name                              Value     Ov Type        Size  Object(Section)

    BuildAttributes$$THM_ISAv4$P$D$K$B$S$PE$A:L22UL41UL21$X:L11$S22US41US21$IEEE1$IW$USESV6$~STKCKD$USESV7$~SHL$OTIME$ROPI$EBA8$MICROLIB$REQ8$PRES8$EABIv2 0x00000000   Number         0  anon$$obj.o ABSOLUTE
    __ARM_use_no_argv                        0x00000000   Number         0  main.o ABSOLUTE
    _printf_a                                0x00000000   Number         0  stubs.o ABSOLUTE
    _printf_c                                0x00000000   Number         0  stubs.o ABSOLUTE
    _printf_charcount                        0x00000000   Number         0  stubs.o ABSOLUTE
    _printf_d                                0x00000000   Number         0  stubs.o ABSOLUTE
    _printf_e                                0x00000000   Number         0  stubs.o ABSOLUTE
    _printf_f                                0x00000000   Number         0  stubs.o ABSOLUTE
    _printf_flags                            0x00000000   Number         0  stubs.o ABSOLUTE
    _printf_fp_dec                           0x00000000   Number         0  stubs.o ABSOLUTE
    _printf_fp_hex                           0x00000000   Number         0  stubs.o ABSOLUTE
    _printf_g                                0x00000000   Number         0  stubs.o ABSOLUTE
    _printf_i                                0x00000000   Number         0  stubs.o ABSOLUTE
    _printf_int_dec                          0x00000000   Number         0  stubs.o ABSOLUTE
    _printf_l                                0x00000000   Number         0  stubs.o ABSOLUTE
    _printf_lc                               0x00000000   Number         0  stubs.o ABSOLUTE
    _printf_ll                               0x00000000   Number         0  stubs.o ABSOLUTE
    _printf_lld                              0x00000000   Number         0  stubs.o ABSOLUTE
    _printf_lli                              0x00000000   Number         0  stubs.o ABSOLUTE
    _printf_llo                              0x00000000   Number         0  stubs.o ABSOLUTE
    _printf_llu                              0x00000000   Number         0  stubs.o ABSOLUTE
    _printf_llx                              0x00000000   Number         0  stubs.o ABSOLUTE
    _printf_longlong_dec                     0x00000000   Number         0  stubs.o ABSOLUTE
    _printf_longlong_hex                     0x00000000   Number         0  stubs.o ABSOLUTE
    _printf_longlong_oct                     0x00000000   Number         0  stubs.o ABSOLUTE
    _printf_ls                               0x00000000   Number         0  stubs.o ABSOLUTE
    _printf_mbtowc                           0x00000000   Number         0  stubs.o ABSOLUTE
    _printf_n                                0x00000000   Number         0  stubs.o ABSOLUTE
    _printf_o                                0x00000000   Number         0  stubs.o ABSOLUTE
    _printf_p                                0x00000000   Number         0  stubs.o ABSOLUTE
    _printf_percent                          0x00000000   Number         0  stubs.o ABSOLUTE
    _printf_pre_padding                      0x00000000   Number         0  stubs.o ABSOLUTE
    _printf_return_value                     0x00000000   Number         0  stubs.o ABSOLUTE
    _printf_s                                0x00000000   Number         0  stubs.o ABSOLUTE
    _printf_sizespec                         0x00000000   Number         0  stubs.o ABSOLUTE
    _printf_str                              0x00000000   Number         0  stubs.o ABSOLUTE
    _printf_truncate_signed                  0x00000000   Number         0  stubs.o ABSOLUTE
    _printf_truncate_unsigned                0x00000000   Number         0  stubs.o ABSOLUTE
    _printf_u                                0x00000000   Number         0  stubs.o ABSOLUTE
    _printf_wc                               0x00000000   Number         0  stubs.o ABSOLUTE
    _printf_wctomb                           0x00000000   Number         0  stubs.o ABSOLUTE
    _printf_widthprec                        0x00000000   Number         0  stubs.o ABSOLUTE
    _printf_x                                0x00000000   Number         0  stubs.o ABSOLUTE
    __cpp_initialize__aeabi_                  - Undefined Weak Reference
    __cxa_finalize                            - Undefined Weak Reference
    _clock_init                               - Undefined Weak Reference
    _microlib_exit                            - Undefined Weak Reference
    __Vectors_Size                           0x000000ec   Number         0  startup_stm32f10x_md.o ABSOLUTE
    __Vectors                                0x08000000   Data           4  startup_stm32f10x_md.o(RESET)
    __Vectors_End                            0x080000ec   Data           0  startup_stm32f10x_md.o(RESET)
    __main                                   0x080000ed   Thumb Code     0  entry.o(.ARM.Collect$$$$00000000)
    _main_stk                                0x080000ed   Thumb Code     0  entry2.o(.ARM.Collect$$$$00000001)
    _main_scatterload                        0x080000f1   Thumb Code     0  entry5.o(.ARM.Collect$$$$00000004)
    __main_after_scatterload                 0x080000f5   Thumb Code     0  entry5.o(.ARM.Collect$$$$00000004)
    _main_clock                              0x080000f5   Thumb Code     0  entry7b.o(.ARM.Collect$$$$00000008)
    _main_cpp_init                           0x080000f5   Thumb Code     0  entry8b.o(.ARM.Collect$$$$0000000A)
    _main_init                               0x080000f5   Thumb Code     0  entry9a.o(.ARM.Collect$$$$0000000B)
    __rt_final_cpp                           0x080000fd   Thumb Code     0  entry10a.o(.ARM.Collect$$$$0000000D)
    __rt_final_exit                          0x080000fd   Thumb Code     0  entry11a.o(.ARM.Collect$$$$0000000F)
    Reset_Handler                            0x08000101   Thumb Code     8  startup_stm32f10x_md.o(.text)
    ADC1_2_IRQHandler                        0x0800011b   Thumb Code     0  startup_stm32f10x_md.o(.text)
    CAN1_RX1_IRQHandler                      0x0800011b   Thumb Code     0  startup_stm32f10x_md.o(.text)
    CAN1_SCE_IRQHandler                      0x0800011b   Thumb Code     0  startup_stm32f10x_md.o(.text)
    DMA1_Channel1_IRQHandler                 0x0800011b   Thumb Code     0  startup_stm32f10x_md.o(.text)
    DMA1_Channel2_IRQHandler                 0x0800011b   Thumb Code     0  startup_stm32f10x_md.o(.text)
    DMA1_Channel3_IRQHandler                 0x0800011b   Thumb Code     0  startup_stm32f10x_md.o(.text)
    DMA1_Channel4_IRQHandler                 0x0800011b   Thumb Code     0  startup_stm32f10x_md.o(.text)
    DMA1_Channel5_IRQHandler                 0x0800011b   Thumb Code     0  startup_stm32f10x_md.o(.text)
    DMA1_Channel6_IRQHandler                 0x0800011b   Thumb Code     0  startup_stm32f10x_md.o(.text)
    DMA1_Channel7_IRQHandler                 0x0800011b   Thumb Code     0  startup_stm32f10x_md.o(.text)
    EXTI0_IRQHandler                         0x0800011b   Thumb Code     0  startup_stm32f10x_md.o(.text)
    EXTI15_10_IRQHandler                     0x0800011b   Thumb Code     0  startup_stm32f10x_md.o(.text)
    EXTI1_IRQHandler                         0x0800011b   Thumb Code     0  startup_stm32f10x_md.o(.text)
    EXTI2_IRQHandler                         0x0800011b   Thumb Code     0  startup_stm32f10x_md.o(.text)
    EXTI3_IRQHandler                         0x0800011b   Thumb Code     0  startup_stm32f10x_md.o(.text)
    EXTI4_IRQHandler                         0x0800011b   Thumb Code     0  startup_stm32f10x_md.o(.text)
    EXTI9_5_IRQHandler                       0x0800011b   Thumb Code     0  startup_stm32f10x_md.o(.text)
    FLASH_IRQHandler                         0x0800011b   Thumb Code     0  startup_stm32f10x_md.o(.text)
    I2C1_ER_IRQHandler                       0x0800011b   Thumb Code     0  startup_stm32f10x_md.o(.text)
    I2C1_EV_IRQHandler                       0x0800011b   Thumb Code     0  startup_stm32f10x_md.o(.text)
    I2C2_ER_IRQHandler                       0x0800011b   Thumb Code     0  startup_stm32f10x_md.o(.text)
    I2C2_EV_IRQHandler                       0x0800011b   Thumb Code     0  startup_stm32f10x_md.o(.text)
    PVD_IRQHandler                           0x0800011b   Thumb Code     0  startup_stm32f10x_md.o(.text)
    RCC_IRQHandler                           0x0800011b   Thumb Code     0  startup_stm32f10x_md.o(.text)
    RTCAlarm_IRQHandler                      0x0800011b   Thumb Code     0  startup_stm32f10x_md.o(.text)
    SPI1_IRQHandler                          0x0800011b   Thumb Code     0  startup_stm32f10x_md.o(.text)
    SPI2_IRQHandler                          0x0800011b   Thumb Code     0  startup_stm32f10x_md.o(.text)
    TAMPER_IRQHandler                        0x0800011b   Thumb Code     0  startup_stm32f10x_md.o(.text)
    TIM1_BRK_IRQHandler                      0x0800011b   Thumb Code     0  startup_stm32f10x_md.o(.text)
    TIM1_CC_IRQHandler                       0x0800011b   Thumb Code     0  startup_stm32f10x_md.o(.text)
    TIM1_TRG_COM_IRQHandler                  0x0800011b   Thumb Code     0  startup_stm32f10x_md.o(.text)
    TIM1_UP_IRQHandler                       0x0800011b   Thumb Code     0  startup_stm32f10x_md.o(.text)
    TIM2_IRQHandler                          0x0800011b   Thumb Code     0  startup_stm32f10x_md.o(.text)
    TIM3_IRQHandler                          0x0800011b   Thumb Code     0  startup_stm32f10x_md.o(.text)
    TIM4_IRQHandler                          0x0800011b   Thumb Code     0  startup_stm32f10x_md.o(.text)
    USBWakeUp_IRQHandler                     0x0800011b   Thumb Code     0  startup_stm32f10x_md.o(.text)
    USB_HP_CAN1_TX_IRQHandler                0x0800011b   Thumb Code     0  startup_stm32f10x_md.o(.text)
    USB_LP_CAN1_RX0_IRQHandler               0x0800011b   Thumb Code     0  startup_stm32f10x_md.o(.text)
    WWDG_IRQHandler                          0x0800011b   Thumb Code     0  startup_stm32f10x_md.o(.text)
    rt_hw_interrupt_disable                  0x08000125   Thumb Code     8  context_rvds.o(.text)
    rt_hw_interrupt_enable                   0x0800012d   Thumb Code     6  context_rvds.o(.text)
    rt_hw_context_switch                     0x08000133   Thumb Code    32  context_rvds.o(.text)
    rt_hw_context_switch_interrupt           0x08000133   Thumb Code     0  context_rvds.o(.text)
    PendSV_Handler                           0x08000153   Thumb Code    60  context_rvds.o(.text)
    rt_hw_context_switch_to                  0x0800018f   Thumb Code    58  context_rvds.o(.text)
    rt_hw_interrupt_thread_switch            0x080001c9   Thumb Code     2  context_rvds.o(.text)
    HardFault_Handler                        0x080001cb   Thumb Code    48  context_rvds.o(.text)
    __aeabi_memcpy                           0x08000215   Thumb Code    36  memcpya.o(.text)
    __aeabi_memcpy4                          0x08000215   Thumb Code     0  memcpya.o(.text)
    __aeabi_memcpy8                          0x08000215   Thumb Code     0  memcpya.o(.text)
    __aeabi_memset                           0x08000239   Thumb Code    14  memseta.o(.text)
    __aeabi_memset4                          0x08000239   Thumb Code     0  memseta.o(.text)
    __aeabi_memset8                          0x08000239   Thumb Code     0  memseta.o(.text)
    __aeabi_memclr                           0x08000247   Thumb Code     4  memseta.o(.text)
    __aeabi_memclr4                          0x08000247   Thumb Code     0  memseta.o(.text)
    __aeabi_memclr8                          0x08000247   Thumb Code     0  memseta.o(.text)
    _memset$wrapper                          0x0800024b   Thumb Code    18  memseta.o(.text)
    strstr                                   0x0800025d   Thumb Code    36  strstr.o(.text)
    strlen                                   0x08000281   Thumb Code    14  strlen.o(.text)
    memcmp                                   0x0800028f   Thumb Code    26  memcmp.o(.text)
    strcpy                                   0x080002a9   Thumb Code    18  strcpy.o(.text)
    atoi                                     0x080002bb   Thumb Code    26  atoi.o(.text)
    atol                                     0x080002d5   Thumb Code    26  atol.o(.text)
    __aeabi_fadd                             0x080002ef   Thumb Code   164  fadd.o(.text)
    __aeabi_fsub                             0x08000393   Thumb Code     6  fadd.o(.text)
    __aeabi_frsub                            0x08000399   Thumb Code     6  fadd.o(.text)
    __aeabi_fmul                             0x0800039f   Thumb Code   100  fmul.o(.text)
    __aeabi_fdiv                             0x08000403   Thumb Code   124  fdiv.o(.text)
    __aeabi_i2f                              0x0800047f   Thumb Code    18  fflti.o(.text)
    __aeabi_ui2f                             0x08000491   Thumb Code    10  ffltui.o(.text)
    __aeabi_f2uiz                            0x0800049b   Thumb Code    40  ffixui.o(.text)
    __aeabi_f2d                              0x080004c3   Thumb Code    38  f2d.o(.text)
    __aeabi_uidiv                            0x080004e9   Thumb Code     0  uidiv.o(.text)
    __aeabi_uidivmod                         0x080004e9   Thumb Code    44  uidiv.o(.text)
    __aeabi_uldivmod                         0x08000515   Thumb Code    98  uldiv.o(.text)
    strtol                                   0x08000577   Thumb Code   112  strtol.o(.text)
    __I$use$fp                               0x080005e7   Thumb Code     0  iusefp.o(.text)
    _float_round                             0x080005e7   Thumb Code    18  fepilogue.o(.text)
    _float_epilogue                          0x080005f9   Thumb Code    92  fepilogue.o(.text)
    __aeabi_dadd                             0x08000655   Thumb Code   322  dadd.o(.text)
    __aeabi_dsub                             0x08000797   Thumb Code     6  dadd.o(.text)
    __aeabi_drsub                            0x0800079d   Thumb Code     6  dadd.o(.text)
    __aeabi_dmul                             0x080007a3   Thumb Code   228  dmul.o(.text)
    __aeabi_ddiv                             0x08000887   Thumb Code   222  ddiv.o(.text)
    __aeabi_d2ulz                            0x08000965   Thumb Code    48  dfixul.o(.text)
    __aeabi_cdrcmple                         0x08000995   Thumb Code    48  cdrcmple.o(.text)
    __scatterload                            0x080009c5   Thumb Code    28  init.o(.text)
    __scatterload_rt2                        0x080009c5   Thumb Code     0  init.o(.text)
    __aeabi_llsl                             0x080009e9   Thumb Code    30  llshl.o(.text)
    _ll_shift_l                              0x080009e9   Thumb Code     0  llshl.o(.text)
    __aeabi_llsr                             0x08000a07   Thumb Code    32  llushr.o(.text)
    _ll_ushift_r                             0x08000a07   Thumb Code     0  llushr.o(.text)
    __aeabi_lasr                             0x08000a27   Thumb Code    36  llsshr.o(.text)
    _ll_sshift_r                             0x08000a27   Thumb Code     0  llsshr.o(.text)
    __rt_ctype_table                         0x08000a4d   Thumb Code     4  ctype_o.o(.text)
    _strtoul                                 0x08000a55   Thumb Code   158  _strtoul.o(.text)
    _double_round                            0x08000af3   Thumb Code    30  depilogue.o(.text)
    _double_epilogue                         0x08000b11   Thumb Code   156  depilogue.o(.text)
    _chval                                   0x08000bad   Thumb Code    28  _chval.o(.text)
    __decompress                             0x08000bc9   Thumb Code     0  __dczerorl2.o(.text)
    __decompress1                            0x08000bc9   Thumb Code    86  __dczerorl2.o(.text)
    main                                     0x08000c1f   Thumb Code    14  components.o(i.$Sub$$main)
    APP_Init                                 0x08000c2d   Thumb Code    68  user_app.o(i.APP_Init)
    BusFault_Handler                         0x08000c89   Thumb Code     4  stm32f10x_it.o(i.BusFault_Handler)
    DebugMon_Handler                         0x08000c8d   Thumb Code     2  stm32f10x_it.o(i.DebugMon_Handler)
    DecryptTEA                               0x08000c91   Thumb Code   102  drv_encrypt.o(i.DecryptTEA)
    EEPROM_Read                              0x08000cfd   Thumb Code    66  drv_common.o(i.EEPROM_Read)
    EEPROM_Write                             0x08000d49   Thumb Code    88  drv_common.o(i.EEPROM_Write)
    EncryptTEA                               0x08000da9   Thumb Code    96  drv_encrypt.o(i.EncryptTEA)
    FLASH_ErasePage                          0x08000e0d   Thumb Code    72  stm32f10x_flash.o(i.FLASH_ErasePage)
    FLASH_GetBank1Status                     0x08000e59   Thumb Code    48  stm32f10x_flash.o(i.FLASH_GetBank1Status)
    FLASH_Lock                               0x08000e8d   Thumb Code    14  stm32f10x_flash.o(i.FLASH_Lock)
    FLASH_PrefetchBufferCmd                  0x08000ea1   Thumb Code    22  stm32f10x_flash.o(i.FLASH_PrefetchBufferCmd)
    FLASH_ProgramWord                        0x08000ebd   Thumb Code   102  stm32f10x_flash.o(i.FLASH_ProgramWord)
    FLASH_SetLatency                         0x08000f29   Thumb Code    18  stm32f10x_flash.o(i.FLASH_SetLatency)
    FLASH_Unlock                             0x08000f41   Thumb Code    12  stm32f10x_flash.o(i.FLASH_Unlock)
    FLASH_WaitForLastOperation               0x08000f59   Thumb Code    38  stm32f10x_flash.o(i.FLASH_WaitForLastOperation)
    GPIO_Init                                0x08000f7f   Thumb Code   274  stm32f10x_gpio.o(i.GPIO_Init)
    GPIO_PinRemapConfig                      0x08001091   Thumb Code   138  stm32f10x_gpio.o(i.GPIO_PinRemapConfig)
    GPIO_ReadInputDataBit                    0x08001121   Thumb Code    18  stm32f10x_gpio.o(i.GPIO_ReadInputDataBit)
    GPIO_ResetBits                           0x08001133   Thumb Code     4  stm32f10x_gpio.o(i.GPIO_ResetBits)
    GPIO_SetBits                             0x08001137   Thumb Code     4  stm32f10x_gpio.o(i.GPIO_SetBits)
    HSI_Config                               0x0800113d   Thumb Code   152  system_stm32f10x.o(i.HSI_Config)
    IIC_Ack                                  0x080011d9   Thumb Code    62  drv_iic.o(i.IIC_Ack)
    IIC_GPIOInit                             0x08001217   Thumb Code    62  drv_iic.o(i.IIC_GPIOInit)
    IIC_NAck                                 0x08001255   Thumb Code    42  drv_iic.o(i.IIC_NAck)
    IIC_ReadByte                             0x0800127f   Thumb Code    96  drv_iic.o(i.IIC_ReadByte)
    IIC_SdaInMode                            0x080012df   Thumb Code    26  drv_iic.o(i.IIC_SdaInMode)
    IIC_SdaOutMode                           0x080012f9   Thumb Code    32  drv_iic.o(i.IIC_SdaOutMode)
    IIC_Start                                0x08001319   Thumb Code    56  drv_iic.o(i.IIC_Start)
    IIC_Stop                                 0x08001351   Thumb Code    50  drv_iic.o(i.IIC_Stop)
    IIC_WaitAck                              0x08001383   Thumb Code   112  drv_iic.o(i.IIC_WaitAck)
    IIC_WriteByte                            0x080013f3   Thumb Code    76  drv_iic.o(i.IIC_WriteByte)
    IWDG_Enable                              0x08001441   Thumb Code    10  stm32f10x_iwdg.o(i.IWDG_Enable)
    IWDG_ReloadCounter                       0x08001451   Thumb Code    10  stm32f10x_iwdg.o(i.IWDG_ReloadCounter)
    IWDG_SetPrescaler                        0x08001461   Thumb Code     6  stm32f10x_iwdg.o(i.IWDG_SetPrescaler)
    IWDG_SetReload                           0x0800146d   Thumb Code     6  stm32f10x_iwdg.o(i.IWDG_SetReload)
    IWDG_WriteAccessCmd                      0x08001479   Thumb Code     6  stm32f10x_iwdg.o(i.IWDG_WriteAccessCmd)
    MQTTDeserialize_ack                      0x08001485   Thumb Code   108  mqttdeserializepublish.o(i.MQTTDeserialize_ack)
    MQTTDeserialize_connack                  0x080014f1   Thumb Code   118  mqttconnectclient.o(i.MQTTDeserialize_connack)
    MQTTDeserialize_publish                  0x08001567   Thumb Code   168  mqttdeserializepublish.o(i.MQTTDeserialize_publish)
    MQTTDeserialize_suback                   0x0800160f   Thumb Code   146  mqttsubscribeclient.o(i.MQTTDeserialize_suback)
    MQTTDeserialize_unsuback                 0x080016a1   Thumb Code    46  mqttunsubscribeclient.o(i.MQTTDeserialize_unsuback)
    MQTTPacket_decode                        0x080016cf   Thumb Code    88  mqttpacket.o(i.MQTTPacket_decode)
    MQTTPacket_decodeBuf                     0x08001729   Thumb Code    20  mqttpacket.o(i.MQTTPacket_decodeBuf)
    MQTTPacket_encode                        0x08001745   Thumb Code    54  mqttpacket.o(i.MQTTPacket_encode)
    MQTTPacket_len                           0x0800177d   Thumb Code    34  mqttpacket.o(i.MQTTPacket_len)
    MQTTPacket_read                          0x080017a5   Thumb Code   102  mqttpacket.o(i.MQTTPacket_read)
    MQTTSerialize_connect                    0x0800180d   Thumb Code   342  mqttconnectclient.o(i.MQTTSerialize_connect)
    MQTTSerialize_connectLength              0x08001975   Thumb Code   118  mqttconnectclient.o(i.MQTTSerialize_connectLength)
    MQTTSerialize_pingreq                    0x080019eb   Thumb Code    18  mqttconnectclient.o(i.MQTTSerialize_pingreq)
    MQTTSerialize_publish                    0x080019fd   Thumb Code   176  mqttserializepublish.o(i.MQTTSerialize_publish)
    MQTTSerialize_publishLength              0x08001aad   Thumb Code    34  mqttserializepublish.o(i.MQTTSerialize_publishLength)
    MQTTSerialize_subscribe                  0x08001acf   Thumb Code   176  mqttsubscribeclient.o(i.MQTTSerialize_subscribe)
    MQTTSerialize_subscribeLength            0x08001b7f   Thumb Code    46  mqttsubscribeclient.o(i.MQTTSerialize_subscribeLength)
    MQTTSerialize_unsubscribe                0x08001bad   Thumb Code   166  mqttunsubscribeclient.o(i.MQTTSerialize_unsubscribe)
    MQTTSerialize_unsubscribeLength          0x08001c53   Thumb Code    46  mqttunsubscribeclient.o(i.MQTTSerialize_unsubscribeLength)
    MQTTSerialize_zero                       0x08001c81   Thumb Code    76  mqttconnectclient.o(i.MQTTSerialize_zero)
    MQTTstrlen                               0x08001ccd   Thumb Code    24  mqttpacket.o(i.MQTTstrlen)
    MemManage_Handler                        0x08001ce5   Thumb Code     4  stm32f10x_it.o(i.MemManage_Handler)
    NMI_Handler                              0x08001ce9   Thumb Code     2  stm32f10x_it.o(i.NMI_Handler)
    NVIC_Init                                0x08001ced   Thumb Code   102  misc.o(i.NVIC_Init)
    RCC_APB1PeriphClockCmd                   0x08001d61   Thumb Code    26  stm32f10x_rcc.o(i.RCC_APB1PeriphClockCmd)
    RCC_APB2PeriphClockCmd                   0x08001d81   Thumb Code    26  stm32f10x_rcc.o(i.RCC_APB2PeriphClockCmd)
    RCC_DeInit                               0x08001da1   Thumb Code    64  stm32f10x_rcc.o(i.RCC_DeInit)
    RCC_GetClocksFreq                        0x08001ded   Thumb Code   192  stm32f10x_rcc.o(i.RCC_GetClocksFreq)
    RCC_GetFlagStatus                        0x08001ec1   Thumb Code    56  stm32f10x_rcc.o(i.RCC_GetFlagStatus)
    RCC_GetSYSCLKSource                      0x08001efd   Thumb Code    10  stm32f10x_rcc.o(i.RCC_GetSYSCLKSource)
    RCC_HCLKConfig                           0x08001f0d   Thumb Code    18  stm32f10x_rcc.o(i.RCC_HCLKConfig)
    RCC_HSICmd                               0x08001f25   Thumb Code     6  stm32f10x_rcc.o(i.RCC_HSICmd)
    RCC_LSICmd                               0x08001f31   Thumb Code     6  stm32f10x_rcc.o(i.RCC_LSICmd)
    RCC_PCLK1Config                          0x08001f3d   Thumb Code    18  stm32f10x_rcc.o(i.RCC_PCLK1Config)
    RCC_PCLK2Config                          0x08001f55   Thumb Code    20  stm32f10x_rcc.o(i.RCC_PCLK2Config)
    RCC_PLLCmd                               0x08001f6d   Thumb Code     6  stm32f10x_rcc.o(i.RCC_PLLCmd)
    RCC_PLLConfig                            0x08001f79   Thumb Code    24  stm32f10x_rcc.o(i.RCC_PLLConfig)
    RCC_SYSCLKConfig                         0x08001f95   Thumb Code    18  stm32f10x_rcc.o(i.RCC_SYSCLKConfig)
    RTC_ClearITPendingBit                    0x08001fad   Thumb Code    12  stm32f10x_rtc.o(i.RTC_ClearITPendingBit)
    RTC_GetITStatus                          0x08001fbd   Thumb Code    32  stm32f10x_rtc.o(i.RTC_GetITStatus)
    RTC_IRQHandler                           0x08001fe1   Thumb Code    18  stm32f10x_it.o(i.RTC_IRQHandler)
    SVC_Handler                              0x08001ff3   Thumb Code     2  stm32f10x_it.o(i.SVC_Handler)
    SysTick_Handler                          0x08001ff5   Thumb Code    52  board.o(i.SysTick_Handler)
    SystemCoreClockUpdate                    0x08002031   Thumb Code   142  system_stm32f10x.o(i.SystemCoreClockUpdate)
    SystemInit                               0x080020d5   Thumb Code    16  system_stm32f10x.o(i.SystemInit)
    UART1_Init                               0x080020e9   Thumb Code   182  drv_uart.o(i.UART1_Init)
    UART2_Init                               0x080021b1   Thumb Code   178  drv_uart.o(i.UART2_Init)
    UART3_Init                               0x08002275   Thumb Code   182  drv_uart.o(i.UART3_Init)
    UART_Clear                               0x0800233d   Thumb Code    24  drv_uart.o(i.UART_Clear)
    UART_Init                                0x08002355   Thumb Code    22  drv_uart.o(i.UART_Init)
    UART_Send                                0x0800237d   Thumb Code    96  drv_uart.o(i.UART_Send)
    USART1_IRQHandler                        0x080023e9   Thumb Code   102  drv_uart.o(i.USART1_IRQHandler)
    USART2_IRQHandler                        0x08002459   Thumb Code   112  drv_uart.o(i.USART2_IRQHandler)
    USART3_IRQHandler                        0x080024d1   Thumb Code   102  drv_uart.o(i.USART3_IRQHandler)
    USART_ClearFlag                          0x08002541   Thumb Code    18  stm32f10x_usart.o(i.USART_ClearFlag)
    USART_ClearITPendingBit                  0x08002553   Thumb Code    30  stm32f10x_usart.o(i.USART_ClearITPendingBit)
    USART_Cmd                                0x08002571   Thumb Code    24  stm32f10x_usart.o(i.USART_Cmd)
    USART_GetFlagStatus                      0x08002589   Thumb Code    26  stm32f10x_usart.o(i.USART_GetFlagStatus)
    USART_GetITStatus                        0x080025a3   Thumb Code    84  stm32f10x_usart.o(i.USART_GetITStatus)
    USART_ITConfig                           0x080025f7   Thumb Code    74  stm32f10x_usart.o(i.USART_ITConfig)
    USART_Init                               0x08002641   Thumb Code   210  stm32f10x_usart.o(i.USART_Init)
    USART_ReceiveData                        0x08002719   Thumb Code    10  stm32f10x_usart.o(i.USART_ReceiveData)
    USART_SendData                           0x08002723   Thumb Code     8  stm32f10x_usart.o(i.USART_SendData)
    UsageFault_Handler                       0x0800272b   Thumb Code     4  stm32f10x_it.o(i.UsageFault_Handler)
    WWDG_Enable                              0x08002731   Thumb Code    10  stm32f10x_wwdg.o(i.WWDG_Enable)
    WWDG_SetPrescaler                        0x08002741   Thumb Code    18  stm32f10x_wwdg.o(i.WWDG_SetPrescaler)
    WWDG_SetWindowValue                      0x08002759   Thumb Code    34  stm32f10x_wwdg.o(i.WWDG_SetWindowValue)
    __0printf                                0x080027b1   Thumb Code    22  printfa.o(i.__0printf)
    __1printf                                0x080027b1   Thumb Code     0  printfa.o(i.__0printf)
    __2printf                                0x080027b1   Thumb Code     0  printfa.o(i.__0printf)
    __c89printf                              0x080027b1   Thumb Code     0  printfa.o(i.__0printf)
    printf                                   0x080027b1   Thumb Code     0  printfa.o(i.__0printf)
    __0sprintf                               0x080027d1   Thumb Code    34  printfa.o(i.__0sprintf)
    __1sprintf                               0x080027d1   Thumb Code     0  printfa.o(i.__0sprintf)
    __2sprintf                               0x080027d1   Thumb Code     0  printfa.o(i.__0sprintf)
    __c89sprintf                             0x080027d1   Thumb Code     0  printfa.o(i.__0sprintf)
    sprintf                                  0x080027d1   Thumb Code     0  printfa.o(i.__0sprintf)
    __aeabi_errno_addr                       0x080027f9   Thumb Code     4  errno.o(i.__aeabi_errno_addr)
    __rt_errno_addr                          0x080027f9   Thumb Code     0  errno.o(i.__aeabi_errno_addr)
    __rt_ffs                                 0x08002801   Thumb Code    70  kservice.o(i.__rt_ffs)
    __scatterload_copy                       0x0800284d   Thumb Code    14  handlers.o(i.__scatterload_copy)
    __scatterload_null                       0x0800285b   Thumb Code     2  handlers.o(i.__scatterload_null)
    __scatterload_zeroinit                   0x0800285d   Thumb Code    14  handlers.o(i.__scatterload_zeroinit)
    app_esp8266_recv                         0x08003233   Thumb Code    28  app_mqtt.o(i.app_esp8266_recv)
    app_mqtt_init                            0x08003251   Thumb Code   186  app_mqtt.o(i.app_mqtt_init)
    app_mqtt_main                            0x08003379   Thumb Code    12  app_mqtt.o(i.app_mqtt_main)
    app_mqtt_pub_data                        0x08003385   Thumb Code    52  app_mqtt.o(i.app_mqtt_pub_data)
    app_mqtt_put_data                        0x080033d5   Thumb Code    70  app_mqtt.o(i.app_mqtt_put_data)
    app_mqtt_recv0                           0x0800344d   Thumb Code    32  app_mqtt.o(i.app_mqtt_recv0)
    app_mqtt_recv_parse                      0x0800346d   Thumb Code    46  app_mqtt.o(i.app_mqtt_recv_parse)
    app_mqtt_send0                           0x080034d1   Thumb Code    20  app_mqtt.o(i.app_mqtt_send0)
    app_sht30_init                           0x080034e5   Thumb Code    38  app_th01.o(i.app_sht30_init)
    app_th01_init                            0x08003515   Thumb Code    16  app_th01.o(i.app_th01_init)
    app_th01_read                            0x08003525   Thumb Code   126  app_th01.o(i.app_th01_read)
    app_th01_recv_parse                      0x080035e1   Thumb Code    88  app_th01.o(i.app_th01_recv_parse)
    app_th01_send_status                     0x0800363d   Thumb Code   180  app_th01.o(i.app_th01_send_status)
    app_th01_send_thresh                     0x08003701   Thumb Code    76  app_th01.o(i.app_th01_send_thresh)
    app_th01_thread_entry                    0x08003751   Thumb Code    60  app_th01.o(i.app_th01_thread_entry)
    app_th01_write                           0x080037b5   Thumb Code    24  app_th01.o(i.app_th01_write)
    app_uart_thread_entry                    0x080037d1   Thumb Code   126  user_app.o(i.app_uart_thread_entry)
    bufchar                                  0x08003899   Thumb Code    36  mqttpacket.o(i.bufchar)
    delay_ms                                 0x080038c1   Thumb Code    26  drv_common.o(i.delay_ms)
    delay_os                                 0x080038e1   Thumb Code    24  drv_common.o(i.delay_os)
    delay_us                                 0x080038f9   Thumb Code    26  drv_common.o(i.delay_us)
    drv_common_init                          0x08003919   Thumb Code    88  drv_common.o(i.drv_common_init)
    drv_crc16                                0x080039b1   Thumb Code    48  drv_common.o(i.drv_crc16)
    drv_esp8266_client_connect               0x080039e9   Thumb Code    38  drv_esp8266.o(i.drv_esp8266_client_connect)
    drv_esp8266_close                        0x08003a31   Thumb Code    88  drv_esp8266.o(i.drv_esp8266_close)
    drv_esp8266_connect_process              0x08003a99   Thumb Code   208  drv_esp8266.o(i.drv_esp8266_connect_process)
    drv_esp8266_fun_register                 0x08003c0d   Thumb Code     6  drv_esp8266.o(i.drv_esp8266_fun_register)
    drv_esp8266_init                         0x08003c19   Thumb Code    84  drv_esp8266.o(i.drv_esp8266_init)
    drv_esp8266_main                         0x08003c71   Thumb Code    12  drv_esp8266.o(i.drv_esp8266_main)
    drv_esp8266_recv_process                 0x08003c7d   Thumb Code   430  drv_esp8266.o(i.drv_esp8266_recv_process)
    drv_esp8266_reg_process                  0x08003e91   Thumb Code   338  drv_esp8266.o(i.drv_esp8266_reg_process)
    drv_esp8266_send_at                      0x0800409d   Thumb Code    42  drv_esp8266.o(i.drv_esp8266_send_at)
    drv_esp8266_send_data                    0x080040d5   Thumb Code    90  drv_esp8266.o(i.drv_esp8266_send_data)
    drv_esp8266_set_client                   0x08004149   Thumb Code    70  drv_esp8266.o(i.drv_esp8266_set_client)
    drv_esp8266_uart_send                    0x08004195   Thumb Code    34  drv_esp8266.o(i.drv_esp8266_uart_send)
    drv_get_sec_counter                      0x080041bd   Thumb Code     6  drv_common.o(i.drv_get_sec_counter)
    drv_mqtt_close                           0x080041c9   Thumb Code    44  drv_mqtt.o(i.drv_mqtt_close)
    drv_mqtt_connect                         0x080041f5   Thumb Code   408  drv_mqtt.o(i.drv_mqtt_connect)
    drv_mqtt_fun_parse_register              0x080043e1   Thumb Code     8  drv_mqtt.o(i.drv_mqtt_fun_parse_register)
    drv_mqtt_fun_transmit_register           0x080043ed   Thumb Code    24  drv_mqtt.o(i.drv_mqtt_fun_transmit_register)
    drv_mqtt_init                            0x08004409   Thumb Code    86  drv_mqtt.o(i.drv_mqtt_init)
    drv_mqtt_main                            0x08004469   Thumb Code    12  drv_mqtt.o(i.drv_mqtt_main)
    drv_mqtt_publish                         0x08004475   Thumb Code   126  drv_mqtt.o(i.drv_mqtt_publish)
    drv_mqtt_recv_check                      0x080044fd   Thumb Code   424  drv_mqtt.o(i.drv_mqtt_recv_check)
    drv_mqtt_set_topic_info                  0x08004771   Thumb Code    86  drv_mqtt.o(i.drv_mqtt_set_topic_info)
    drv_mqtt_take_rb                         0x080047cd   Thumb Code    26  drv_mqtt.o(i.drv_mqtt_take_rb)
    drv_rtc_init                             0x080047ed   Thumb Code     2  drv_common.o(i.drv_rtc_init)
    drv_server_add_passwd                    0x080047f1   Thumb Code    26  drv_server.o(i.drv_server_add_passwd)
    drv_server_cmd_parse                     0x08004811   Thumb Code    38  drv_server.o(i.drv_server_cmd_parse)
    drv_server_cmd_parse_register            0x0800483d   Thumb Code     6  drv_server.o(i.drv_server_cmd_parse_register)
    drv_server_get_app_id                    0x08004849   Thumb Code     6  drv_server.o(i.drv_server_get_app_id)
    drv_server_get_gw_sn                     0x08004855   Thumb Code     6  drv_server.o(i.drv_server_get_gw_sn)
    drv_server_init                          0x08004861   Thumb Code     8  drv_server.o(i.drv_server_init)
    drv_server_read                          0x08004869   Thumb Code    50  drv_server.o(i.drv_server_read)
    drv_server_recv_parse                    0x080048bd   Thumb Code   570  drv_server.o(i.drv_server_recv_parse)
    drv_server_send_level                    0x08004be1   Thumb Code    28  drv_server.o(i.drv_server_send_level)
    drv_server_send_msg                      0x08004c01   Thumb Code   448  drv_server.o(i.drv_server_send_msg)
    drv_server_send_register                 0x08004e0d   Thumb Code     6  drv_server.o(i.drv_server_send_register)
    drv_server_set_app_id                    0x08004e19   Thumb Code    22  drv_server.o(i.drv_server_set_app_id)
    drv_server_write                         0x08004e45   Thumb Code    24  drv_server.o(i.drv_server_write)
    drv_sht30_init                           0x08004e61   Thumb Code    16  drv_sht30.o(i.drv_sht30_init)
    drv_sht30_read_th                        0x08004e71   Thumb Code   284  drv_sht30.o(i.drv_sht30_read_th)
    drv_slave_cmd_parse                      0x08004fb9   Thumb Code    38  drv_server.o(i.drv_slave_cmd_parse)
    drv_system_reset                         0x08004fe5   Thumb Code    44  drv_common.o(i.drv_system_reset)
    drv_wdog_feed                            0x08005025   Thumb Code    16  drv_common.o(i.drv_wdog_feed)
    drv_wdog_init                            0x08005039   Thumb Code    52  drv_common.o(i.drv_wdog_init)
    fputc                                    0x0800506d   Thumb Code    32  drv_uart.o(i.fputc)
    free                                     0x08005091   Thumb Code    76  malloc.o(i.free)
    $Super$$main                             0x080050e1   Thumb Code    56  main.o(i.main)
    main_thread_entry                        0x08005189   Thumb Code    14  components.o(i.main_thread_entry)
    malloc                                   0x08005199   Thumb Code    92  malloc.o(i.malloc)
    memstr                                   0x08005205   Thumb Code    72  drv_common.o(i.memstr)
    readChar                                 0x080052c5   Thumb Code    14  mqttpacket.o(i.readChar)
    readInt                                  0x080052d3   Thumb Code    26  mqttpacket.o(i.readInt)
    readMQTTLenString                        0x080052ed   Thumb Code    58  mqttpacket.o(i.readMQTTLenString)
    rt_application_init                      0x08005329   Thumb Code    34  components.o(i.rt_application_init)
    rt_components_board_init                 0x08005359   Thumb Code    20  components.o(i.rt_components_board_init)
    rt_components_init                       0x08005375   Thumb Code    20  components.o(i.rt_components_init)
    rt_enter_critical                        0x08005391   Thumb Code    28  scheduler.o(i.rt_enter_critical)
    rt_exit_critical                         0x080053b1   Thumb Code    54  scheduler.o(i.rt_exit_critical)
    rt_free                                  0x080053ed   Thumb Code    98  mem.o(i.rt_free)
    rt_heap_begin_get                        0x08005465   Thumb Code     4  board.o(i.rt_heap_begin_get)
    rt_heap_end_get                          0x0800546d   Thumb Code     4  board.o(i.rt_heap_end_get)
    rt_hw_board_init                         0x08005475   Thumb Code    54  board.o(i.rt_hw_board_init)
    rt_hw_hard_fault_exception               0x080054b1   Thumb Code    32  cpuport.o(i.rt_hw_hard_fault_exception)
    rt_hw_stack_init                         0x080054d5   Thumb Code    70  cpuport.o(i.rt_hw_stack_init)
    rt_interrupt_enter                       0x08005521   Thumb Code    26  irq.o(i.rt_interrupt_enter)
    rt_interrupt_leave                       0x08005541   Thumb Code    26  irq.o(i.rt_interrupt_leave)
    rt_malloc                                0x08005681   Thumb Code   336  mem.o(i.rt_malloc)
    rt_memset                                0x080057ed   Thumb Code    72  kservice.o(i.rt_memset)
    rt_object_allocate                       0x08005835   Thumb Code    74  object.o(i.rt_object_allocate)
    rt_object_delete                         0x0800587f   Thumb Code    32  object.o(i.rt_object_delete)
    rt_object_detach                         0x0800589f   Thumb Code    26  object.o(i.rt_object_detach)
    rt_object_get_information                0x080058b9   Thumb Code    36  object.o(i.rt_object_get_information)
    rt_object_init                           0x080058e1   Thumb Code    60  object.o(i.rt_object_init)
    rt_object_is_systemobject                0x0800591d   Thumb Code    18  object.o(i.rt_object_is_systemobject)
    rt_ringbuffer_create                     0x0800592f   Thumb Code    50  ringbuffer.o(i.rt_ringbuffer_create)
    rt_ringbuffer_data_len                   0x08005961   Thumb Code    76  ringbuffer.o(i.rt_ringbuffer_data_len)
    rt_ringbuffer_get                        0x080059ad   Thumb Code   164  ringbuffer.o(i.rt_ringbuffer_get)
    rt_ringbuffer_init                       0x08005a51   Thumb Code    44  ringbuffer.o(i.rt_ringbuffer_init)
    rt_ringbuffer_put                        0x08005a7d   Thumb Code   168  ringbuffer.o(i.rt_ringbuffer_put)
    rt_schedule                              0x08005b51   Thumb Code   118  scheduler.o(i.rt_schedule)
    rt_schedule_insert_thread                0x08005be1   Thumb Code    72  scheduler.o(i.rt_schedule_insert_thread)
    rt_schedule_remove_thread                0x08005c31   Thumb Code    76  scheduler.o(i.rt_schedule_remove_thread)
    rt_sem_init                              0x08005c85   Thumb Code    38  ipc.o(i.rt_sem_init)
    rt_sem_release                           0x08005cab   Thumb Code    58  ipc.o(i.rt_sem_release)
    rt_sem_take                              0x08005ce5   Thumb Code   116  ipc.o(i.rt_sem_take)
    rt_show_version                          0x08005d59   Thumb Code     2  kservice.o(i.rt_show_version)
    rt_strncpy                               0x08005d5b   Thumb Code    52  kservice.o(i.rt_strncpy)
    rt_system_heap_init                      0x08005d91   Thumb Code   146  mem.o(i.rt_system_heap_init)
    rt_system_scheduler_init                 0x08005e41   Thumb Code    52  scheduler.o(i.rt_system_scheduler_init)
    rt_system_scheduler_start                0x08005e8d   Thumb Code    36  scheduler.o(i.rt_system_scheduler_start)
    rt_system_timer_init                     0x08005ebd   Thumb Code    24  timer.o(i.rt_system_timer_init)
    rt_system_timer_thread_init              0x08005ed9   Thumb Code     2  timer.o(i.rt_system_timer_thread_init)
    rt_thread_create                         0x08005edb   Thumb Code    80  thread.o(i.rt_thread_create)
    rt_thread_delay                          0x08005f2b   Thumb Code    12  thread.o(i.rt_thread_delay)
    rt_thread_exit                           0x08005f39   Thumb Code    76  thread.o(i.rt_thread_exit)
    rt_thread_idle_excute                    0x08005f95   Thumb Code   128  idle.o(i.rt_thread_idle_excute)
    rt_thread_idle_init                      0x08006019   Thumb Code    38  idle.o(i.rt_thread_idle_init)
    rt_thread_init                           0x08006055   Thumb Code    52  thread.o(i.rt_thread_init)
    rt_thread_resume                         0x08006089   Thumb Code    60  thread.o(i.rt_thread_resume)
    rt_thread_self                           0x080060c5   Thumb Code     6  thread.o(i.rt_thread_self)
    rt_thread_sleep                          0x080060d1   Thumb Code    62  thread.o(i.rt_thread_sleep)
    rt_thread_startup                        0x08006115   Thumb Code    44  thread.o(i.rt_thread_startup)
    rt_thread_suspend                        0x08006141   Thumb Code    68  thread.o(i.rt_thread_suspend)
    rt_thread_timeout                        0x08006185   Thumb Code    32  thread.o(i.rt_thread_timeout)
    rt_thread_yield                          0x080061a5   Thumb Code    92  thread.o(i.rt_thread_yield)
    rt_tick_get                              0x08006209   Thumb Code     6  clock.o(i.rt_tick_get)
    rt_tick_increase                         0x08006215   Thumb Code    42  clock.o(i.rt_tick_increase)
    rt_timer_check                           0x08006245   Thumb Code   118  timer.o(i.rt_timer_check)
    rt_timer_control                         0x080062c1   Thumb Code    56  timer.o(i.rt_timer_control)
    rt_timer_detach                          0x080062f9   Thumb Code    32  timer.o(i.rt_timer_detach)
    rt_timer_init                            0x08006319   Thumb Code    46  timer.o(i.rt_timer_init)
    rt_timer_start                           0x08006349   Thumb Code   238  timer.o(i.rt_timer_start)
    rt_timer_stop                            0x08006441   Thumb Code    48  timer.o(i.rt_timer_stop)
    rtthread_startup                         0x08006481   Thumb Code    42  components.o(i.rtthread_startup)
    tea_decrypt_buff                         0x080064ad   Thumb Code    78  drv_encrypt.o(i.tea_decrypt_buff)
    tea_encrypt_buff                         0x08006515   Thumb Code    78  drv_encrypt.o(i.tea_encrypt_buff)
    writeCString                             0x0800657d   Thumb Code    40  mqttpacket.o(i.writeCString)
    writeChar                                0x080065a5   Thumb Code    12  mqttpacket.o(i.writeChar)
    writeInt                                 0x080065b1   Thumb Code    48  mqttpacket.o(i.writeInt)
    writeMQTTString                          0x080065e1   Thumb Code    62  mqttpacket.o(i.writeMQTTString)
    __lowest_bit_bitmap                      0x080068c8   Data         256  kservice.o(.constdata)
    __ctype_table                            0x080069ea   Data         129  ctype_o.o(.constdata)
    __rt_init_rti_start                      0x08006b18   Data           4  components.o(.rti_fn.0)
    __rt_init_rti_board_start                0x08006b1c   Data           4  components.o(.rti_fn.0.end)
    __rt_init_rti_board_end                  0x08006b20   Data           4  components.o(.rti_fn.1.end)
    __rt_init_rti_end                        0x08006b24   Data           4  components.o(.rti_fn.6.end)
    Region$$Table$$Base                      0x08006b28   Number         0  anon$$obj.o(Region$$Table)
    Region$$Table$$Limit                     0x08006b48   Number         0  anon$$obj.o(Region$$Table)
    SystemCoreClock                          0x20000000   Data           4  system_stm32f10x.o(.data)
    AHBPrescTable                            0x20000004   Data          16  system_stm32f10x.o(.data)
    g_sTh01Save                              0x20000020   Data           8  app_th01.o(.data)
    g_u32SecCounter                          0x20000028   Data           4  drv_common.o(.data)
    tickets_us                               0x2000002c   Data           4  drv_common.o(.data)
    tickets_ms                               0x20000030   Data           4  drv_common.o(.data)
    bWatchDog                                0x20000034   Data           1  drv_common.o(.data)
    rt_interrupt_from_thread                 0x20000064   Data           4  cpuport.o(.data)
    rt_interrupt_to_thread                   0x20000068   Data           4  cpuport.o(.data)
    rt_thread_switch_interrupt_flag          0x2000006c   Data           4  cpuport.o(.data)
    rt_interrupt_nest                        0x20000078   Data           1  irq.o(.data)
    rt_current_thread                        0x200000f8   Data           4  scheduler.o(.data)
    rt_current_priority                      0x200000fc   Data           1  scheduler.o(.data)
    rt_thread_ready_priority_group           0x20000100   Data           4  scheduler.o(.data)
    rt_thread_defunct                        0x20000104   Data           8  scheduler.o(.data)
    __stdout                                 0x20000130   Data           4  stdout.o(.data)
    __microlib_freelist                      0x20000134   Data           4  mvars.o(.data)
    __microlib_freelist_initialised          0x20000138   Data           4  mvars.o(.data)
    g_sTh01Work                              0x20000154   Data          32  app_th01.o(.bss)
    g_sUART1                                 0x20000574   Data          20  drv_uart.o(.bss)
    g_sUART2                                 0x20000588   Data          20  drv_uart.o(.bss)
    g_sUART3                                 0x2000059c   Data          20  drv_uart.o(.bss)
    g_u8UART1_Buff                           0x200005b0   Data         512  drv_uart.o(.bss)
    g_u8UART2_Buff                           0x200007b0   Data         512  drv_uart.o(.bss)
    g_u8UART3_Buff                           0x200009b0   Data        1024  drv_uart.o(.bss)
    g_sEsp8266Work                           0x20001db0   Data         336  drv_esp8266.o(.bss)
    g_sMqttWork                              0x2000202c   Data         532  drv_mqtt.o(.bss)
    g_sServerWork                            0x200023bc   Data          92  drv_server.o(.bss)
    g_sServerSave                            0x20002418   Data          12  drv_server.o(.bss)
    rt_thread_priority_table                 0x20002aec   Data         256  scheduler.o(.bss)
    __heap_base                              0x20002bf0   Data           0  startup_stm32f10x_md.o(HEAP)
    __heap_limit                             0x200033f0   Data           0  startup_stm32f10x_md.o(HEAP)
    __initial_sp                             0x200037f0   Data           0  startup_stm32f10x_md.o(STACK)



==============================================================================

Memory Map of the image

  Image Entry point : 0x080000ed

  Load Region LR_IROM1 (Base: 0x08000000, Size: 0x00006c88, Max: 0x00009000, ABSOLUTE, COMPRESSED[0x00006bb8])

    Execution Region ER_IROM1 (Base: 0x08000000, Size: 0x00006b48, Max: 0x00009000, ABSOLUTE)

    Base Addr    Size         Type   Attr      Idx    E Section Name        Object

    0x08000000   0x000000ec   Data   RO           19    RESET               startup_stm32f10x_md.o
    0x080000ec   0x00000000   Code   RO         3988  * .ARM.Collect$$$$00000000  mc_w.l(entry.o)
    0x080000ec   0x00000004   Code   RO         4314    .ARM.Collect$$$$00000001  mc_w.l(entry2.o)
    0x080000f0   0x00000004   Code   RO         4317    .ARM.Collect$$$$00000004  mc_w.l(entry5.o)
    0x080000f4   0x00000000   Code   RO         4319    .ARM.Collect$$$$00000008  mc_w.l(entry7b.o)
    0x080000f4   0x00000000   Code   RO         4321    .ARM.Collect$$$$0000000A  mc_w.l(entry8b.o)
    0x080000f4   0x00000008   Code   RO         4322    .ARM.Collect$$$$0000000B  mc_w.l(entry9a.o)
    0x080000fc   0x00000000   Code   RO         4324    .ARM.Collect$$$$0000000D  mc_w.l(entry10a.o)
    0x080000fc   0x00000000   Code   RO         4326    .ARM.Collect$$$$0000000F  mc_w.l(entry11a.o)
    0x080000fc   0x00000004   Code   RO         4315    .ARM.Collect$$$$00002712  mc_w.l(entry2.o)
    0x08000100   0x00000024   Code   RO           20    .text               startup_stm32f10x_md.o
    0x08000124   0x000000f0   Code   RO         2413    .text               context_rvds.o
    0x08000214   0x00000024   Code   RO         3991    .text               mc_w.l(memcpya.o)
    0x08000238   0x00000024   Code   RO         3993    .text               mc_w.l(memseta.o)
    0x0800025c   0x00000024   Code   RO         3995    .text               mc_w.l(strstr.o)
    0x08000280   0x0000000e   Code   RO         3997    .text               mc_w.l(strlen.o)
    0x0800028e   0x0000001a   Code   RO         3999    .text               mc_w.l(memcmp.o)
    0x080002a8   0x00000012   Code   RO         4001    .text               mc_w.l(strcpy.o)
    0x080002ba   0x0000001a   Code   RO         4296    .text               mc_w.l(atoi.o)
    0x080002d4   0x0000001a   Code   RO         4298    .text               mc_w.l(atol.o)
    0x080002ee   0x000000b0   Code   RO         4300    .text               mf_w.l(fadd.o)
    0x0800039e   0x00000064   Code   RO         4302    .text               mf_w.l(fmul.o)
    0x08000402   0x0000007c   Code   RO         4304    .text               mf_w.l(fdiv.o)
    0x0800047e   0x00000012   Code   RO         4306    .text               mf_w.l(fflti.o)
    0x08000490   0x0000000a   Code   RO         4308    .text               mf_w.l(ffltui.o)
    0x0800049a   0x00000028   Code   RO         4310    .text               mf_w.l(ffixui.o)
    0x080004c2   0x00000026   Code   RO         4312    .text               mf_w.l(f2d.o)
    0x080004e8   0x0000002c   Code   RO         4329    .text               mc_w.l(uidiv.o)
    0x08000514   0x00000062   Code   RO         4331    .text               mc_w.l(uldiv.o)
    0x08000576   0x00000070   Code   RO         4342    .text               mc_w.l(strtol.o)
    0x080005e6   0x00000000   Code   RO         4344    .text               mc_w.l(iusefp.o)
    0x080005e6   0x0000006e   Code   RO         4345    .text               mf_w.l(fepilogue.o)
    0x08000654   0x0000014e   Code   RO         4347    .text               mf_w.l(dadd.o)
    0x080007a2   0x000000e4   Code   RO         4349    .text               mf_w.l(dmul.o)
    0x08000886   0x000000de   Code   RO         4351    .text               mf_w.l(ddiv.o)
    0x08000964   0x00000030   Code   RO         4353    .text               mf_w.l(dfixul.o)
    0x08000994   0x00000030   Code   RO         4355    .text               mf_w.l(cdrcmple.o)
    0x080009c4   0x00000024   Code   RO         4357    .text               mc_w.l(init.o)
    0x080009e8   0x0000001e   Code   RO         4359    .text               mc_w.l(llshl.o)
    0x08000a06   0x00000020   Code   RO         4361    .text               mc_w.l(llushr.o)
    0x08000a26   0x00000024   Code   RO         4363    .text               mc_w.l(llsshr.o)
    0x08000a4a   0x00000002   PAD
    0x08000a4c   0x00000008   Code   RO         4365    .text               mc_w.l(ctype_o.o)
    0x08000a54   0x0000009e   Code   RO         4393    .text               mc_w.l(_strtoul.o)
    0x08000af2   0x000000ba   Code   RO         4395    .text               mf_w.l(depilogue.o)
    0x08000bac   0x0000001c   Code   RO         4397    .text               mc_w.l(_chval.o)
    0x08000bc8   0x00000056   Code   RO         4407    .text               mc_w.l(__dczerorl2.o)
    0x08000c1e   0x0000000e   Code   RO         1449    i.$Sub$$main        components.o
    0x08000c2c   0x0000005c   Code   RO          307    i.APP_Init          user_app.o
    0x08000c88   0x00000004   Code   RO           24    i.BusFault_Handler  stm32f10x_it.o
    0x08000c8c   0x00000002   Code   RO           25    i.DebugMon_Handler  stm32f10x_it.o
    0x08000c8e   0x00000002   PAD
    0x08000c90   0x0000006c   Code   RO         1329    i.DecryptTEA        drv_encrypt.o
    0x08000cfc   0x0000004c   Code   RO          646    i.EEPROM_Read       drv_common.o
    0x08000d48   0x00000060   Code   RO          647    i.EEPROM_Write      drv_common.o
    0x08000da8   0x00000064   Code   RO         1330    i.EncryptTEA        drv_encrypt.o
    0x08000e0c   0x0000004c   Code   RO         3139    i.FLASH_ErasePage   f103c8t6.lib(stm32f10x_flash.o)
    0x08000e58   0x00000034   Code   RO         3140    i.FLASH_GetBank1Status  f103c8t6.lib(stm32f10x_flash.o)
    0x08000e8c   0x00000014   Code   RO         3149    i.FLASH_Lock        f103c8t6.lib(stm32f10x_flash.o)
    0x08000ea0   0x0000001c   Code   RO         3151    i.FLASH_PrefetchBufferCmd  f103c8t6.lib(stm32f10x_flash.o)
    0x08000ebc   0x0000006c   Code   RO         3154    i.FLASH_ProgramWord  f103c8t6.lib(stm32f10x_flash.o)
    0x08000f28   0x00000018   Code   RO         3156    i.FLASH_SetLatency  f103c8t6.lib(stm32f10x_flash.o)
    0x08000f40   0x00000018   Code   RO         3157    i.FLASH_Unlock      f103c8t6.lib(stm32f10x_flash.o)
    0x08000f58   0x00000026   Code   RO         3161    i.FLASH_WaitForLastOperation  f103c8t6.lib(stm32f10x_flash.o)
    0x08000f7e   0x00000112   Code   RO         3314    i.GPIO_Init         f103c8t6.lib(stm32f10x_gpio.o)
    0x08001090   0x00000090   Code   RO         3316    i.GPIO_PinRemapConfig  f103c8t6.lib(stm32f10x_gpio.o)
    0x08001120   0x00000012   Code   RO         3318    i.GPIO_ReadInputDataBit  f103c8t6.lib(stm32f10x_gpio.o)
    0x08001132   0x00000004   Code   RO         3321    i.GPIO_ResetBits    f103c8t6.lib(stm32f10x_gpio.o)
    0x08001136   0x00000004   Code   RO         3322    i.GPIO_SetBits      f103c8t6.lib(stm32f10x_gpio.o)
    0x0800113a   0x00000002   PAD
    0x0800113c   0x0000009c   Code   RO          164    i.HSI_Config        system_stm32f10x.o
    0x080011d8   0x0000003e   Code   RO         1049    i.IIC_Ack           drv_iic.o
    0x08001216   0x0000003e   Code   RO         1050    i.IIC_GPIOInit      drv_iic.o
    0x08001254   0x0000002a   Code   RO         1051    i.IIC_NAck          drv_iic.o
    0x0800127e   0x00000060   Code   RO         1052    i.IIC_ReadByte      drv_iic.o
    0x080012de   0x0000001a   Code   RO         1053    i.IIC_SdaInMode     drv_iic.o
    0x080012f8   0x00000020   Code   RO         1054    i.IIC_SdaOutMode    drv_iic.o
    0x08001318   0x00000038   Code   RO         1056    i.IIC_Start         drv_iic.o
    0x08001350   0x00000032   Code   RO         1057    i.IIC_Stop          drv_iic.o
    0x08001382   0x00000070   Code   RO         1058    i.IIC_WaitAck       drv_iic.o
    0x080013f2   0x0000004c   Code   RO         1059    i.IIC_WriteByte     drv_iic.o
    0x0800143e   0x00000002   PAD
    0x08001440   0x00000010   Code   RO         3422    i.IWDG_Enable       f103c8t6.lib(stm32f10x_iwdg.o)
    0x08001450   0x00000010   Code   RO         3424    i.IWDG_ReloadCounter  f103c8t6.lib(stm32f10x_iwdg.o)
    0x08001460   0x0000000c   Code   RO         3425    i.IWDG_SetPrescaler  f103c8t6.lib(stm32f10x_iwdg.o)
    0x0800146c   0x0000000c   Code   RO         3426    i.IWDG_SetReload    f103c8t6.lib(stm32f10x_iwdg.o)
    0x08001478   0x0000000c   Code   RO         3427    i.IWDG_WriteAccessCmd  f103c8t6.lib(stm32f10x_iwdg.o)
    0x08001484   0x0000006c   Code   RO         2585    i.MQTTDeserialize_ack  mqttdeserializepublish.o
    0x080014f0   0x00000076   Code   RO         2498    i.MQTTDeserialize_connack  mqttconnectclient.o
    0x08001566   0x000000a8   Code   RO         2586    i.MQTTDeserialize_publish  mqttdeserializepublish.o
    0x0800160e   0x00000092   Code   RO         2818    i.MQTTDeserialize_suback  mqttsubscribeclient.o
    0x080016a0   0x0000002e   Code   RO         2860    i.MQTTDeserialize_unsuback  mqttunsubscribeclient.o
    0x080016ce   0x00000058   Code   RO         2661    i.MQTTPacket_decode  mqttpacket.o
    0x08001726   0x00000002   PAD
    0x08001728   0x0000001c   Code   RO         2662    i.MQTTPacket_decodeBuf  mqttpacket.o
    0x08001744   0x00000036   Code   RO         2664    i.MQTTPacket_encode  mqttpacket.o
    0x0800177a   0x00000002   PAD
    0x0800177c   0x00000028   Code   RO         2666    i.MQTTPacket_len    mqttpacket.o
    0x080017a4   0x00000066   Code   RO         2667    i.MQTTPacket_read   mqttpacket.o
    0x0800180a   0x00000002   PAD
    0x0800180c   0x00000168   Code   RO         2499    i.MQTTSerialize_connect  mqttconnectclient.o
    0x08001974   0x00000076   Code   RO         2500    i.MQTTSerialize_connectLength  mqttconnectclient.o
    0x080019ea   0x00000012   Code   RO         2502    i.MQTTSerialize_pingreq  mqttconnectclient.o
    0x080019fc   0x000000b0   Code   RO         2779    i.MQTTSerialize_publish  mqttserializepublish.o
    0x08001aac   0x00000022   Code   RO         2780    i.MQTTSerialize_publishLength  mqttserializepublish.o
    0x08001ace   0x000000b0   Code   RO         2819    i.MQTTSerialize_subscribe  mqttsubscribeclient.o
    0x08001b7e   0x0000002e   Code   RO         2820    i.MQTTSerialize_subscribeLength  mqttsubscribeclient.o
    0x08001bac   0x000000a6   Code   RO         2861    i.MQTTSerialize_unsubscribe  mqttunsubscribeclient.o
    0x08001c52   0x0000002e   Code   RO         2862    i.MQTTSerialize_unsubscribeLength  mqttunsubscribeclient.o
    0x08001c80   0x0000004c   Code   RO         2503    i.MQTTSerialize_zero  mqttconnectclient.o
    0x08001ccc   0x00000018   Code   RO         2669    i.MQTTstrlen        mqttpacket.o
    0x08001ce4   0x00000004   Code   RO           26    i.MemManage_Handler  stm32f10x_it.o
    0x08001ce8   0x00000002   Code   RO           27    i.NMI_Handler       stm32f10x_it.o
    0x08001cea   0x00000002   PAD
    0x08001cec   0x00000074   Code   RO         3012    i.NVIC_Init         f103c8t6.lib(misc.o)
    0x08001d60   0x00000020   Code   RO         3466    i.RCC_APB1PeriphClockCmd  f103c8t6.lib(stm32f10x_rcc.o)
    0x08001d80   0x00000020   Code   RO         3468    i.RCC_APB2PeriphClockCmd  f103c8t6.lib(stm32f10x_rcc.o)
    0x08001da0   0x0000004c   Code   RO         3475    i.RCC_DeInit        f103c8t6.lib(stm32f10x_rcc.o)
    0x08001dec   0x000000d4   Code   RO         3476    i.RCC_GetClocksFreq  f103c8t6.lib(stm32f10x_rcc.o)
    0x08001ec0   0x0000003c   Code   RO         3477    i.RCC_GetFlagStatus  f103c8t6.lib(stm32f10x_rcc.o)
    0x08001efc   0x00000010   Code   RO         3479    i.RCC_GetSYSCLKSource  f103c8t6.lib(stm32f10x_rcc.o)
    0x08001f0c   0x00000018   Code   RO         3480    i.RCC_HCLKConfig    f103c8t6.lib(stm32f10x_rcc.o)
    0x08001f24   0x0000000c   Code   RO         3482    i.RCC_HSICmd        f103c8t6.lib(stm32f10x_rcc.o)
    0x08001f30   0x0000000c   Code   RO         3485    i.RCC_LSICmd        f103c8t6.lib(stm32f10x_rcc.o)
    0x08001f3c   0x00000018   Code   RO         3487    i.RCC_PCLK1Config   f103c8t6.lib(stm32f10x_rcc.o)
    0x08001f54   0x00000018   Code   RO         3488    i.RCC_PCLK2Config   f103c8t6.lib(stm32f10x_rcc.o)
    0x08001f6c   0x0000000c   Code   RO         3489    i.RCC_PLLCmd        f103c8t6.lib(stm32f10x_rcc.o)
    0x08001f78   0x0000001c   Code   RO         3490    i.RCC_PLLConfig     f103c8t6.lib(stm32f10x_rcc.o)
    0x08001f94   0x00000018   Code   RO         3493    i.RCC_SYSCLKConfig  f103c8t6.lib(stm32f10x_rcc.o)
    0x08001fac   0x00000010   Code   RO         3665    i.RTC_ClearITPendingBit  f103c8t6.lib(stm32f10x_rtc.o)
    0x08001fbc   0x00000024   Code   RO         3671    i.RTC_GetITStatus   f103c8t6.lib(stm32f10x_rtc.o)
    0x08001fe0   0x00000012   Code   RO           28    i.RTC_IRQHandler    stm32f10x_it.o
    0x08001ff2   0x00000002   Code   RO           29    i.SVC_Handler       stm32f10x_it.o
    0x08001ff4   0x0000003c   Code   RO          873    i.SysTick_Handler   board.o
    0x08002030   0x000000a4   Code   RO          167    i.SystemCoreClockUpdate  system_stm32f10x.o
    0x080020d4   0x00000014   Code   RO          168    i.SystemInit        system_stm32f10x.o
    0x080020e8   0x000000c8   Code   RO          783    i.UART1_Init        drv_uart.o
    0x080021b0   0x000000c4   Code   RO          785    i.UART2_Init        drv_uart.o
    0x08002274   0x000000c8   Code   RO          787    i.UART3_Init        drv_uart.o
    0x0800233c   0x00000018   Code   RO          789    i.UART_Clear        drv_uart.o
    0x08002354   0x00000028   Code   RO          790    i.UART_Init         drv_uart.o
    0x0800237c   0x0000006c   Code   RO          791    i.UART_Send         drv_uart.o
    0x080023e8   0x00000070   Code   RO          792    i.USART1_IRQHandler  drv_uart.o
    0x08002458   0x00000078   Code   RO          793    i.USART2_IRQHandler  drv_uart.o
    0x080024d0   0x00000070   Code   RO          794    i.USART3_IRQHandler  drv_uart.o
    0x08002540   0x00000012   Code   RO         3754    i.USART_ClearFlag   f103c8t6.lib(stm32f10x_usart.o)
    0x08002552   0x0000001e   Code   RO         3755    i.USART_ClearITPendingBit  f103c8t6.lib(stm32f10x_usart.o)
    0x08002570   0x00000018   Code   RO         3758    i.USART_Cmd         f103c8t6.lib(stm32f10x_usart.o)
    0x08002588   0x0000001a   Code   RO         3761    i.USART_GetFlagStatus  f103c8t6.lib(stm32f10x_usart.o)
    0x080025a2   0x00000054   Code   RO         3762    i.USART_GetITStatus  f103c8t6.lib(stm32f10x_usart.o)
    0x080025f6   0x0000004a   Code   RO         3764    i.USART_ITConfig    f103c8t6.lib(stm32f10x_usart.o)
    0x08002640   0x000000d8   Code   RO         3765    i.USART_Init        f103c8t6.lib(stm32f10x_usart.o)
    0x08002718   0x0000000a   Code   RO         3772    i.USART_ReceiveData  f103c8t6.lib(stm32f10x_usart.o)
    0x08002722   0x00000008   Code   RO         3775    i.USART_SendData    f103c8t6.lib(stm32f10x_usart.o)
    0x0800272a   0x00000004   Code   RO           31    i.UsageFault_Handler  stm32f10x_it.o
    0x0800272e   0x00000002   PAD
    0x08002730   0x00000010   Code   RO         3936    i.WWDG_Enable       f103c8t6.lib(stm32f10x_wwdg.o)
    0x08002740   0x00000018   Code   RO         3940    i.WWDG_SetPrescaler  f103c8t6.lib(stm32f10x_wwdg.o)
    0x08002758   0x00000028   Code   RO         3941    i.WWDG_SetWindowValue  f103c8t6.lib(stm32f10x_wwdg.o)
    0x08002780   0x00000030   Code   RO          874    i._SysTick_Config   board.o
    0x080027b0   0x00000020   Code   RO         4240    i.__0printf         mc_w.l(printfa.o)
    0x080027d0   0x00000028   Code   RO         4242    i.__0sprintf        mc_w.l(printfa.o)
    0x080027f8   0x00000008   Code   RO         4335    i.__aeabi_errno_addr  mc_w.l(errno.o)
    0x08002800   0x0000004c   Code   RO         1820    i.__rt_ffs          kservice.o
    0x0800284c   0x0000000e   Code   RO         4401    i.__scatterload_copy  mc_w.l(handlers.o)
    0x0800285a   0x00000002   Code   RO         4402    i.__scatterload_null  mc_w.l(handlers.o)
    0x0800285c   0x0000000e   Code   RO         4403    i.__scatterload_zeroinit  mc_w.l(handlers.o)
    0x0800286a   0x00000002   PAD
    0x0800286c   0x00000184   Code   RO         4247    i._fp_digits        mc_w.l(printfa.o)
    0x080029f0   0x00000014   Code   RO         1523    i._has_defunct_thread  idle.o
    0x08002a04   0x000006dc   Code   RO         4248    i._printf_core      mc_w.l(printfa.o)
    0x080030e0   0x00000024   Code   RO         4249    i._printf_post_padding  mc_w.l(printfa.o)
    0x08003104   0x0000002e   Code   RO         4250    i._printf_pre_padding  mc_w.l(printfa.o)
    0x08003132   0x00000002   PAD
    0x08003134   0x00000084   Code   RO         2191    i._rt_thread_init   thread.o
    0x080031b8   0x00000042   Code   RO         2306    i._rt_timer_init    timer.o
    0x080031fa   0x0000002e   Code   RO         2307    i._rt_timer_remove  timer.o
    0x08003228   0x0000000a   Code   RO         4252    i._sputc            mc_w.l(printfa.o)
    0x08003232   0x0000001c   Code   RO          344    i.app_esp8266_recv  app_mqtt.o
    0x0800324e   0x00000002   PAD
    0x08003250   0x00000128   Code   RO          345    i.app_mqtt_init     app_mqtt.o
    0x08003378   0x0000000c   Code   RO          346    i.app_mqtt_main     app_mqtt.o
    0x08003384   0x00000050   Code   RO          347    i.app_mqtt_pub_data  app_mqtt.o
    0x080033d4   0x00000078   Code   RO          348    i.app_mqtt_put_data  app_mqtt.o
    0x0800344c   0x00000020   Code   RO          349    i.app_mqtt_recv0    app_mqtt.o
    0x0800346c   0x00000064   Code   RO          350    i.app_mqtt_recv_parse  app_mqtt.o
    0x080034d0   0x00000014   Code   RO          351    i.app_mqtt_send0    app_mqtt.o
    0x080034e4   0x00000030   Code   RO          588    i.app_sht30_init    app_th01.o
    0x08003514   0x00000010   Code   RO          589    i.app_th01_init     app_th01.o
    0x08003524   0x000000bc   Code   RO          590    i.app_th01_read     app_th01.o
    0x080035e0   0x0000005c   Code   RO          591    i.app_th01_recv_parse  app_th01.o
    0x0800363c   0x000000c4   Code   RO          592    i.app_th01_send_status  app_th01.o
    0x08003700   0x00000050   Code   RO          593    i.app_th01_send_thresh  app_th01.o
    0x08003750   0x00000064   Code   RO          594    i.app_th01_thread_entry  app_th01.o
    0x080037b4   0x0000001c   Code   RO          595    i.app_th01_write    app_th01.o
    0x080037d0   0x000000c8   Code   RO          309    i.app_uart_thread_entry  user_app.o
    0x08003898   0x00000028   Code   RO         2670    i.bufchar           mqttpacket.o
    0x080038c0   0x00000020   Code   RO          648    i.delay_ms          drv_common.o
    0x080038e0   0x00000018   Code   RO          649    i.delay_os          drv_common.o
    0x080038f8   0x00000020   Code   RO          650    i.delay_us          drv_common.o
    0x08003918   0x00000098   Code   RO          652    i.drv_common_init   drv_common.o
    0x080039b0   0x00000038   Code   RO          653    i.drv_crc16         drv_common.o
    0x080039e8   0x00000048   Code   RO          928    i.drv_esp8266_client_connect  drv_esp8266.o
    0x08003a30   0x00000068   Code   RO          929    i.drv_esp8266_close  drv_esp8266.o
    0x08003a98   0x00000174   Code   RO          930    i.drv_esp8266_connect_process  drv_esp8266.o
    0x08003c0c   0x0000000c   Code   RO          931    i.drv_esp8266_fun_register  drv_esp8266.o
    0x08003c18   0x00000058   Code   RO          932    i.drv_esp8266_init  drv_esp8266.o
    0x08003c70   0x0000000c   Code   RO          933    i.drv_esp8266_main  drv_esp8266.o
    0x08003c7c   0x00000214   Code   RO          934    i.drv_esp8266_recv_process  drv_esp8266.o
    0x08003e90   0x0000020c   Code   RO          935    i.drv_esp8266_reg_process  drv_esp8266.o
    0x0800409c   0x00000038   Code   RO          936    i.drv_esp8266_send_at  drv_esp8266.o
    0x080040d4   0x00000074   Code   RO          937    i.drv_esp8266_send_data  drv_esp8266.o
    0x08004148   0x0000004c   Code   RO          939    i.drv_esp8266_set_client  drv_esp8266.o
    0x08004194   0x00000028   Code   RO          941    i.drv_esp8266_uart_send  drv_esp8266.o
    0x080041bc   0x0000000c   Code   RO          657    i.drv_get_sec_counter  drv_common.o
    0x080041c8   0x0000002c   Code   RO         1121    i.drv_mqtt_close    drv_mqtt.o
    0x080041f4   0x000001ec   Code   RO         1122    i.drv_mqtt_connect  drv_mqtt.o
    0x080043e0   0x0000000c   Code   RO         1123    i.drv_mqtt_fun_parse_register  drv_mqtt.o
    0x080043ec   0x0000001c   Code   RO         1124    i.drv_mqtt_fun_transmit_register  drv_mqtt.o
    0x08004408   0x00000060   Code   RO         1125    i.drv_mqtt_init     drv_mqtt.o
    0x08004468   0x0000000c   Code   RO         1126    i.drv_mqtt_main     drv_mqtt.o
    0x08004474   0x00000088   Code   RO         1127    i.drv_mqtt_publish  drv_mqtt.o
    0x080044fc   0x00000274   Code   RO         1128    i.drv_mqtt_recv_check  drv_mqtt.o
    0x08004770   0x0000005c   Code   RO         1129    i.drv_mqtt_set_topic_info  drv_mqtt.o
    0x080047cc   0x00000020   Code   RO         1131    i.drv_mqtt_take_rb  drv_mqtt.o
    0x080047ec   0x00000002   Code   RO          658    i.drv_rtc_init      drv_common.o
    0x080047ee   0x00000002   PAD
    0x080047f0   0x00000020   Code   RO         1198    i.drv_server_add_passwd  drv_server.o
    0x08004810   0x0000002c   Code   RO         1199    i.drv_server_cmd_parse  drv_server.o
    0x0800483c   0x0000000c   Code   RO         1200    i.drv_server_cmd_parse_register  drv_server.o
    0x08004848   0x0000000c   Code   RO         1201    i.drv_server_get_app_id  drv_server.o
    0x08004854   0x0000000c   Code   RO         1202    i.drv_server_get_gw_sn  drv_server.o
    0x08004860   0x00000008   Code   RO         1203    i.drv_server_init   drv_server.o
    0x08004868   0x00000054   Code   RO         1204    i.drv_server_read   drv_server.o
    0x080048bc   0x00000324   Code   RO         1205    i.drv_server_recv_parse  drv_server.o
    0x08004be0   0x00000020   Code   RO         1206    i.drv_server_send_level  drv_server.o
    0x08004c00   0x0000020c   Code   RO         1207    i.drv_server_send_msg  drv_server.o
    0x08004e0c   0x0000000c   Code   RO         1208    i.drv_server_send_register  drv_server.o
    0x08004e18   0x0000002c   Code   RO         1210    i.drv_server_set_app_id  drv_server.o
    0x08004e44   0x0000001c   Code   RO         1212    i.drv_server_write  drv_server.o
    0x08004e60   0x00000010   Code   RO         1025    i.drv_sht30_init    drv_sht30.o
    0x08004e70   0x00000148   Code   RO         1026    i.drv_sht30_read_th  drv_sht30.o
    0x08004fb8   0x0000002c   Code   RO         1213    i.drv_slave_cmd_parse  drv_server.o
    0x08004fe4   0x00000040   Code   RO          661    i.drv_system_reset  drv_common.o
    0x08005024   0x00000014   Code   RO          662    i.drv_wdog_feed     drv_common.o
    0x08005038   0x00000034   Code   RO          663    i.drv_wdog_init     drv_common.o
    0x0800506c   0x00000024   Code   RO          795    i.fputc             drv_uart.o
    0x08005090   0x00000050   Code   RO         4268    i.free              mc_w.l(malloc.o)
    0x080050e0   0x000000a8   Code   RO          204    i.main              main.o
    0x08005188   0x0000000e   Code   RO         1450    i.main_thread_entry  components.o
    0x08005196   0x00000002   PAD
    0x08005198   0x0000006c   Code   RO         4269    i.malloc            mc_w.l(malloc.o)
    0x08005204   0x00000048   Code   RO          665    i.memstr            drv_common.o
    0x0800524c   0x00000078   Code   RO         1978    i.plug_holes        mem.o
    0x080052c4   0x0000000e   Code   RO         2672    i.readChar          mqttpacket.o
    0x080052d2   0x0000001a   Code   RO         2673    i.readInt           mqttpacket.o
    0x080052ec   0x0000003a   Code   RO         2674    i.readMQTTLenString  mqttpacket.o
    0x08005326   0x00000002   PAD
    0x08005328   0x00000030   Code   RO         1451    i.rt_application_init  components.o
    0x08005358   0x0000001c   Code   RO         1452    i.rt_components_board_init  components.o
    0x08005374   0x0000001c   Code   RO         1453    i.rt_components_init  components.o
    0x08005390   0x00000020   Code   RO         2110    i.rt_enter_critical  scheduler.o
    0x080053b0   0x0000003c   Code   RO         2111    i.rt_exit_critical  scheduler.o
    0x080053ec   0x00000078   Code   RO         1980    i.rt_free           mem.o
    0x08005464   0x00000008   Code   RO          875    i.rt_heap_begin_get  board.o
    0x0800546c   0x00000008   Code   RO          876    i.rt_heap_end_get   board.o
    0x08005474   0x0000003c   Code   RO          877    i.rt_hw_board_init  board.o
    0x080054b0   0x00000024   Code   RO         1380    i.rt_hw_hard_fault_exception  cpuport.o
    0x080054d4   0x0000004c   Code   RO         1381    i.rt_hw_stack_init  cpuport.o
    0x08005520   0x00000020   Code   RO         1793    i.rt_interrupt_enter  irq.o
    0x08005540   0x00000020   Code   RO         1795    i.rt_interrupt_leave  irq.o
    0x08005560   0x00000014   Code   RO         1563    i.rt_ipc_list_resume  ipc.o
    0x08005574   0x0000006c   Code   RO         1565    i.rt_ipc_list_suspend  ipc.o
    0x080055e0   0x00000010   Code   RO         1566    i.rt_ipc_object_init  ipc.o
    0x080055f0   0x00000006   Code   RO         1567    i.rt_list_init      ipc.o
    0x080055f6   0x00000006   Code   RO         2112    i.rt_list_init      scheduler.o
    0x080055fc   0x00000006   Code   RO         2308    i.rt_list_init      timer.o
    0x08005602   0x0000000e   Code   RO         2040    i.rt_list_insert_after  object.o
    0x08005610   0x0000000e   Code   RO         2192    i.rt_list_insert_after  thread.o
    0x0800561e   0x0000000e   Code   RO         2309    i.rt_list_insert_after  timer.o
    0x0800562c   0x0000000e   Code   RO         1568    i.rt_list_insert_before  ipc.o
    0x0800563a   0x00000010   Code   RO         1569    i.rt_list_isempty   ipc.o
    0x0800564a   0x00000010   Code   RO         2310    i.rt_list_isempty   timer.o
    0x0800565a   0x00000012   Code   RO         2041    i.rt_list_remove    object.o
    0x0800566c   0x00000012   Code   RO         2193    i.rt_list_remove    thread.o
    0x0800567e   0x00000002   PAD
    0x08005680   0x0000016c   Code   RO         1981    i.rt_malloc         mem.o
    0x080057ec   0x00000048   Code   RO         1829    i.rt_memset         kservice.o
    0x08005834   0x0000004a   Code   RO         2042    i.rt_object_allocate  object.o
    0x0800587e   0x00000020   Code   RO         2043    i.rt_object_delete  object.o
    0x0800589e   0x0000001a   Code   RO         2044    i.rt_object_detach  object.o
    0x080058b8   0x00000028   Code   RO         2046    i.rt_object_get_information  object.o
    0x080058e0   0x0000003c   Code   RO         2047    i.rt_object_init    object.o
    0x0800591c   0x00000012   Code   RO         2048    i.rt_object_is_systemobject  object.o
    0x0800592e   0x00000032   Code   RO         2417    i.rt_ringbuffer_create  ringbuffer.o
    0x08005960   0x0000004c   Code   RO         2418    i.rt_ringbuffer_data_len  ringbuffer.o
    0x080059ac   0x000000a4   Code   RO         2420    i.rt_ringbuffer_get  ringbuffer.o
    0x08005a50   0x0000002c   Code   RO         2422    i.rt_ringbuffer_init  ringbuffer.o
    0x08005a7c   0x000000a8   Code   RO         2423    i.rt_ringbuffer_put  ringbuffer.o
    0x08005b24   0x0000002a   Code   RO         2428    i.rt_ringbuffer_status  ringbuffer.o
    0x08005b4e   0x00000002   PAD
    0x08005b50   0x00000090   Code   RO         2113    i.rt_schedule       scheduler.o
    0x08005be0   0x00000050   Code   RO         2114    i.rt_schedule_insert_thread  scheduler.o
    0x08005c30   0x00000054   Code   RO         2115    i.rt_schedule_remove_thread  scheduler.o
    0x08005c84   0x00000026   Code   RO         1597    i.rt_sem_init       ipc.o
    0x08005caa   0x0000003a   Code   RO         1598    i.rt_sem_release    ipc.o
    0x08005ce4   0x00000074   Code   RO         1599    i.rt_sem_take       ipc.o
    0x08005d58   0x00000002   Code   RO         1831    i.rt_show_version   kservice.o
    0x08005d5a   0x00000034   Code   RO         1839    i.rt_strncpy        kservice.o
    0x08005d8e   0x00000002   PAD
    0x08005d90   0x000000b0   Code   RO         1984    i.rt_system_heap_init  mem.o
    0x08005e40   0x0000004c   Code   RO         2116    i.rt_system_scheduler_init  scheduler.o
    0x08005e8c   0x00000030   Code   RO         2117    i.rt_system_scheduler_start  scheduler.o
    0x08005ebc   0x0000001c   Code   RO         2311    i.rt_system_timer_init  timer.o
    0x08005ed8   0x00000002   Code   RO         2312    i.rt_system_timer_thread_init  timer.o
    0x08005eda   0x00000050   Code   RO         2195    i.rt_thread_create  thread.o
    0x08005f2a   0x0000000c   Code   RO         2196    i.rt_thread_delay   thread.o
    0x08005f36   0x00000002   PAD
    0x08005f38   0x00000054   Code   RO         2199    i.rt_thread_exit    thread.o
    0x08005f8c   0x00000008   Code   RO         1524    i.rt_thread_idle_entry  idle.o
    0x08005f94   0x00000084   Code   RO         1525    i.rt_thread_idle_excute  idle.o
    0x08006018   0x0000003c   Code   RO         1527    i.rt_thread_idle_init  idle.o
    0x08006054   0x00000034   Code   RO         2201    i.rt_thread_init    thread.o
    0x08006088   0x0000003c   Code   RO         2202    i.rt_thread_resume  thread.o
    0x080060c4   0x0000000c   Code   RO         2203    i.rt_thread_self    thread.o
    0x080060d0   0x00000044   Code   RO         2204    i.rt_thread_sleep   thread.o
    0x08006114   0x0000002c   Code   RO         2205    i.rt_thread_startup  thread.o
    0x08006140   0x00000044   Code   RO         2206    i.rt_thread_suspend  thread.o
    0x08006184   0x00000020   Code   RO         2207    i.rt_thread_timeout  thread.o
    0x080061a4   0x00000064   Code   RO         2208    i.rt_thread_yield   thread.o
    0x08006208   0x0000000c   Code   RO         1413    i.rt_tick_get       clock.o
    0x08006214   0x00000030   Code   RO         1414    i.rt_tick_increase  clock.o
    0x08006244   0x0000007c   Code   RO         2313    i.rt_timer_check    timer.o
    0x080062c0   0x00000038   Code   RO         2314    i.rt_timer_control  timer.o
    0x080062f8   0x00000020   Code   RO         2317    i.rt_timer_detach   timer.o
    0x08006318   0x0000002e   Code   RO         2318    i.rt_timer_init     timer.o
    0x08006346   0x00000002   PAD
    0x08006348   0x000000f8   Code   RO         2321    i.rt_timer_start    timer.o
    0x08006440   0x00000030   Code   RO         2322    i.rt_timer_stop     timer.o
    0x08006470   0x00000004   Code   RO         1454    i.rti_board_end     components.o
    0x08006474   0x00000004   Code   RO         1455    i.rti_board_start   components.o
    0x08006478   0x00000004   Code   RO         1456    i.rti_end           components.o
    0x0800647c   0x00000004   Code   RO         1457    i.rti_start         components.o
    0x08006480   0x0000002a   Code   RO         1458    i.rtthread_startup  components.o
    0x080064aa   0x00000002   PAD
    0x080064ac   0x00000068   Code   RO         1333    i.tea_decrypt_buff  drv_encrypt.o
    0x08006514   0x00000068   Code   RO         1334    i.tea_encrypt_buff  drv_encrypt.o
    0x0800657c   0x00000028   Code   RO         2675    i.writeCString      mqttpacket.o
    0x080065a4   0x0000000c   Code   RO         2676    i.writeChar         mqttpacket.o
    0x080065b0   0x00000030   Code   RO         2677    i.writeInt          mqttpacket.o
    0x080065e0   0x0000003e   Code   RO         2678    i.writeMQTTString   mqttpacket.o
    0x0800661e   0x00000002   PAD
    0x08006620   0x00000050   Data   RO          353    .constdata          app_mqtt.o
    0x08006670   0x00000200   Data   RO          668    .constdata          drv_common.o
    0x08006870   0x00000058   Data   RO         1133    .constdata          drv_mqtt.o
    0x080068c8   0x00000122   Data   RO         1845    .constdata          kservice.o
    0x080069ea   0x00000081   Data   RO         4366    .constdata          mc_w.l(ctype_o.o)
    0x08006a6b   0x00000001   PAD
    0x08006a6c   0x00000004   Data   RO         4367    .constdata          mc_w.l(ctype_o.o)
    0x08006a70   0x00000014   Data   RO          354    .conststring        app_mqtt.o
    0x08006a84   0x00000094   Data   RO         1216    .conststring        drv_server.o
    0x08006b18   0x00000004   Data   RO         1459    .rti_fn.0           components.o
    0x08006b1c   0x00000004   Data   RO         1460    .rti_fn.0.end       components.o
    0x08006b20   0x00000004   Data   RO         1461    .rti_fn.1.end       components.o
    0x08006b24   0x00000004   Data   RO         1462    .rti_fn.6.end       components.o
    0x08006b28   0x00000020   Data   RO         4399    Region$$Table       anon$$obj.o


    Execution Region RW_IRAM1 (Base: 0x20000000, Size: 0x000037f0, Max: 0x00005000, ABSOLUTE, COMPRESSED[0x00000070])

    Base Addr    Size         Type   Attr      Idx    E Section Name        Object

    0x20000000   0x00000014   Data   RW          169    .data               system_stm32f10x.o
    0x20000014   0x00000004   Data   RW          310    .data               user_app.o
    0x20000018   0x00000008   Data   RW          355    .data               app_mqtt.o
    0x20000020   0x00000008   Data   RW          597    .data               app_th01.o
    0x20000028   0x0000000d   Data   RW          669    .data               drv_common.o
    0x20000035   0x00000003   PAD
    0x20000038   0x00000004   Data   RW          879    .data               board.o
    0x2000003c   0x00000008   Data   RW          943    .data               drv_esp8266.o
    0x20000044   0x00000005   Data   RW         1134    .data               drv_mqtt.o
    0x20000049   0x00000003   PAD
    0x2000004c   0x00000018   Data   RW         1217    .data               drv_server.o
    0x20000064   0x00000010   Data   RW         1382    .data               cpuport.o
    0x20000074   0x00000004   Data   RW         1416    .data               clock.o
    0x20000078   0x00000001   Data   RW         1796    .data               irq.o
    0x20000079   0x00000003   PAD
    0x2000007c   0x00000018   Data   RW         1986    .data               mem.o
    0x20000094   0x00000060   Data   RW         2050    .data               object.o
    0x200000f4   0x00000018   Data   RW         2119    .data               scheduler.o
    0x2000010c   0x0000000c   Data   RW         2323    .data               timer.o
    0x20000118   0x00000004   Data   RW         2679    .data               mqttpacket.o
    0x2000011c   0x00000014   Data   RW         3496    .data               f103c8t6.lib(stm32f10x_rcc.o)
    0x20000130   0x00000004   Data   RW         4328    .data               mc_w.l(stdout.o)
    0x20000134   0x00000004   Data   RW         4333    .data               mc_w.l(mvars.o)
    0x20000138   0x00000004   Data   RW         4334    .data               mc_w.l(mvars.o)
    0x2000013c   0x00000004   Data   RW         4338    .data               mc_w.l(errno.o)
    0x20000140   0x00000014   Zero   RW          352    .bss                app_mqtt.o
    0x20000154   0x00000020   Zero   RW          596    .bss                app_th01.o
    0x20000174   0x00000400   Zero   RW          667    .bss                drv_common.o
    0x20000574   0x0000083c   Zero   RW          796    .bss                drv_uart.o
    0x20000db0   0x00001000   Zero   RW          878    .bss                board.o
    0x20001db0   0x0000027c   Zero   RW          942    .bss                drv_esp8266.o
    0x2000202c   0x00000390   Zero   RW         1132    .bss                drv_mqtt.o
    0x200023bc   0x00000598   Zero   RW         1215    .bss                drv_server.o
    0x20002954   0x00000178   Zero   RW         1528    .bss                idle.o
    0x20002acc   0x00000020   Zero   RW         1985    .bss                mem.o
    0x20002aec   0x00000100   Zero   RW         2118    .bss                scheduler.o
    0x20002bec   0x00000004   PAD
    0x20002bf0   0x00000800   Zero   RW           18    HEAP                startup_stm32f10x_md.o
    0x200033f0   0x00000400   Zero   RW           17    STACK               startup_stm32f10x_md.o


==============================================================================

Image component sizes


      Code (inc. data)   RO Data    RW Data    ZI Data      Debug   Object Name

       688        242        100          8         20     214483   app_mqtt.o
       748        140          0          8         32       5588   app_th01.o
       184         26          0          4       4096       3577   board.o
        60         12          0          4          0       1269   clock.o
       190         30         16          0          0       6068   components.o
       240         26          0          0          0        808   context_rvds.o
         0          0          0          0          0       4572   core_cm3.o
       112         10          0         16          0       3254   cpuport.o
       690        132        512         13       1024       8723   drv_common.o
       416         62          0          0          0       3584   drv_encrypt.o
      2004        570          0          8        636      10713   drv_esp8266.o
       614          0          0          0          0       6321   drv_iic.o
      1572        342         88          5        912       9439   drv_mqtt.o
      1692        416        148         24       1432      11078   drv_server.o
       344         44          0          0          0       1773   drv_sht30.o
      1148        116          0          0       2108       7470   drv_uart.o
       220         30          0          0        376       5202   idle.o
       392          0          0          0          0       8009   ipc.o
        64         12          0          1          0       1690   irq.o
       202          6        290          0          0       5580   kservice.o
       168        112          0          0          0       8096   main.o
       780         92          0         24         32       4024   mem.o
       690         18          0          0          0       7097   mqttconnectclient.o
       276          0          0          0          0       2680   mqttdeserializepublish.o
       636         18          0          4          0      10086   mqttpacket.o
       210          0          0          0          0       1854   mqttserializepublish.o
       368          0          0          0          0       3371   mqttsubscribeclient.o
       258          0          0          0          0       3109   mqttunsubscribeclient.o
       282          4          0         96          0       7948   object.o
       544          0          0          0          0       4493   ringbuffer.o
       530         88          0         24        256       8182   scheduler.o
        36          8        236          0       3072        844   startup_stm32f10x_md.o
        36          0          0          0          0     230460   stm32f10x_it.o
       340         30          0         20          0       2586   system_stm32f10x.o
       776         36          0          0          0      11619   thread.o
       732         20          0         12          0      10980   timer.o
       292         98          0          4          0       4207   user_app.o

    ----------------------------------------------------------------------
     18570       2740       1422        284      14000     640837   Object Totals
         0          0         32          0          0          0   (incl. Generated)
        36          0          0          9          4          0   (incl. Padding)

    ----------------------------------------------------------------------

      Code (inc. data)   RO Data    RW Data    ZI Data      Debug   Library Member Name

       116         14          0          0          0     237104   misc.o
       370         44          0          0          0       5879   stm32f10x_flash.o
       444          6          0          0          0       4442   stm32f10x_gpio.o
        68         30          0          0          0       2450   stm32f10x_iwdg.o
       588         98          0         20          0      10244   stm32f10x_rcc.o
        52          8          0          0          0       1074   stm32f10x_rtc.o
       490          6          0          0          0       7265   stm32f10x_usart.o
        80         18          0          0          0       2280   stm32f10x_wwdg.o
        86          0          0          0          0          0   __dczerorl2.o
        28          0          0          0          0         68   _chval.o
       158          0          0          0          0         92   _strtoul.o
        26          0          0          0          0         80   atoi.o
        26          0          0          0          0         80   atol.o
         8          4        133          0          0         68   ctype_o.o
         0          0          0          0          0          0   entry.o
         0          0          0          0          0          0   entry10a.o
         0          0          0          0          0          0   entry11a.o
         8          4          0          0          0          0   entry2.o
         4          0          0          0          0          0   entry5.o
         0          0          0          0          0          0   entry7b.o
         0          0          0          0          0          0   entry8b.o
         8          4          0          0          0          0   entry9a.o
         8          4          0          4          0         68   errno.o
        30          0          0          0          0          0   handlers.o
        36          8          0          0          0         68   init.o
         0          0          0          0          0          0   iusefp.o
        30          0          0          0          0         68   llshl.o
        36          0          0          0          0         68   llsshr.o
        32          0          0          0          0         68   llushr.o
       188         20          0          0          0        160   malloc.o
        26          0          0          0          0         80   memcmp.o
        36          0          0          0          0         68   memcpya.o
        36          0          0          0          0        108   memseta.o
         0          0          0          8          0          0   mvars.o
      2308         96          0          0          0        604   printfa.o
         0          0          0          4          0          0   stdout.o
        18          0          0          0          0         68   strcpy.o
        14          0          0          0          0         68   strlen.o
        36          0          0          0          0         80   strstr.o
       112          0          0          0          0         88   strtol.o
        44          0          0          0          0         80   uidiv.o
        98          0          0          0          0         92   uldiv.o
        48          0          0          0          0         68   cdrcmple.o
       334          0          0          0          0        148   dadd.o
       222          0          0          0          0        100   ddiv.o
       186          0          0          0          0        176   depilogue.o
        48          0          0          0          0         68   dfixul.o
       228          0          0          0          0         96   dmul.o
        38          0          0          0          0         68   f2d.o
       176          0          0          0          0        140   fadd.o
       124          0          0          0          0         88   fdiv.o
       110          0          0          0          0        168   fepilogue.o
        40          0          0          0          0         68   ffixui.o
        18          0          0          0          0         68   fflti.o
        10          0          0          0          0         68   ffltui.o
       100          0          0          0          0         76   fmul.o

    ----------------------------------------------------------------------
      7338        364        134         36          0     274362   Library Totals
         8          0          1          0          0          0   (incl. Padding)

    ----------------------------------------------------------------------

      Code (inc. data)   RO Data    RW Data    ZI Data      Debug   Library Name

      2208        224          0         20          0     270738   f103c8t6.lib
      3440        140        133         16          0       2224   mc_w.l
      1682          0          0          0          0       1400   mf_w.l

    ----------------------------------------------------------------------
      7338        364        134         36          0     274362   Library Totals

    ----------------------------------------------------------------------

==============================================================================


      Code (inc. data)   RO Data    RW Data    ZI Data      Debug   

     25908       3104       1556        320      14000     899519   Grand Totals
     25908       3104       1556        112      14000     899519   ELF Image Totals (compressed)
     25908       3104       1556        112          0          0   ROM Totals

==============================================================================

    Total RO  Size (Code + RO Data)                27464 (  26.82kB)
    Total RW  Size (RW Data + ZI Data)             14320 (  13.98kB)
    Total ROM Size (Code + RO Data + RW Data)      27576 (  26.93kB)

==============================================================================

